-- Logs begin at Mon 2020-01-13 21:48:09 UTC, end at Mon 2020-01-13 21:50:45 UTC. --
Jan 13 21:48:09 localhost kernel: Booting Linux on physical CPU 0x0000000000 [0x431f0a11]
Jan 13 21:48:09 localhost kernel: Linux version 4.18.0-147.el8.aarch64 (mockbuild@aarch64-01.mbox.centos.org) (gcc version 8.3.1 20190507 (Red Hat 8.3.1-4) (GCC)) #1 SMP Wed Dec 4 21:57:21 UTC 2019
Jan 13 21:48:09 localhost kernel: efi: Getting EFI parameters from FDT:
Jan 13 21:48:09 localhost kernel: efi: EFI v2.70 by EDK II
Jan 13 21:48:09 localhost kernel: efi:  SMBIOS 3.0=0x13f5c0000  ACPI 2.0=0x13c020000  MEMATTR=0x13cd2f018  MEMRESERVE=0x13c1e3018 
Jan 13 21:48:09 localhost kernel: ACPI: Early table checksum verification disabled
Jan 13 21:48:09 localhost kernel: ACPI: RSDP 0x000000013C020000 000024 (v02 BOCHS )
Jan 13 21:48:09 localhost kernel: ACPI: XSDT 0x000000013BD30000 000054 (v01 BOCHS  BXPCFACP 00000001      01000013)
Jan 13 21:48:09 localhost kernel: ACPI: FACP 0x000000013BC10000 00010C (v05 BOCHS  BXPCFACP 00000001 BXPC 00000001)
Jan 13 21:48:09 localhost kernel: ACPI: DSDT 0x000000013BC20000 0011F7 (v02 BOCHS  BXPCDSDT 00000001 BXPC 00000001)
Jan 13 21:48:09 localhost kernel: ACPI: APIC 0x000000013BC00000 000198 (v03 BOCHS  BXPCAPIC 00000001 BXPC 00000001)
Jan 13 21:48:09 localhost kernel: ACPI: GTDT 0x000000013BBF0000 000060 (v02 BOCHS  BXPCGTDT 00000001 BXPC 00000001)
Jan 13 21:48:09 localhost kernel: ACPI: MCFG 0x000000013BBE0000 00003C (v01 BOCHS  BXPCMCFG 00000001 BXPC 00000001)
Jan 13 21:48:09 localhost kernel: ACPI: SPCR 0x000000013BBD0000 000050 (v02 BOCHS  BXPCSPCR 00000001 BXPC 00000001)
Jan 13 21:48:09 localhost kernel: ACPI: IORT 0x000000013BBC0000 00007C (v00 BOCHS  BXPCIORT 00000001 BXPC 00000001)
Jan 13 21:48:09 localhost kernel: ACPI: SPCR: console: pl011,mmio,0x9000000,9600
Jan 13 21:48:09 localhost kernel: ACPI: NUMA: Failed to initialise from firmware
Jan 13 21:48:09 localhost kernel: NUMA: Faking a node at [mem 0x0000000000000000-0x000000013fffffff]
Jan 13 21:48:09 localhost kernel: NUMA: NODE_DATA [mem 0x13ff4e600-0x13ff4ffff]
Jan 13 21:48:09 localhost kernel: Zone ranges:
Jan 13 21:48:09 localhost kernel:   DMA32    [mem 0x0000000040000000-0x00000000ffffffff]
Jan 13 21:48:09 localhost kernel:   Normal   [mem 0x0000000100000000-0x000000013fffffff]
Jan 13 21:48:09 localhost kernel: Movable zone start for each node
Jan 13 21:48:09 localhost kernel: Early memory node ranges
Jan 13 21:48:09 localhost kernel:   node   0: [mem 0x0000000040000000-0x000000013bd6ffff]
Jan 13 21:48:09 localhost kernel:   node   0: [mem 0x000000013bd70000-0x000000013bffffff]
Jan 13 21:48:09 localhost kernel:   node   0: [mem 0x000000013c000000-0x000000013c02ffff]
Jan 13 21:48:09 localhost kernel:   node   0: [mem 0x000000013c030000-0x000000013c1dffff]
Jan 13 21:48:09 localhost kernel:   node   0: [mem 0x000000013c1e0000-0x000000013f4bffff]
Jan 13 21:48:09 localhost kernel:   node   0: [mem 0x000000013f4c0000-0x000000013f54ffff]
Jan 13 21:48:09 localhost kernel:   node   0: [mem 0x000000013f550000-0x000000013f55ffff]
Jan 13 21:48:09 localhost kernel:   node   0: [mem 0x000000013f560000-0x000000013f67ffff]
Jan 13 21:48:09 localhost kernel:   node   0: [mem 0x000000013f680000-0x000000013fffffff]
Jan 13 21:48:09 localhost kernel: Zeroed struct page in unavailable ranges: 95 pages
Jan 13 21:48:09 localhost kernel: Initmem setup node 0 [mem 0x0000000040000000-0x000000013fffffff]
Jan 13 21:48:09 localhost kernel: On node 0 totalpages: 65536
Jan 13 21:48:09 localhost kernel:   DMA32 zone: 48 pages used for memmap
Jan 13 21:48:09 localhost kernel:   DMA32 zone: 0 pages reserved
Jan 13 21:48:09 localhost kernel:   DMA32 zone: 49152 pages, LIFO batch:1
Jan 13 21:48:09 localhost kernel:   Normal zone: 16 pages used for memmap
Jan 13 21:48:09 localhost kernel:   Normal zone: 16384 pages, LIFO batch:1
Jan 13 21:48:09 localhost kernel: psci: probing for conduit method from ACPI.
Jan 13 21:48:09 localhost kernel: psci: PSCIv1.0 detected in firmware.
Jan 13 21:48:09 localhost kernel: psci: Using standard PSCI v0.2 function IDs
Jan 13 21:48:09 localhost kernel: psci: Trusted OS migration not required
Jan 13 21:48:09 localhost kernel: psci: SMC Calling Convention v1.1
Jan 13 21:48:09 localhost kernel: percpu: Embedded 3 pages/cpu s127832 r8192 d60584 u196608
Jan 13 21:48:09 localhost kernel: pcpu-alloc: s127832 r8192 d60584 u196608 alloc=3*65536
Jan 13 21:48:09 localhost kernel: pcpu-alloc: [0] 0 [0] 1 [0] 2 [0] 3 
Jan 13 21:48:09 localhost kernel: Detected VIPT I-cache on CPU0
Jan 13 21:48:09 localhost kernel: CPU features: enabling workaround for Cavium erratum 27456
Jan 13 21:48:09 localhost kernel: CPU features: enabling workaround for Cavium erratum 30115
Jan 13 21:48:09 localhost kernel: ARM_SMCCC_ARCH_WORKAROUND_1 missing from firmware
Jan 13 21:48:09 localhost kernel: CPU features: detected: Software prefetching using PRFM
Jan 13 21:48:09 localhost kernel: CPU features: kernel page table isolation forced OFF by ARM64_WORKAROUND_CAVIUM_27456
Jan 13 21:48:09 localhost kernel: Built 1 zonelists, mobility grouping on.  Total pages: 65472
Jan 13 21:48:09 localhost kernel: Policy zone: Normal
Jan 13 21:48:09 localhost kernel: Kernel command line: method=http://qa.centos.org/centos/8/BaseOS/aarch64/os/ ks=file:/ks.cfg initrd=initrd
Jan 13 21:48:09 localhost kernel: Specific versions of hardware are certified with Red Hat Enterprise Linux 8. Please see the list of hardware certified with Red Hat Enterprise Linux 8 at https://access.redhat.com/ecosystem.
Jan 13 21:48:09 localhost kernel: software IO TLB: mapped [mem 0xfbff0000-0xffff0000] (64MB)
Jan 13 21:48:09 localhost kernel: Memory: 4026688K/4194304K available (9276K kernel code, 1930K rwdata, 5888K rodata, 4480K init, 9234K bss, 167616K reserved, 0K cma-reserved)
Jan 13 21:48:09 localhost kernel: random: get_random_u64 called from cache_random_seq_create+0x88/0x158 with crng_init=0
Jan 13 21:48:09 localhost kernel: SLUB: HWalign=128, Order=0-3, MinObjects=0, CPUs=4, Nodes=1
Jan 13 21:48:09 localhost kernel: ftrace: allocating 33130 entries in 9 pages
Jan 13 21:48:09 localhost kernel: rcu: Hierarchical RCU implementation.
Jan 13 21:48:09 localhost kernel: rcu:         RCU restricting CPUs from NR_CPUS=4096 to nr_cpu_ids=4.
Jan 13 21:48:09 localhost kernel: rcu: RCU calculated value of scheduler-enlistment delay is 10 jiffies.
Jan 13 21:48:09 localhost kernel: rcu: Adjusting geometry for rcu_fanout_leaf=16, nr_cpu_ids=4
Jan 13 21:48:09 localhost kernel: NR_IRQS: 64, nr_irqs: 64, preallocated irqs: 0
Jan 13 21:48:09 localhost kernel: GICv3: Distributor has no Range Selector support
Jan 13 21:48:09 localhost kernel: GICv3: no VLPI support, no direct LPI support
Jan 13 21:48:09 localhost kernel: GICv3: CPU0: found redistributor 0 region 0:0x00000000080a0000
Jan 13 21:48:09 localhost kernel: ACPI: SRAT not present
Jan 13 21:48:09 localhost kernel: ITS [mem 0x08080000-0x0809ffff]
Jan 13 21:48:09 localhost kernel: ITS@0x0000000008080000: allocated 8192 Devices @100290000 (indirect, esz 8, psz 64K, shr 1)
Jan 13 21:48:09 localhost kernel: ITS@0x0000000008080000: allocated 8192 Interrupt Collections @1002a0000 (flat, esz 8, psz 64K, shr 1)
Jan 13 21:48:09 localhost kernel: GICv3: using LPI property table @0x00000001002b0000
Jan 13 21:48:09 localhost kernel: GICv3: CPU0: using allocated LPI pending table @0x00000001002d0000
Jan 13 21:48:09 localhost kernel: rcu:         Offload RCU callbacks from CPUs: (none).
Jan 13 21:48:09 localhost kernel: arch_timer: cp15 timer(s) running at 100.00MHz (virt).
Jan 13 21:48:09 localhost kernel: clocksource: arch_sys_counter: mask: 0xffffffffffffff max_cycles: 0x171024e7e0, max_idle_ns: 440795205315 ns
Jan 13 21:48:09 localhost kernel: sched_clock: 56 bits at 100MHz, resolution 10ns, wraps every 4398046511100ns
Jan 13 21:48:09 localhost kernel: Console: colour dummy device 80x25
Jan 13 21:48:09 localhost kernel: ACPI: Core revision 20180531
Jan 13 21:48:09 localhost kernel: Calibrating delay loop (skipped), value calculated using timer frequency.. 200.00 BogoMIPS (lpj=1000000)
Jan 13 21:48:09 localhost kernel: pid_max: default: 32768 minimum: 301
Jan 13 21:48:09 localhost kernel: Security Framework initialized
Jan 13 21:48:09 localhost kernel: Yama: becoming mindful.
Jan 13 21:48:09 localhost kernel: SELinux:  Initializing.
Jan 13 21:48:09 localhost kernel: Dentry cache hash table entries: 524288 (order: 6, 4194304 bytes)
Jan 13 21:48:09 localhost kernel: Inode-cache hash table entries: 262144 (order: 5, 2097152 bytes)
Jan 13 21:48:09 localhost kernel: Mount-cache hash table entries: 8192 (order: 0, 65536 bytes)
Jan 13 21:48:09 localhost kernel: Mountpoint-cache hash table entries: 8192 (order: 0, 65536 bytes)
Jan 13 21:48:09 localhost kernel: ACPI PPTT: No PPTT table found, cpu topology may be inaccurate
Jan 13 21:48:09 localhost kernel: ASID allocator initialised with 32768 entries
Jan 13 21:48:09 localhost kernel: rcu: Hierarchical SRCU implementation.
Jan 13 21:48:09 localhost kernel: Platform MSI: ITS@0x8080000 domain created
Jan 13 21:48:09 localhost kernel: PCI/MSI: ITS@0x8080000 domain created
Jan 13 21:48:09 localhost kernel: Remapping and enabling EFI services.
Jan 13 21:48:09 localhost kernel: smp: Bringing up secondary CPUs ...
Jan 13 21:48:09 localhost kernel: Detected VIPT I-cache on CPU1
Jan 13 21:48:09 localhost kernel: GICv3: CPU1: found redistributor 1 region 0:0x00000000080c0000
Jan 13 21:48:09 localhost kernel: GICv3: CPU1: using allocated LPI pending table @0x00000001002e0000
Jan 13 21:48:09 localhost kernel: CPU1: Booted secondary processor 0x0000000001 [0x431f0a11]
Jan 13 21:48:09 localhost kernel: Detected VIPT I-cache on CPU2
Jan 13 21:48:09 localhost kernel: GICv3: CPU2: found redistributor 2 region 0:0x00000000080e0000
Jan 13 21:48:09 localhost kernel: GICv3: CPU2: using allocated LPI pending table @0x00000001002f0000
Jan 13 21:48:09 localhost kernel: CPU2: Booted secondary processor 0x0000000002 [0x431f0a11]
Jan 13 21:48:09 localhost kernel: Detected VIPT I-cache on CPU3
Jan 13 21:48:09 localhost kernel: GICv3: CPU3: found redistributor 3 region 0:0x0000000008100000
Jan 13 21:48:09 localhost kernel: GICv3: CPU3: using allocated LPI pending table @0x0000000100300000
Jan 13 21:48:09 localhost kernel: CPU3: Booted secondary processor 0x0000000003 [0x431f0a11]
Jan 13 21:48:09 localhost kernel: smp: Brought up 1 node, 4 CPUs
Jan 13 21:48:09 localhost kernel: SMP: Total of 4 processors activated.
Jan 13 21:48:09 localhost kernel: CPU features: detected: GIC system register CPU interface
Jan 13 21:48:09 localhost kernel: CPU features: detected: Data cache clean to the PoU not required for I/D coherence
Jan 13 21:48:09 localhost kernel: CPU: All CPU(s) started at EL1
Jan 13 21:48:09 localhost kernel: alternatives: patching kernel code
Jan 13 21:48:09 localhost kernel: devtmpfs: initialized
Jan 13 21:48:09 localhost kernel: clocksource: jiffies: mask: 0xffffffff max_cycles: 0xffffffff, max_idle_ns: 19112604462750000 ns
Jan 13 21:48:09 localhost kernel: futex hash table entries: 1024 (order: 0, 65536 bytes)
Jan 13 21:48:09 localhost kernel: pinctrl core: initialized pinctrl subsystem
Jan 13 21:48:09 localhost kernel: SMBIOS 3.0.0 present.
Jan 13 21:48:09 localhost kernel: DMI: QEMU KVM Virtual Machine, BIOS 0.0.0 02/06/2015
Jan 13 21:48:09 localhost kernel: NET: Registered protocol family 16
Jan 13 21:48:09 localhost kernel: audit: initializing netlink subsys (disabled)
Jan 13 21:48:09 localhost kernel: audit: type=2000 audit(0.050:1): state=initialized audit_enabled=0 res=1
Jan 13 21:48:09 localhost kernel: cpuidle: using governor menu
Jan 13 21:48:09 localhost kernel: vdso: 2 pages (1 code @ (____ptrval____), 1 data @ (____ptrval____))
Jan 13 21:48:09 localhost kernel: hw-breakpoint: found 6 breakpoint and 4 watchpoint registers.
Jan 13 21:48:09 localhost kernel: DMA: preallocated 256 KiB pool for atomic allocations
Jan 13 21:48:09 localhost kernel: ACPI: bus type PCI registered
Jan 13 21:48:09 localhost kernel: acpiphp: ACPI Hot Plug PCI Controller Driver version: 0.5
Jan 13 21:48:09 localhost kernel: Serial: AMBA PL011 UART driver
Jan 13 21:48:09 localhost kernel: HugeTLB registered 2.00 MiB page size, pre-allocated 0 pages
Jan 13 21:48:09 localhost kernel: HugeTLB registered 512 MiB page size, pre-allocated 0 pages
Jan 13 21:48:09 localhost kernel: cryptd: max_cpu_qlen set to 1000
Jan 13 21:48:09 localhost kernel: ACPI: Added _OSI(Module Device)
Jan 13 21:48:09 localhost kernel: ACPI: Added _OSI(Processor Device)
Jan 13 21:48:09 localhost kernel: ACPI: Added _OSI(3.0 _SCP Extensions)
Jan 13 21:48:09 localhost kernel: ACPI: Added _OSI(Processor Aggregator Device)
Jan 13 21:48:09 localhost kernel: ACPI: Added _OSI(Linux-Dell-Video)
Jan 13 21:48:09 localhost kernel: ACPI: 1 ACPI AML tables successfully acquired and loaded
Jan 13 21:48:09 localhost kernel: ACPI: Interpreter enabled
Jan 13 21:48:09 localhost kernel: ACPI: Using GIC for interrupt routing
Jan 13 21:48:09 localhost kernel: ACPI: MCFG table detected, 1 entries
Jan 13 21:48:09 localhost kernel: ARMH0011:00: ttyAMA0 at MMIO 0x9000000 (irq = 4, base_baud = 0) is a SBSA
Jan 13 21:48:09 localhost kernel: console [ttyAMA0] enabled
Jan 13 21:48:09 localhost kernel: ACPI: PCI Root Bridge [PCI0] (domain 0000 [bus 00-0f])
Jan 13 21:48:09 localhost kernel: acpi PNP0A08:00: _OSC: OS supports [ExtendedConfig ASPM ClockPM Segments MSI]
Jan 13 21:48:09 localhost kernel: acpi PNP0A08:00: _OSC: platform does not support [LTR]
Jan 13 21:48:09 localhost kernel: acpi PNP0A08:00: _OSC: OS now controls [PCIeHotplug PME AER PCIeCapability]
Jan 13 21:48:09 localhost kernel: acpi PNP0A08:00: ECAM area [mem 0x3f000000-0x3fffffff] reserved by PNP0C02:00
Jan 13 21:48:09 localhost kernel: acpi PNP0A08:00: ECAM at [mem 0x3f000000-0x3fffffff] for [bus 00-0f]
Jan 13 21:48:09 localhost kernel: Remapped I/O 0x000000003eff0000 to [io  0x0000-0xffff window]
Jan 13 21:48:09 localhost kernel: PCI host bridge to bus 0000:00
Jan 13 21:48:09 localhost kernel: pci_bus 0000:00: root bus resource [mem 0x10000000-0x3efeffff window]
Jan 13 21:48:09 localhost kernel: pci_bus 0000:00: root bus resource [io  0x0000-0xffff window]
Jan 13 21:48:09 localhost kernel: pci_bus 0000:00: root bus resource [mem 0x8000000000-0xffffffffff window]
Jan 13 21:48:09 localhost kernel: pci_bus 0000:00: root bus resource [bus 00-0f]
Jan 13 21:48:09 localhost kernel: pci 0000:00:00.0: [1b36:0008] type 00 class 0x060000
Jan 13 21:48:09 localhost kernel: pci 0000:00:01.0: [1b36:000c] type 01 class 0x060400
Jan 13 21:48:09 localhost kernel: pci 0000:00:01.0: reg 0x10: [mem 0x10303000-0x10303fff]
Jan 13 21:48:09 localhost kernel: pci 0000:00:01.1: [1b36:000c] type 01 class 0x060400
Jan 13 21:48:09 localhost kernel: pci 0000:00:01.1: reg 0x10: [mem 0x10302000-0x10302fff]
Jan 13 21:48:09 localhost kernel: pci 0000:00:01.2: [1b36:000c] type 01 class 0x060400
Jan 13 21:48:09 localhost kernel: pci 0000:00:01.2: reg 0x10: [mem 0x10301000-0x10301fff]
Jan 13 21:48:09 localhost kernel: pci 0000:00:01.3: [1b36:000c] type 01 class 0x060400
Jan 13 21:48:09 localhost kernel: pci 0000:00:01.3: reg 0x10: [mem 0x10300000-0x10300fff]
Jan 13 21:48:09 localhost kernel: pci 0000:01:00.0: [1af4:1041] type 00 class 0x020000
Jan 13 21:48:09 localhost kernel: pci 0000:01:00.0: reg 0x14: [mem 0x10200000-0x10200fff]
Jan 13 21:48:09 localhost kernel: pci 0000:01:00.0: reg 0x20: [mem 0x8000000000-0x8000003fff 64bit pref]
Jan 13 21:48:09 localhost kernel: pci 0000:02:00.0: [1af4:1043] type 00 class 0x078000
Jan 13 21:48:09 localhost kernel: pci 0000:02:00.0: reg 0x14: [mem 0x10100000-0x10100fff]
Jan 13 21:48:09 localhost kernel: pci 0000:02:00.0: reg 0x20: [mem 0x8000100000-0x8000103fff 64bit pref]
Jan 13 21:48:09 localhost kernel: pci 0000:03:00.0: [1af4:1042] type 00 class 0x010000
Jan 13 21:48:09 localhost kernel: pci 0000:03:00.0: reg 0x14: [mem 0x10000000-0x10000fff]
Jan 13 21:48:09 localhost kernel: pci 0000:03:00.0: reg 0x20: [mem 0x8000200000-0x8000203fff 64bit pref]
Jan 13 21:48:09 localhost kernel: pci 0000:00:01.0: BAR 14: assigned [mem 0x10000000-0x101fffff]
Jan 13 21:48:09 localhost kernel: pci 0000:00:01.0: BAR 15: assigned [mem 0x8000000000-0x80001fffff 64bit pref]
Jan 13 21:48:09 localhost kernel: pci 0000:00:01.1: BAR 14: assigned [mem 0x10200000-0x103fffff]
Jan 13 21:48:09 localhost kernel: pci 0000:00:01.1: BAR 15: assigned [mem 0x8000200000-0x80003fffff 64bit pref]
Jan 13 21:48:09 localhost kernel: pci 0000:00:01.2: BAR 14: assigned [mem 0x10400000-0x105fffff]
Jan 13 21:48:09 localhost kernel: pci 0000:00:01.2: BAR 15: assigned [mem 0x8000400000-0x80005fffff 64bit pref]
Jan 13 21:48:09 localhost kernel: pci 0000:00:01.3: BAR 14: assigned [mem 0x10600000-0x107fffff]
Jan 13 21:48:09 localhost kernel: pci 0000:00:01.3: BAR 15: assigned [mem 0x8000600000-0x80007fffff 64bit pref]
Jan 13 21:48:09 localhost kernel: pci 0000:00:01.0: BAR 0: assigned [mem 0x10800000-0x10800fff]
Jan 13 21:48:09 localhost kernel: pci 0000:00:01.0: BAR 13: assigned [io  0x1000-0x1fff]
Jan 13 21:48:09 localhost kernel: pci 0000:00:01.1: BAR 0: assigned [mem 0x10801000-0x10801fff]
Jan 13 21:48:09 localhost kernel: pci 0000:00:01.1: BAR 13: assigned [io  0x2000-0x2fff]
Jan 13 21:48:09 localhost kernel: pci 0000:00:01.2: BAR 0: assigned [mem 0x10802000-0x10802fff]
Jan 13 21:48:09 localhost kernel: pci 0000:00:01.2: BAR 13: assigned [io  0x3000-0x3fff]
Jan 13 21:48:09 localhost kernel: pci 0000:00:01.3: BAR 0: assigned [mem 0x10803000-0x10803fff]
Jan 13 21:48:09 localhost kernel: pci 0000:00:01.3: BAR 13: assigned [io  0x4000-0x4fff]
Jan 13 21:48:09 localhost kernel: pci 0000:01:00.0: BAR 4: assigned [mem 0x8000000000-0x8000003fff 64bit pref]
Jan 13 21:48:09 localhost kernel: pci 0000:01:00.0: BAR 1: assigned [mem 0x10000000-0x10000fff]
Jan 13 21:48:09 localhost kernel: pci 0000:00:01.0: PCI bridge to [bus 01]
Jan 13 21:48:09 localhost kernel: pci 0000:00:01.0:   bridge window [io  0x1000-0x1fff]
Jan 13 21:48:09 localhost kernel: pci 0000:00:01.0:   bridge window [mem 0x10000000-0x101fffff]
Jan 13 21:48:09 localhost kernel: pci 0000:00:01.0:   bridge window [mem 0x8000000000-0x80001fffff 64bit pref]
Jan 13 21:48:09 localhost kernel: pci 0000:02:00.0: BAR 4: assigned [mem 0x8000200000-0x8000203fff 64bit pref]
Jan 13 21:48:09 localhost kernel: pci 0000:02:00.0: BAR 1: assigned [mem 0x10200000-0x10200fff]
Jan 13 21:48:09 localhost kernel: pci 0000:00:01.1: PCI bridge to [bus 02]
Jan 13 21:48:09 localhost kernel: pci 0000:00:01.1:   bridge window [io  0x2000-0x2fff]
Jan 13 21:48:09 localhost kernel: pci 0000:00:01.1:   bridge window [mem 0x10200000-0x103fffff]
Jan 13 21:48:09 localhost kernel: pci 0000:00:01.1:   bridge window [mem 0x8000200000-0x80003fffff 64bit pref]
Jan 13 21:48:09 localhost kernel: pci 0000:03:00.0: BAR 4: assigned [mem 0x8000400000-0x8000403fff 64bit pref]
Jan 13 21:48:09 localhost kernel: pci 0000:03:00.0: BAR 1: assigned [mem 0x10400000-0x10400fff]
Jan 13 21:48:09 localhost kernel: pci 0000:00:01.2: PCI bridge to [bus 03]
Jan 13 21:48:09 localhost kernel: pci 0000:00:01.2:   bridge window [io  0x3000-0x3fff]
Jan 13 21:48:09 localhost kernel: pci 0000:00:01.2:   bridge window [mem 0x10400000-0x105fffff]
Jan 13 21:48:09 localhost kernel: pci 0000:00:01.2:   bridge window [mem 0x8000400000-0x80005fffff 64bit pref]
Jan 13 21:48:09 localhost kernel: pci 0000:00:01.3: PCI bridge to [bus 04]
Jan 13 21:48:09 localhost kernel: pci 0000:00:01.3:   bridge window [io  0x4000-0x4fff]
Jan 13 21:48:09 localhost kernel: pci 0000:00:01.3:   bridge window [mem 0x10600000-0x107fffff]
Jan 13 21:48:09 localhost kernel: pci 0000:00:01.3:   bridge window [mem 0x8000600000-0x80007fffff 64bit pref]
Jan 13 21:48:09 localhost kernel: ACPI: PCI Interrupt Link [GSI0] (IRQs *35)
Jan 13 21:48:09 localhost kernel: ACPI: PCI Interrupt Link [GSI1] (IRQs *36)
Jan 13 21:48:09 localhost kernel: ACPI: PCI Interrupt Link [GSI2] (IRQs *37)
Jan 13 21:48:09 localhost kernel: ACPI: PCI Interrupt Link [GSI3] (IRQs *38)
Jan 13 21:48:09 localhost kernel: vgaarb: loaded
Jan 13 21:48:09 localhost kernel: SCSI subsystem initialized
Jan 13 21:48:09 localhost kernel: libata version 3.00 loaded.
Jan 13 21:48:09 localhost kernel: ACPI: bus type USB registered
Jan 13 21:48:09 localhost kernel: usbcore: registered new interface driver usbfs
Jan 13 21:48:09 localhost kernel: usbcore: registered new interface driver hub
Jan 13 21:48:09 localhost kernel: usbcore: registered new device driver usb
Jan 13 21:48:09 localhost kernel: pps_core: LinuxPPS API ver. 1 registered
Jan 13 21:48:09 localhost kernel: pps_core: Software ver. 5.3.6 - Copyright 2005-2007 Rodolfo Giometti <giometti@linux.it>
Jan 13 21:48:09 localhost kernel: PTP clock support registered
Jan 13 21:48:09 localhost kernel: EDAC MC: Ver: 3.0.0
Jan 13 21:48:09 localhost kernel: Registered efivars operations
Jan 13 21:48:09 localhost kernel: NetLabel: Initializing
Jan 13 21:48:09 localhost kernel: NetLabel:  domain hash size = 128
Jan 13 21:48:09 localhost kernel: NetLabel:  protocols = UNLABELED CIPSOv4 CALIPSO
Jan 13 21:48:09 localhost kernel: NetLabel:  unlabeled traffic allowed by default
Jan 13 21:48:09 localhost kernel: clocksource: Switched to clocksource arch_sys_counter
Jan 13 21:48:09 localhost kernel: VFS: Disk quotas dquot_6.6.0
Jan 13 21:48:09 localhost kernel: VFS: Dquot-cache hash table entries: 8192 (order 0, 65536 bytes)
Jan 13 21:48:09 localhost kernel: pnp: PnP ACPI init
Jan 13 21:48:09 localhost kernel: system 00:00: [mem 0x3f000000-0x3fffffff] could not be reserved
Jan 13 21:48:09 localhost kernel: system 00:00: Plug and Play ACPI device, IDs PNP0c02 (active)
Jan 13 21:48:09 localhost kernel: pnp: PnP ACPI: found 1 devices
Jan 13 21:48:09 localhost kernel: NET: Registered protocol family 2
Jan 13 21:48:09 localhost kernel: tcp_listen_portaddr_hash hash table entries: 4096 (order: 0, 65536 bytes)
Jan 13 21:48:09 localhost kernel: TCP established hash table entries: 32768 (order: 2, 262144 bytes)
Jan 13 21:48:09 localhost kernel: TCP bind hash table entries: 32768 (order: 3, 524288 bytes)
Jan 13 21:48:09 localhost kernel: TCP: Hash tables configured (established 32768 bind 32768)
Jan 13 21:48:09 localhost kernel: UDP hash table entries: 2048 (order: 0, 65536 bytes)
Jan 13 21:48:09 localhost kernel: UDP-Lite hash table entries: 2048 (order: 0, 65536 bytes)
Jan 13 21:48:09 localhost kernel: NET: Registered protocol family 1
Jan 13 21:48:09 localhost kernel: NET: Registered protocol family 44
Jan 13 21:48:09 localhost kernel: PCI: CLS 0 bytes, default 64
Jan 13 21:48:09 localhost kernel: Unpacking initramfs...
Jan 13 21:48:09 localhost kernel: Freeing initrd memory: 55744K
Jan 13 21:48:09 localhost kernel: hw perfevents: enabled with armv8_pmuv3_0 PMU driver, 7 counters available
Jan 13 21:48:09 localhost kernel: kvm [1]: HYP mode not available
Jan 13 21:48:09 localhost kernel: Initialise system trusted keyrings
Jan 13 21:48:09 localhost kernel: workingset: timestamp_bits=43 max_order=16 bucket_order=0
Jan 13 21:48:09 localhost kernel: zbud: loaded
Jan 13 21:48:09 localhost kernel: pstore: using deflate compression
Jan 13 21:48:09 localhost kernel: NET: Registered protocol family 38
Jan 13 21:48:09 localhost kernel: Key type asymmetric registered
Jan 13 21:48:09 localhost kernel: Asymmetric key parser 'x509' registered
Jan 13 21:48:09 localhost kernel: Block layer SCSI generic (bsg) driver version 0.4 loaded (major 246)
Jan 13 21:48:09 localhost kernel: io scheduler mq-deadline registered
Jan 13 21:48:09 localhost kernel: io scheduler kyber registered
Jan 13 21:48:09 localhost kernel: io scheduler bfq registered
Jan 13 21:48:09 localhost kernel: atomic64_test: passed
Jan 13 21:48:09 localhost kernel: pl061_gpio ARMH0061:00: PL061 GPIO chip @0x0000000009030000 registered
Jan 13 21:48:09 localhost kernel: PCI Interrupt Link [GSI1] enabled at IRQ 36
Jan 13 21:48:09 localhost kernel: pcieport 0000:00:01.0: Signaling PME with IRQ 44
Jan 13 21:48:09 localhost kernel: aer 0000:00:01.0:pcie002: AER enabled with IRQ 44
Jan 13 21:48:09 localhost kernel: pciehp 0000:00:01.0:pcie004: Slot #0 AttnBtn+ PwrCtrl+ MRL- AttnInd+ PwrInd+ HotPlug+ Surprise+ Interlock+ NoCompl- LLActRep-
Jan 13 21:48:09 localhost kernel: pcieport 0000:00:01.1: Signaling PME with IRQ 45
Jan 13 21:48:09 localhost kernel: aer 0000:00:01.1:pcie002: AER enabled with IRQ 45
Jan 13 21:48:09 localhost kernel: pciehp 0000:00:01.1:pcie004: Slot #0 AttnBtn+ PwrCtrl+ MRL- AttnInd+ PwrInd+ HotPlug+ Surprise+ Interlock+ NoCompl- LLActRep-
Jan 13 21:48:09 localhost kernel: pcieport 0000:00:01.2: Signaling PME with IRQ 46
Jan 13 21:48:09 localhost kernel: aer 0000:00:01.2:pcie002: AER enabled with IRQ 46
Jan 13 21:48:09 localhost kernel: pciehp 0000:00:01.2:pcie004: Slot #0 AttnBtn+ PwrCtrl+ MRL- AttnInd+ PwrInd+ HotPlug+ Surprise+ Interlock+ NoCompl- LLActRep-
Jan 13 21:48:09 localhost kernel: pcieport 0000:00:01.3: Signaling PME with IRQ 47
Jan 13 21:48:09 localhost kernel: aer 0000:00:01.3:pcie002: AER enabled with IRQ 47
Jan 13 21:48:09 localhost kernel: pciehp 0000:00:01.3:pcie004: Slot #0 AttnBtn+ PwrCtrl+ MRL- AttnInd+ PwrInd+ HotPlug+ Surprise+ Interlock+ NoCompl- LLActRep-
Jan 13 21:48:09 localhost kernel: pciehp 0000:00:01.3:pcie004: Slot(0-3): Link Up
Jan 13 21:48:09 localhost kernel: input: Power Button as /devices/LNXSYSTM:00/LNXSYBUS:00/PNP0C0C:00/input/input0
Jan 13 21:48:09 localhost kernel: ACPI: Power Button [PWRB]
Jan 13 21:48:09 localhost kernel: virtio-pci 0000:01:00.0: enabling device (0000 -> 0002)
Jan 13 21:48:09 localhost kernel: virtio-pci 0000:02:00.0: enabling device (0000 -> 0002)
Jan 13 21:48:09 localhost kernel: virtio-pci 0000:03:00.0: enabling device (0000 -> 0002)
Jan 13 21:48:09 localhost kernel: Serial: 8250/16550 driver, 4 ports, IRQ sharing enabled
Jan 13 21:48:09 localhost kernel: ACPI PPTT: No PPTT table found, cache topology may be inaccurate
Jan 13 21:48:09 localhost kernel: ACPI PPTT: No PPTT table found, cache topology may be inaccurate
Jan 13 21:48:09 localhost kernel: cacheinfo: Unable to detect cache hierarchy for CPU 0
Jan 13 21:48:09 localhost kernel: rdac: device handler registered
Jan 13 21:48:09 localhost kernel: hp_sw: device handler registered
Jan 13 21:48:09 localhost kernel: emc: device handler registered
Jan 13 21:48:09 localhost kernel: alua: device handler registered
Jan 13 21:48:09 localhost kernel: libphy: Fixed MDIO Bus: probed
Jan 13 21:48:09 localhost kernel: ehci_hcd: USB 2.0 'Enhanced' Host Controller (EHCI) Driver
Jan 13 21:48:09 localhost kernel: ehci-pci: EHCI PCI platform driver
Jan 13 21:48:09 localhost kernel: ohci_hcd: USB 1.1 'Open' Host Controller (OHCI) Driver
Jan 13 21:48:09 localhost kernel: ohci-pci: OHCI PCI platform driver
Jan 13 21:48:09 localhost kernel: uhci_hcd: USB Universal Host Controller Interface driver
Jan 13 21:48:09 localhost kernel: usbcore: registered new interface driver usbserial_generic
Jan 13 21:48:09 localhost kernel: usbserial: USB Serial support registered for generic
Jan 13 21:48:09 localhost kernel: mousedev: PS/2 mouse device common for all mice
Jan 13 21:48:09 localhost kernel: rtc-efi rtc-efi: rtc core: registered rtc-efi as rtc0
Jan 13 21:48:09 localhost kernel: EFI Variables Facility v0.08 2004-May-17
Jan 13 21:48:09 localhost kernel: hidraw: raw HID events driver (C) Jiri Kosina
Jan 13 21:48:09 localhost kernel: usbcore: registered new interface driver usbhid
Jan 13 21:48:09 localhost kernel: usbhid: USB HID core driver
Jan 13 21:48:09 localhost kernel: drop_monitor: Initializing network drop monitor service
Jan 13 21:48:09 localhost kernel: Initializing XFRM netlink socket
Jan 13 21:48:09 localhost kernel: NET: Registered protocol family 10
Jan 13 21:48:09 localhost kernel: Segment Routing with IPv6
Jan 13 21:48:09 localhost kernel: NET: Registered protocol family 17
Jan 13 21:48:09 localhost kernel: mpls_gso: MPLS GSO support
Jan 13 21:48:09 localhost kernel: registered taskstats version 1
Jan 13 21:48:09 localhost kernel: Loading compiled-in X.509 certificates
Jan 13 21:48:09 localhost kernel: Loaded X.509 cert 'CentOS Linux kernel signing key: 8a44b8a2c173835b502a9570667261ed7acc3bf9'
Jan 13 21:48:09 localhost kernel: Loaded X.509 cert 'CentOS Linux Driver update signing key: 29bd4c0d06d2e9911044b5dc973309139b51d6d5'
Jan 13 21:48:09 localhost kernel: Loaded X.509 cert 'CentOS Linux kpatch signing key: b49f086205909dc4da2cfa99376fb191d2f09e78'
Jan 13 21:48:09 localhost kernel: zswap: loaded using pool lzo/zbud
Jan 13 21:48:09 localhost kernel: Key type big_key registered
Jan 13 21:48:09 localhost kernel: rtc-efi rtc-efi: setting system clock to 2020-01-13 21:48:08 UTC (1578952088)
Jan 13 21:48:09 localhost kernel: Freeing unused kernel memory: 4480K
Jan 13 21:48:09 localhost systemd[1]: systemd 239 running in system mode. (+PAM +AUDIT +SELINUX +IMA -APPARMOR +SMACK +SYSVINIT +UTMP +LIBCRYPTSETUP +GCRYPT +GNUTLS +ACL +XZ +LZ4 +SECCOMP +BLKID +ELFUTILS +KMOD +IDN2 -IDN +PCRE2 default-hierarchy=legacy)
Jan 13 21:48:09 localhost systemd[1]: Detected virtualization kvm.
Jan 13 21:48:09 localhost systemd[1]: Detected architecture arm64.
Jan 13 21:48:09 localhost systemd[1]: Running in initial RAM disk.
Jan 13 21:48:09 localhost systemd[1]: No hostname configured.
Jan 13 21:48:09 localhost systemd[1]: Set hostname to <localhost>.
Jan 13 21:48:09 localhost systemd[1]: Initializing machine ID from KVM UUID.
Jan 13 21:48:09 localhost kernel: random: ln: uninitialized urandom read (6 bytes read)
Jan 13 21:48:09 localhost kernel: random: systemd: uninitialized urandom read (16 bytes read)
Jan 13 21:48:09 localhost systemd[1]: Listening on Open-iSCSI iscsiuio Socket.
Jan 13 21:48:09 localhost kernel: random: systemd: uninitialized urandom read (16 bytes read)
Jan 13 21:48:09 localhost systemd[1]: Listening on Journal Socket.
Jan 13 21:48:09 localhost systemd[1]: Starting iSCSI UserSpace I/O driver...
Jan 13 21:48:09 localhost kernel: Loading iSCSI transport class v2.0-870.
Jan 13 21:48:09 localhost systemd-journald[240]: Journal started
Jan 13 21:48:09 localhost systemd-journald[240]: Runtime journal (/run/log/journal/564839869d884d8e9c6cef16db94164a) is 8.0M, max 199.5M, 191.5M free.
Jan 13 21:48:09 localhost systemd-vconsole-setup[243]: KD_FONT_OP_GET failed while trying to get the font metadata: Function not implemented
Jan 13 21:48:09 localhost systemd-vconsole-setup[243]: Fonts will not be copied to remaining consoles
Jan 13 21:48:09 localhost rngd[233]: Initalizing available sources
Jan 13 21:48:09 localhost rngd[233]: Failed to init entropy source hwrng
Jan 13 21:48:09 localhost dracut-cmdline[248]: dracut-8 (Core) dracut-049-27.git20190906.el8
Jan 13 21:48:09 localhost dracut-cmdline[248]: Using kernel command line parameters: method=http://qa.centos.org/centos/8/BaseOS/aarch64/os/ ks=file:/ks.cfg initrd=initrd
Jan 13 21:48:10 localhost dracut-cmdline[248]: Loading CentOS Linux 8 aarch64 installer...
Jan 13 21:48:10 localhost dracut-cmdline[248]: Warning: 'method=' is deprecated. Using 'repo=http://qa.centos.org/centos/8/BaseOS/aarch64/os/' instead.
Jan 13 21:48:10 localhost dracut-cmdline[248]: anaconda: parsing kickstart /ks.cfg
Jan 13 21:48:11 localhost kernel: pciehp 0000:00:01.3:pcie004: Failed to check link status
Jan 13 21:48:13 localhost rngd[233]: Enabling JITTER rng support
Jan 13 21:48:13 localhost rngd[233]: Initalizing entropy source jitter
Jan 13 21:48:13 localhost kernel: random: crng init done
Jan 13 21:48:13 localhost kernel: random: 7 urandom warning(s) missed due to ratelimiting
Jan 13 21:48:14 localhost dracut-cmdline[248]: parse-kickstart WARNING: No device with link found for --device=link
Jan 13 21:48:14 localhost dracut-cmdline[248]: rd.luks=0: removing cryptoluks activation
Jan 13 21:48:14 localhost dracut-cmdline[248]: rd.lvm=0: removing LVM activation
Jan 13 21:48:14 localhost kernel: iscsi: registered transport (tcp)
Jan 13 21:48:15 localhost kernel: iscsi: registered transport (qla4xxx)
Jan 13 21:48:15 localhost kernel: QLogic iSCSI HBA Driver
Jan 13 21:48:15 localhost kernel: libcxgbi:libcxgbi_init_module: Chelsio iSCSI driver library libcxgbi v0.9.1-ko (Apr. 2015)
Jan 13 21:48:15 localhost kernel: Chelsio T4-T6 iSCSI Driver cxgb4i v0.9.5-ko (Apr. 2015)
Jan 13 21:48:15 localhost kernel: iscsi: registered transport (cxgb4i)
Jan 13 21:48:15 localhost kernel: iscsi: registered transport (be2iscsi)
Jan 13 21:48:15 localhost kernel: In beiscsi_module_init, tt=000000005e6f0e9d
Jan 13 21:48:15 localhost systemd[1]: Started dracut cmdline hook.
Jan 13 21:48:15 localhost systemd[1]: Starting dracut pre-udev hook...
Jan 13 21:48:15 localhost kernel: squashfs: version 4.0 (2009/01/31) Phillip Lougher
Jan 13 21:48:15 localhost dracut-pre-udev[500]: modprobe: FATAL: Module floppy not found in directory /lib/modules/4.18.0-147.el8.aarch64
Jan 13 21:48:15 localhost dracut-pre-udev[500]: modprobe: FATAL: Module edd not found in directory /lib/modules/4.18.0-147.el8.aarch64
Jan 13 21:48:15 localhost dracut-pre-udev[500]: modprobe: FATAL: Module iscsi_ibft not found in directory /lib/modules/4.18.0-147.el8.aarch64
Jan 13 21:48:15 localhost kernel: raid6: int64x1  gen()  1218 MB/s
Jan 13 21:48:15 localhost kernel: raid6: int64x1  xor()   301 MB/s
Jan 13 21:48:15 localhost kernel: raid6: int64x2  gen()  1593 MB/s
Jan 13 21:48:16 localhost kernel: raid6: int64x2  xor()   322 MB/s
Jan 13 21:48:16 localhost kernel: raid6: int64x4  gen()  1876 MB/s
Jan 13 21:48:16 localhost kernel: raid6: int64x4  xor()   376 MB/s
Jan 13 21:48:16 localhost kernel: raid6: int64x8  gen()  1669 MB/s
Jan 13 21:48:16 localhost kernel: raid6: int64x8  xor()   313 MB/s
Jan 13 21:48:16 localhost kernel: raid6: neonx1   gen()  1905 MB/s
Jan 13 21:48:17 localhost kernel: raid6: neonx1   xor()   448 MB/s
Jan 13 21:48:17 localhost kernel: raid6: neonx2   gen()  2303 MB/s
Jan 13 21:48:17 localhost kernel: raid6: neonx2   xor()   545 MB/s
Jan 13 21:48:17 localhost kernel: raid6: neonx4   gen()  2597 MB/s
Jan 13 21:48:17 localhost kernel: raid6: neonx4   xor()   582 MB/s
Jan 13 21:48:18 localhost kernel: raid6: neonx8   gen()  2547 MB/s
Jan 13 21:48:18 localhost kernel: raid6: neonx8   xor()   587 MB/s
Jan 13 21:48:18 localhost kernel: raid6: using algorithm neonx4 gen() 2597 MB/s
Jan 13 21:48:18 localhost kernel: raid6: .... xor() 582 MB/s, rmw enabled
Jan 13 21:48:18 localhost kernel: raid6: using neon recovery algorithm
Jan 13 21:48:18 localhost kernel: async_tx: api initialized (async)
Jan 13 21:48:18 localhost kernel: xor: measuring software checksum speed
Jan 13 21:48:18 localhost kernel:    8regs     :  1331.200 MB/sec
Jan 13 21:48:18 localhost kernel:    8regs_prefetch:  1945.600 MB/sec
Jan 13 21:48:18 localhost kernel:    32regs    :  1433.600 MB/sec
Jan 13 21:48:18 localhost kernel:    32regs_prefetch:  3456.000 MB/sec
Jan 13 21:48:18 localhost kernel: xor: using function: 32regs_prefetch (3456.000 MB/sec)
Jan 13 21:48:18 localhost kernel: device-mapper: uevent: version 1.0.3
Jan 13 21:48:18 localhost kernel: device-mapper: ioctl: 4.39.0-ioctl (2018-04-03) initialised: dm-devel@redhat.com
Jan 13 21:48:18 localhost kernel: device-mapper: multipath round-robin: version 1.2.0 loaded
Jan 13 21:48:19 localhost kernel: RPC: Registered named UNIX socket transport module.
Jan 13 21:48:19 localhost kernel: RPC: Registered udp transport module.
Jan 13 21:48:19 localhost kernel: RPC: Registered tcp transport module.
Jan 13 21:48:19 localhost kernel: RPC: Registered tcp NFSv4.1 backchannel transport module.
Jan 13 21:48:19 localhost rpc.statd[720]: Version 2.3.3 starting
Jan 13 21:48:19 localhost rpc.statd[720]: Initializing NSM state
Jan 13 21:48:19 localhost rpc.statd[720]: Running as root.  chown /var/lib/nfs/statd to choose different user
Jan 13 21:48:19 localhost rpc.idmapd[725]: Setting log level to 0
Jan 13 21:48:19 localhost systemd[1]: Started dracut pre-udev hook.
Jan 13 21:48:19 localhost systemd[1]: Starting udev Kernel Device Manager...
Jan 13 21:48:19 localhost systemd[1]: Started udev Kernel Device Manager.
Jan 13 21:48:19 localhost systemd[1]: Starting dracut pre-trigger hook...
Jan 13 21:48:19 localhost dracut-pre-trigger[748]: rd.md=0: removing MD RAID activation
Jan 13 21:48:19 localhost systemd[1]: Started dracut pre-trigger hook.
Jan 13 21:48:19 localhost systemd[1]: Starting udev Coldplug all Devices...
Jan 13 21:48:20 localhost systemd[1]: Mounting Kernel Configuration File System...
Jan 13 21:48:20 localhost systemd[1]: Mounted Kernel Configuration File System.
Jan 13 21:48:20 localhost systemd[1]: Started udev Coldplug all Devices.
Jan 13 21:48:20 localhost systemd[1]: Starting udev Wait for Complete Device Initialization...
Jan 13 21:48:20 localhost systemd[1]: Starting Show Plymouth Boot Screen...
Jan 13 21:48:20 localhost kernel: virtio_blk virtio2: [vda] 20971520 512-byte logical blocks (10.7 GB/10.0 GiB)
Jan 13 21:48:20 localhost systemd-udevd[838]: link_config: autonegotiation is unset or enabled, the speed and duplex are not writable.
Jan 13 21:48:20 localhost systemd[1]: Started Show Plymouth Boot Screen.
Jan 13 21:48:20 localhost systemd[1]: Received SIGRTMIN+20 from PID 846 (plymouthd).
Jan 13 21:48:20 localhost systemd[1]: Started Forward Password Requests to Plymouth Directory Watch.
Jan 13 21:48:20 localhost systemd-udevd[827]: link_config: autonegotiation is unset or enabled, the speed and duplex are not writable.
Jan 13 21:48:20 localhost systemd[1]: Reached target Local Encrypted Volumes.
Jan 13 21:48:20 localhost systemd[1]: Reached target Paths.
Jan 13 21:48:20 localhost kernel: virtio_net virtio0 enp1s0: renamed from eth0
Jan 13 21:48:20 localhost systemd[1]: Started udev Wait for Complete Device Initialization.
Jan 13 21:48:20 localhost systemd[1]: Starting Device-Mapper Multipath Device Controller...
Jan 13 21:48:20 localhost systemd[1]: Started Device-Mapper Multipath Device Controller.
Jan 13 21:48:20 localhost systemd[1]: Reached target Local File Systems (Pre).
Jan 13 21:48:20 localhost systemd[1]: Reached target Local File Systems.
Jan 13 21:48:20 localhost multipathd[873]: --------start up--------
Jan 13 21:48:20 localhost multipathd[873]: read /etc/multipath.conf
Jan 13 21:48:20 localhost systemd[1]: Starting Create Volatile Files and Directories...
Jan 13 21:48:20 localhost systemd[1]: Starting Open-iSCSI...
Jan 13 21:48:20 localhost iscsid[880]: iscsid: can't open InitiatorName configuration file /etc/iscsi/initiatorname.iscsi
Jan 13 21:48:20 localhost iscsid[880]: iscsid: Warning: InitiatorName file /etc/iscsi/initiatorname.iscsi does not exist or does not contain a properly formatted InitiatorName. If using software iscsi (iscsi_tcp or ib_iser) or partial offload (bnx2i or cxgbi iscsi), you may not be able to log into or discover targets. Please create a file /etc/iscsi/initiatorname.iscsi that contains a sting with the format: InitiatorName=iqn.yyyy-mm.<reversed domain name>[:identifier].
Jan 13 21:48:20 localhost iscsid[880]: Example: InitiatorName=iqn.2001-04.com.redhat:fc6.
Jan 13 21:48:20 localhost iscsid[880]: If using hardware iscsi like qla4xxx this message can be ignored.
Jan 13 21:48:20 localhost iscsid[880]: iscsid: can't open InitiatorAlias configuration file /etc/iscsi/initiatorname.iscsi
Jan 13 21:48:20 localhost systemd[1]: Started Open-iSCSI.
Jan 13 21:48:20 localhost systemd[1]: Started Create Volatile Files and Directories.
Jan 13 21:48:20 localhost systemd[1]: Reached target System Initialization.
Jan 13 21:48:20 localhost systemd[1]: Reached target Basic System.
Jan 13 21:48:20 localhost systemd[1]: Starting dracut initqueue hook...
Jan 13 21:48:20 localhost multipathd[873]: path checkers start up
Jan 13 21:48:20 localhost systemd[1]: Reloading.
Jan 13 21:48:20 localhost kernel: IPv6: ADDRCONF(NETDEV_UP): enp1s0: link is not ready
Jan 13 21:48:20 localhost dracut-initqueue[883]: Starting dhcp for interface enp1s0
Jan 13 21:48:21 localhost dracut-initqueue[883]: dhcp: PREINIT enp1s0 up
Jan 13 21:48:21 localhost dhclient[966]: Created duid "\000\004VH9\206\235\210M\216\234l\357\026\333\224\026J".
Jan 13 21:48:21 localhost dhclient[966]: DHCPDISCOVER on enp1s0 to 255.255.255.255 port 67 interval 8 (xid=0xc0d05d1b)
Jan 13 21:48:21 localhost kernel: IPv6: ADDRCONF(NETDEV_CHANGE): enp1s0: link becomes ready
Jan 13 21:48:26 localhost dhclient[966]: DHCPREQUEST on enp1s0 to 255.255.255.255 port 67 (xid=0xc0d05d1b)
Jan 13 21:48:26 localhost dhclient[966]: DHCPOFFER from 192.168.122.1
Jan 13 21:48:26 localhost dhclient[966]: DHCPACK from 192.168.122.1 (xid=0xc0d05d1b)
Jan 13 21:48:26 localhost dracut-initqueue[883]: dhcp: BOND setting enp1s0
Jan 13 21:48:28 localhost dhclient[966]: bound to 192.168.122.154 -- renewal in 1478 seconds.
Jan 13 21:48:28 localhost dracut-initqueue[883]: RTNETLINK answers: File exists
Jan 13 21:48:29 localhost dracut-initqueue[883]: anaconda: stage2 locations are: http://qa.centos.org/centos/8/BaseOS/aarch64/os/
Jan 13 21:48:29 localhost dracut-initqueue[883]: anaconda: fetching stage2 from http://qa.centos.org/centos/8/BaseOS/aarch64/os/
Jan 13 21:48:29 localhost dracut-initqueue[883]:   % Total    % Received % Xferd  Average Speed   Time    Time     Time  Current
Jan 13 21:48:29 localhost dracut-initqueue[883]:                                  Dload  Upload   Total   Spent    Left  Speed
Jan 13 21:48:37 localhost dracut-initqueue[883]: [790B blob data]
Jan 13 21:48:37 localhost dracut-initqueue[883]: anaconda: successfully fetched stage2 from http://qa.centos.org/centos/8/BaseOS/aarch64/os/
Jan 13 21:48:37 localhost kernel: loop: module loaded
Jan 13 21:48:38 localhost systemd[1]: Started dracut initqueue hook.
Jan 13 21:48:38 localhost systemd[1]: Reached target Remote File Systems (Pre).
Jan 13 21:48:38 localhost systemd[1]: Reached target Remote File Systems.
Jan 13 21:48:38 localhost systemd[1]: Starting dracut pre-mount hook...
Jan 13 21:48:38 localhost systemd[1]: Started dracut pre-mount hook.
Jan 13 21:48:38 localhost systemd[1]: Reached target Initrd Root File System.
Jan 13 21:48:38 localhost systemd[1]: Starting Reload Configuration from the Real Root...
Jan 13 21:48:38 localhost systemd[1]: Reloading.
Jan 13 21:48:38 localhost systemd[1]: Started Reload Configuration from the Real Root.
Jan 13 21:48:38 localhost systemd[1]: Reached target Initrd File Systems.
Jan 13 21:48:38 localhost systemd[1]: Reached target Initrd Default Target.
Jan 13 21:48:38 localhost systemd[1]: Starting dracut mount hook...
Jan 13 21:48:39 localhost kernel: EXT4-fs (dm-0): mounted filesystem with ordered data mode. Opts: (null)
Jan 13 21:48:39 localhost systemd[1]: Started dracut mount hook.
Jan 13 21:48:39 localhost systemd[1]: Starting dracut pre-pivot and cleanup hook...
Jan 13 21:48:41 localhost systemd[1]: Started dracut pre-pivot and cleanup hook.
Jan 13 21:48:41 localhost systemd[1]: Starting Cleaning Up and Shutting Down Daemons...
Jan 13 21:48:41 localhost systemd[1]: Starting Plymouth switch root service...
Jan 13 21:48:41 localhost systemd[1]: Stopped target Timers.
Jan 13 21:48:41 localhost systemd[1]: Stopped dracut pre-pivot and cleanup hook.
Jan 13 21:48:41 localhost systemd[1]: Stopped dracut mount hook.
Jan 13 21:48:41 localhost systemd[1]: Stopped target Remote File Systems.
Jan 13 21:48:41 localhost systemd[1]: Stopped target Remote File Systems (Pre).
Jan 13 21:48:41 localhost systemd[1]: Starting Setup Virtual Console...
Jan 13 21:48:41 localhost systemd[1]: Stopped dracut pre-mount hook.
Jan 13 21:48:41 localhost systemd[1]: Stopped dracut initqueue hook.
Jan 13 21:48:41 localhost systemd[1]: Stopping Open-iSCSI...
Jan 13 21:48:41 localhost systemd-vconsole-setup[1432]: KD_FONT_OP_GET failed while trying to get the font metadata: Function not implemented
Jan 13 21:48:41 localhost systemd-vconsole-setup[1432]: Fonts will not be copied to remaining consoles
Jan 13 21:48:41 localhost systemd[1]: Stopped target Initrd Default Target.
Jan 13 21:48:41 localhost systemd[1]: Stopped target Initrd Root Device.
Jan 13 21:48:41 localhost systemd[1]: Stopped target Basic System.
Jan 13 21:48:41 localhost systemd[1]: Stopped target Paths.
Jan 13 21:48:41 localhost iscsid[880]: iscsid: iscsid shutting down.
Jan 13 21:48:41 localhost systemd[1]: Stopped target System Initialization.
Jan 13 21:48:41 localhost systemd[1]: Stopped target Swap.
Jan 13 21:48:41 localhost systemd[1]: Stopped Create Volatile Files and Directories.
Jan 13 21:48:41 localhost systemd[1]: Stopped target Local Encrypted Volumes.
Jan 13 21:48:41 localhost systemd[1]: Stopped target Local File Systems.
Jan 13 21:48:41 localhost systemd[1]: Stopped target Local File Systems (Pre).
Jan 13 21:48:41 localhost systemd[1]: Stopped target Sockets.
Jan 13 21:48:41 localhost systemd[1]: Stopped target Slices.
Jan 13 21:48:41 localhost systemd[1]: Stopped Apply Kernel Variables.
Jan 13 21:48:41 localhost systemd[1]: Started Plymouth switch root service.
Jan 13 21:48:41 localhost systemd[1]: Started Setup Virtual Console.
Jan 13 21:48:41 localhost systemd[1]: Stopped Open-iSCSI.
Jan 13 21:48:41 localhost systemd[1]: Stopping iSCSI UserSpace I/O driver...
Jan 13 21:48:41 localhost systemd[1]: Stopping Device-Mapper Multipath Device Controller...
Jan 13 21:48:41 localhost systemd[1]: Closed Open-iSCSI iscsid Socket.
Jan 13 21:48:41 localhost systemd[1]: Stopped iSCSI UserSpace I/O driver.
Jan 13 21:48:41 localhost systemd[1]: Started Cleaning Up and Shutting Down Daemons.
Jan 13 21:48:41 localhost multipathd[1437]: ok
Jan 13 21:48:41 localhost multipathd[873]: --------shut down-------
Jan 13 21:48:41 localhost systemd[1]: Stopped Device-Mapper Multipath Device Controller.
Jan 13 21:48:41 localhost systemd[1]: Stopped udev Wait for Complete Device Initialization.
Jan 13 21:48:41 localhost systemd[1]: Stopped udev Coldplug all Devices.
Jan 13 21:48:41 localhost systemd[1]: Stopped dracut pre-trigger hook.
Jan 13 21:48:41 localhost systemd[1]: Stopping udev Kernel Device Manager...
Jan 13 21:48:41 localhost systemd[1]: Closed Open-iSCSI iscsiuio Socket.
Jan 13 21:48:42 localhost systemd[1]: Stopped udev Kernel Device Manager.
Jan 13 21:48:42 localhost systemd[1]: Stopping Hardware RNG Entropy Gatherer Daemon...
Jan 13 21:48:42 localhost systemd[1]: Stopped dracut pre-udev hook.
Jan 13 21:48:42 localhost systemd[1]: Stopped dracut cmdline hook.
Jan 13 21:48:42 localhost systemd[1]: Stopped Create Static Device Nodes in /dev.
Jan 13 21:48:42 localhost systemd[1]: Stopped Create list of required static device nodes for the current kernel.
Jan 13 21:48:42 localhost systemd[1]: Closed udev Control Socket.
Jan 13 21:48:42 localhost systemd[1]: Closed udev Kernel Socket.
Jan 13 21:48:42 localhost systemd[1]: Starting Cleanup udevd DB...
Jan 13 21:48:42 localhost systemd[1]: Stopped Hardware RNG Entropy Gatherer Daemon.
Jan 13 21:48:42 localhost systemd[1]: Started Cleanup udevd DB.
Jan 13 21:48:42 localhost systemd[1]: Reached target Switch Root.
Jan 13 21:48:42 localhost systemd[1]: Starting Switch Root...
Jan 13 21:48:42 localhost systemd[1]: Switching root.
Jan 13 21:48:42 localhost systemd-journald[240]: Journal stopped
Jan 13 21:48:47 localhost systemd-journald[240]: Received SIGTERM from PID 1 (systemd).
Jan 13 21:48:47 localhost kernel: systemd: 22 output lines suppressed due to ratelimiting
Jan 13 21:48:47 localhost kernel: SELinux:  policy capability network_peer_controls=1
Jan 13 21:48:47 localhost kernel: SELinux:  policy capability open_perms=1
Jan 13 21:48:47 localhost kernel: SELinux:  policy capability extended_socket_class=1
Jan 13 21:48:47 localhost kernel: SELinux:  policy capability always_check_network=0
Jan 13 21:48:47 localhost kernel: SELinux:  policy capability cgroup_seclabel=1
Jan 13 21:48:47 localhost kernel: SELinux:  policy capability nnp_nosuid_transition=1
Jan 13 21:48:47 localhost kernel: audit: type=1403 audit(1578952125.140:2): auid=4294967295 ses=4294967295 lsm=selinux res=1
Jan 13 21:48:47 localhost systemd[1]: Successfully loaded SELinux policy in 1.829361s.
Jan 13 21:48:47 localhost systemd[1]: Relabelled /dev, /run and /sys/fs/cgroup in 126.284ms.
Jan 13 21:48:47 localhost systemd[1]: systemd 239 running in system mode. (+PAM +AUDIT +SELINUX +IMA -APPARMOR +SMACK +SYSVINIT +UTMP +LIBCRYPTSETUP +GCRYPT +GNUTLS +ACL +XZ +LZ4 +SECCOMP +BLKID +ELFUTILS +KMOD +IDN2 -IDN +PCRE2 default-hierarchy=legacy)
Jan 13 21:48:47 localhost systemd[1]: Detected virtualization kvm.
Jan 13 21:48:47 localhost systemd[1]: Detected architecture arm64.
Jan 13 21:48:47 localhost systemd[1]: Stopped Switch Root.
Jan 13 21:48:47 localhost systemd[1]: systemd-journald.service: Service has no hold-off time (RestartSec=0), scheduling restart.
Jan 13 21:48:47 localhost systemd[1]: systemd-journald.service: Scheduled restart job, restart counter is at 1.
Jan 13 21:48:47 localhost systemd[1]: Stopped Journal Service.
Jan 13 21:48:47 localhost systemd[1]: Starting Journal Service...
Jan 13 21:48:47 localhost systemd[1]: Mounting Kernel Debug File System...
Jan 13 21:48:47 localhost systemd[1]: Listening on initctl Compatibility Named Pipe.
Jan 13 21:48:47 localhost systemd-journald[1473]: Journal started
Jan 13 21:48:47 localhost systemd-journald[1473]: Runtime journal (/run/log/journal/eaf089789912431286b75c41ed130fcb) is 8.0M, max 199.5M, 191.5M free.
Jan 13 21:48:47 localhost systemd[1]: Starting Flush Journal to Persistent Storage...
Jan 13 21:48:47 localhost systemd[1]: Started udev Coldplug all Devices.
Jan 13 21:48:47 localhost systemd[1]: Starting udev Wait for Complete Device Initialization...
Jan 13 21:48:47 localhost systemd-tmpfiles[1501]: [/usr/lib/tmpfiles.d/mdadm.conf:1] Line references path below legacy directory /var/run/, updating /var/run/mdadm â†’ /run/mdadm; please update the tmpfiles.d/ drop-in file accordingly.
Jan 13 21:48:47 localhost systemd-vconsole-setup[1478]: KD_FONT_OP_GET failed while trying to get the font metadata: Function not implemented
Jan 13 21:48:47 localhost systemd-vconsole-setup[1478]: Fonts will not be copied to remaining consoles
Jan 13 21:48:47 localhost systemd[1]: Started Setup Virtual Console.
Jan 13 21:48:47 localhost systemd-journald[1473]: Runtime journal (/run/log/journal/eaf089789912431286b75c41ed130fcb) is 8.0M, max 199.5M, 191.5M free.
Jan 13 21:48:47 localhost systemd[1]: Started Create Static Device Nodes in /dev.
Jan 13 21:48:47 localhost systemd[1]: Started Flush Journal to Persistent Storage.
Jan 13 21:48:48 localhost systemd[1]: Started Rebuild Hardware Database.
Jan 13 21:48:48 localhost systemd[1]: Starting udev Kernel Device Manager...
Jan 13 21:48:48 localhost systemd[1]: Started udev Kernel Device Manager.
Jan 13 21:48:49 localhost systemd-udevd[1514]: link_config: autonegotiation is unset or enabled, the speed and duplex are not writable.
Jan 13 21:48:49 localhost systemd-udevd[1517]: link_config: autonegotiation is unset or enabled, the speed and duplex are not writable.
Jan 13 21:48:49 localhost systemd[1]: Started udev Wait for Complete Device Initialization.
Jan 13 21:48:49 localhost systemd[1]: Starting Device-Mapper Multipath Device Controller...
Jan 13 21:48:49 localhost multipathd[1551]: --------start up--------
Jan 13 21:48:49 localhost multipathd[1551]: read /etc/multipath.conf
Jan 13 21:48:49 localhost multipathd[1551]: path checkers start up
Jan 13 21:48:49 localhost systemd[1]: Started Device-Mapper Multipath Device Controller.
Jan 13 21:48:49 localhost systemd[1]: Reached target Local File Systems (Pre).
Jan 13 21:48:49 localhost systemd[1]: Reached target Local File Systems.
Jan 13 21:48:49 localhost systemd[1]: Starting Rebuild Journal Catalog...
Jan 13 21:48:49 localhost systemd[1]: Starting Tell Plymouth To Write Out Runtime Data...
Jan 13 21:48:49 localhost systemd[1]: Starting Import network configuration from initramfs...
Jan 13 21:48:49 localhost systemd[1]: Starting Rebuild Dynamic Linker Cache...
Jan 13 21:48:49 localhost systemd[1]: Started Tell Plymouth To Write Out Runtime Data.
Jan 13 21:48:49 localhost systemd[1]: Started Rebuild Journal Catalog.
Jan 13 21:48:49 localhost systemd[1]: Started Import network configuration from initramfs.
Jan 13 21:48:49 localhost systemd[1]: Starting Create Volatile Files and Directories...
Jan 13 21:48:49 localhost systemd-tmpfiles[1581]: [/usr/lib/tmpfiles.d/mdadm.conf:1] Line references path below legacy directory /var/run/, updating /var/run/mdadm â†’ /run/mdadm; please update the tmpfiles.d/ drop-in file accordingly.
Jan 13 21:48:50 localhost systemd[1]: Started Create Volatile Files and Directories.
Jan 13 21:48:50 localhost systemd[1]: Starting Update UTMP about System Boot/Shutdown...
Jan 13 21:48:50 localhost systemd[1]: Started Update UTMP about System Boot/Shutdown.
Jan 13 21:48:53 localhost systemd[1]: Started Rebuild Dynamic Linker Cache.
Jan 13 21:48:53 localhost systemd[1]: Starting Update is Completed...
Jan 13 21:48:54 localhost systemd[1]: Started Update is Completed.
Jan 13 21:48:54 localhost systemd[1]: Reached target System Initialization.
Jan 13 21:48:54 localhost systemd[1]: Listening on Open-iSCSI iscsid Socket.
Jan 13 21:48:54 localhost systemd[1]: Listening on Open-iSCSI iscsiuio Socket.
Jan 13 21:48:54 localhost systemd[1]: Listening on D-Bus System Message Bus Socket.
Jan 13 21:48:54 localhost systemd[1]: Reached target Sockets.
Jan 13 21:48:54 localhost systemd[1]: Reached target Basic System.
Jan 13 21:48:54 localhost systemd[1]: Starting Terminate Plymouth Boot Screen...
Jan 13 21:48:54 localhost systemd[1]: Starting Hold until boot process finishes up...
Jan 13 21:48:54 localhost systemd[1]: Starting OpenSSH ed25519 Server Key Generation...
Jan 13 21:48:54 localhost systemd[1]: Starting Login Service...
Jan 13 21:48:54 localhost systemd[1]: Starting Service enabling compressing RAM with zRam...
Jan 13 21:48:54 localhost systemd[1]: Started Hardware RNG Entropy Gatherer Daemon.
Jan 13 21:48:54 localhost systemd[1]: Starting OpenSSH rsa Server Key Generation...
Jan 13 21:48:54 localhost systemd[1]: Starting pre-anaconda logging service...
Jan 13 21:48:54 localhost systemd[1]: Starting Anaconda NetworkManager configuration...
Jan 13 21:48:54 localhost zramswapon[1593]: + MAX_RAM_ON=2097152
Jan 13 21:48:54 localhost zramswapon[1593]: ++ grep -E --only-matching '[[:digit:]]+'
Jan 13 21:48:54 localhost systemd[1]: Starting OpenSSH ecdsa Server Key Generation...
Jan 13 21:48:54 localhost zramswapon[1593]: ++ grep MemTotal /proc/meminfo
Jan 13 21:48:54 localhost systemd[1]: Started Daily Cleanup of Temporary Directories.
Jan 13 21:48:54 localhost zramswapon[1593]: + mem_total_kb=4086912
Jan 13 21:48:54 localhost zramswapon[1593]: + grep -E 'inst\.zram=(on|1)' /proc/cmdline
Jan 13 21:48:54 localhost systemd[1]: Reached target Timers.
Jan 13 21:48:54 localhost zramswapon[1593]: + force=1
Jan 13 21:48:54 localhost zramswapon[1593]: + '[' '(' 4086912 -gt 2097152 ')' -a '(' 1 '!=' 0 ')' ']'
Jan 13 21:48:54 localhost zramswapon[1593]: + exit 0
Jan 13 21:48:54 localhost rngd[1594]: Initalizing available sources
Jan 13 21:48:54 localhost rngd[1594]: Failed to init entropy source hwrng
Jan 13 21:48:54 localhost systemd[1]: Started Terminate Plymouth Boot Screen.
Jan 13 21:48:54 localhost systemd[1]: Started Hold until boot process finishes up.
Jan 13 21:48:54 localhost systemd[1]: Started Service enabling compressing RAM with zRam.
Jan 13 21:48:54 localhost systemd[1]: Started pre-anaconda logging service.
Jan 13 21:48:54 localhost systemd[1]: Started Anaconda NetworkManager configuration.
Jan 13 21:48:54 localhost systemd[1]: Received SIGRTMIN+21 from PID 846 (n/a).
Jan 13 21:48:54 localhost systemd[1]: Starting Network Manager...
Jan 13 21:48:54 localhost systemd[1]: Started OpenSSH ed25519 Server Key Generation.
Jan 13 21:48:54 localhost systemd[1]: Started OpenSSH ecdsa Server Key Generation.
Jan 13 21:48:54 localhost systemd[1]: Started D-Bus System Message Bus.
Jan 13 21:48:54 localhost systemd-logind[1591]: Watching system buttons on /dev/input/event0 (Power Button)
Jan 13 21:48:54 localhost systemd-logind[1591]: New seat seat0.
Jan 13 21:48:54 localhost NetworkManager[1626]: <debug> [1578952134.8324] monotonic timestamp started counting 1.695656000 seconds ago with an offset of 56.0 seconds to CLOCK_BOOTTIME (local time is 2020-01-13 21:48:54)
Jan 13 21:48:54 localhost NetworkManager[1626]: <info>  [1578952134.8335] NetworkManager (version 1.20.0-3.el8) is starting... (for the first time)
Jan 13 21:48:54 localhost NetworkManager[1626]: <info>  [1578952134.8338] Read config: /etc/NetworkManager/NetworkManager.conf (run: 10-dracut-dhclient.conf) (etc: 80-anaconda-no-ibft.conf, 90-anaconda-no-auto-default.conf, 91-anaconda-autoconnect-slaves.conf, 92-anaconda-loglevel-debug.conf)
Jan 13 21:48:54 localhost NetworkManager[1626]: <debug> [1578952134.8340] CONFIG: config-data[0xaaaaea8c7030]: 3 groups
Jan 13 21:48:54 localhost NetworkManager[1626]: <debug> [1578952134.8342] CONFIG: 
Jan 13 21:48:54 localhost NetworkManager[1626]: <debug> [1578952134.8343] CONFIG: [main]
Jan 13 21:48:54 localhost NetworkManager[1626]: <debug> [1578952134.8343] CONFIG:   dhcp=dhclient
Jan 13 21:48:54 localhost NetworkManager[1626]: <debug> [1578952134.8343] CONFIG:   plugins=ifcfg-rh,no-ibft
Jan 13 21:48:54 localhost NetworkManager[1626]: <debug> [1578952134.8344] CONFIG:   no-auto-default=*
Jan 13 21:48:54 localhost NetworkManager[1626]: <debug> [1578952134.8344] CONFIG: 
Jan 13 21:48:54 localhost NetworkManager[1626]: <debug> [1578952134.8344] CONFIG: [logging]
Jan 13 21:48:54 localhost NetworkManager[1626]: <debug> [1578952134.8345] CONFIG:   level=DEBUG
Jan 13 21:48:54 localhost NetworkManager[1626]: <debug> [1578952134.8345] CONFIG: 
Jan 13 21:48:54 localhost NetworkManager[1626]: <debug> [1578952134.8345] CONFIG: [connection]
Jan 13 21:48:54 localhost NetworkManager[1626]: <debug> [1578952134.8345] CONFIG:   connection.autoconnect-slaves=1
Jan 13 21:48:54 localhost NetworkManager[1626]: <debug> [1578952134.8346] config: state: missing state file "/var/lib/NetworkManager/NetworkManager.state": No such file or directory
Jan 13 21:48:54 localhost NetworkManager[1626]: <debug> [1578952134.8346] WEXT support is disabled
Jan 13 21:48:54 localhost NetworkManager[1626]: <debug> [1578952134.8548] create NMDBusManager singleton (11ca16dac6f4d7f7)
Jan 13 21:48:54 localhost dbus-daemon[1635]: [system] Successfully activated service 'org.freedesktop.systemd1'
Jan 13 21:48:54 localhost systemd[1]: Started Login Service.
Jan 13 21:48:54 localhost systemd[1]: Started Network Manager.
Jan 13 21:48:54 localhost NetworkManager[1626]: <info>  [1578952134.9483] bus-manager: acquired D-Bus service "org.freedesktop.NetworkManager"
Jan 13 21:48:54 localhost NetworkManager[1626]: <debug> [1578952134.9486] netns[0xaaaaea896aa0]: new netns (net:8, mnt:9)
Jan 13 21:48:54 localhost NetworkManager[1626]: <debug> [1578952134.9495] platform-linux: create (ignore netns, initial netns, use udev)
Jan 13 21:48:54 localhost NetworkManager[1626]: <debug> [1578952134.9501] platform-linux: Netlink socket for events established: port=1626, fd=12
Jan 13 21:48:54 localhost NetworkManager[1626]: <debug> [1578952134.9502] platform-linux: populate platform cache
Jan 13 21:48:54 localhost NetworkManager[1626]: <debug> [1578952134.9504] platform: kernel-support for USER_IPV6LL (IFLA_INET6_ADDR_GEN_MODE support) detected: supported
Jan 13 21:48:54 localhost systemd[1]: Starting Network Manager Wait Online...
Jan 13 21:48:54 localhost NetworkManager[1626]: <debug> [1578952134.9509] platform: (lo) signal: link   added: 1: lo <UP,LOWER_UP;loopback,up,running,lowerup> mtu 65536 arp 772 loopback? not-init addrgenmode eui64 addr 00:00:00:00:00:00 brd 00:00:00:00:00:00 driver unknown rx:6,416 tx:6,416
Jan 13 21:48:54 localhost systemd[1]: Reached target Network.
Jan 13 21:48:54 localhost systemd[1]: Started Logout off all iSCSI sessions on shutdown.
Jan 13 21:48:54 localhost NetworkManager[1626]: <debug> [1578952134.9515] platform: (enp1s0) signal: link   added: 2: enp1s0 <UP,LOWER_UP;broadcast,multicast,up,running,lowerup> mtu 1500 arp 1 ethernet? not-init addrgenmode eui64 addr 52:54:00:0C:47:42 brd FF:FF:FF:FF:FF:FF driver virtio_net rx:307880,493703262 tx:30677,2026151
Jan 13 21:48:54 localhost NetworkManager[1626]: <debug> [1578952134.9517] platform: kernel-support for EXTENDED_IFA_FLAGS (IPv6 temporary addresses support) detected: supported
Jan 13 21:48:54 localhost NetworkManager[1626]: <debug> [1578952134.9517] platform: (lo) signal: address 4   added: 127.0.0.1/8 lft forever pref forever lifetime 1-0[4294967295,4294967295] dev 1 flags permanent src kernel
Jan 13 21:48:54 localhost NetworkManager[1626]: <debug> [1578952134.9518] platform: (enp1s0) signal: address 4   added: 192.168.122.154/24 lft 3574sec pref 3574sec lifetime 1-1[3574,3574] dev 2 src kernel
Jan 13 21:48:54 localhost NetworkManager[1626]: <debug> [1578952134.9519] platform: (lo) signal: address 6   added: ::1/128 lft forever pref forever lifetime 1-0[4294967295,4294967295] dev 1 flags permanent src kernel
Jan 13 21:48:54 localhost NetworkManager[1626]: <debug> [1578952134.9520] platform: (enp1s0) signal: address 6   added: fe80::5054:ff:fe0c:4742/64 lft forever pref forever lifetime 1-0[4294967295,4294967295] dev 2 flags permanent src kernel
Jan 13 21:48:54 localhost NetworkManager[1626]: <debug> [1578952134.9522] platform: (enp1s0) signal: route   4   added: 0.0.0.0/0 via 192.168.122.1 dev 2 metric 0 mss 0 rt-src rt-boot scope global
Jan 13 21:48:54 localhost NetworkManager[1626]: <debug> [1578952134.9522] platform: (enp1s0) signal: route   4   added: 192.168.122.0/24 via 0.0.0.0 dev 2 metric 0 mss 0 rt-src rt-kernel scope link pref-src 192.168.122.154
Jan 13 21:48:54 localhost NetworkManager[1626]: <debug> [1578952134.9524] platform: kernel-support for RTA_PREF (ability to set router preference for IPv6 routes) detected: supported
Jan 13 21:48:54 localhost NetworkManager[1626]: <debug> [1578952134.9524] platform: (lo) signal: route   6   added: ::1/128 via :: dev 1 metric 256 mss 0 rt-src rt-kernel
Jan 13 21:48:54 localhost NetworkManager[1626]: <debug> [1578952134.9525] platform: (enp1s0) signal: route   6   added: fe80::/64 via :: dev 2 metric 256 mss 0 rt-src rt-kernel
Jan 13 21:48:54 localhost NetworkManager[1626]: <debug> [1578952134.9526] platform: (enp1s0) signal: route   6   added: table 255 ff00::/8 via :: dev 2 metric 256 mss 0 rt-src rt-boot
Jan 13 21:48:54 localhost NetworkManager[1626]: <debug> [1578952134.9527] platform: kernel-support for FRA_PROTOCOL (FRA_PROTOCOL attribute for policy routing rules) detected: supported
Jan 13 21:48:54 localhost NetworkManager[1626]: <debug> [1578952134.9527] platform: kernel-support for FRA_UID_RANGE (FRA_UID_RANGE attribute for policy routing rules) not detected: assume supported
Jan 13 21:48:54 localhost NetworkManager[1626]: <debug> [1578952134.9528] platform: kernel-support for FRA_L3MDEV (FRA_L3MDEV attribute for policy routing rules) not detected: assume supported
Jan 13 21:48:54 localhost NetworkManager[1626]: <debug> [1578952134.9528] platform: kernel-support for FRA_IP_PROTO (FRA_IP_PROTO, FRA_SPORT_RANGE, FRA_DPORT_RANGE attributes for policy routing rules) not detected: assume supported
Jan 13 21:48:54 localhost NetworkManager[1626]: <debug> [1578952134.9529] platform: signal: rt-rule   added: [4] 0: from all lookup 255 protocol 2
Jan 13 21:48:54 localhost NetworkManager[1626]: <debug> [1578952134.9530] platform: signal: rt-rule   added: [4] 32766: from all lookup 254 protocol 2
Jan 13 21:48:54 localhost NetworkManager[1626]: <debug> [1578952134.9530] platform: signal: rt-rule   added: [4] 32767: from all lookup 253 protocol 2
Jan 13 21:48:54 localhost NetworkManager[1626]: <debug> [1578952134.9531] platform: signal: rt-rule   added: [6] 0: from all lookup 255 protocol 2
Jan 13 21:48:54 localhost NetworkManager[1626]: <debug> [1578952134.9532] platform: signal: rt-rule   added: [6] 32766: from all lookup 254 protocol 2
Jan 13 21:48:54 localhost systemd[1]: Reached target Remote File Systems (Pre).
Jan 13 21:48:54 localhost NetworkManager[1626]: <debug> [1578952134.9533] platform: (lo) signal: qdisc   added: noqueue dev 1 family 0 handle 0 parent ffffffff info 2
Jan 13 21:48:54 localhost NetworkManager[1626]: <debug> [1578952134.9534] platform: (enp1s0) signal: qdisc   added: fq_codel dev 2 family 0 handle 0 parent ffffffff info 2 limit 10240 flows 1024 target 4999 interval 99999 quantum 1514 memory_limit 33554432 ecn
Jan 13 21:48:54 localhost NetworkManager[1626]: <debug> [1578952134.9553] platform: (enp1s0) signal: link changed: 2: enp1s0 <UP,LOWER_UP;broadcast,multicast,up,running,lowerup> mtu 1500 arp 1 ethernet? init addrgenmode eui64 addr 52:54:00:0C:47:42 brd FF:FF:FF:FF:FF:FF driver virtio_net rx:307880,493703262 tx:30677,2026151
Jan 13 21:48:54 localhost NetworkManager[1626]: <debug> [1578952134.9559] platform: (lo) signal: link changed: 1: lo <UP,LOWER_UP;loopback,up,running,lowerup> mtu 65536 arp 772 loopback? init addrgenmode eui64 addr 00:00:00:00:00:00 brd 00:00:00:00:00:00 driver unknown rx:6,416 tx:6,416
Jan 13 21:48:54 localhost NetworkManager[1626]: <debug> [1578952134.9560] setup NMPlatform singleton (b00fefcaa2fd43f7)
Jan 13 21:48:54 localhost NetworkManager[1626]: <debug> [1578952134.9561] rules-manager: routing-rule: track [dc647dea3c578338,0] "[4] 0: from all lookup 255 protocol 2")
Jan 13 21:48:54 localhost NetworkManager[1626]: <debug> [1578952134.9561] rules-manager: routing-rule: track [dc647dea3c578338,0] "[4] 32766: from all lookup 254 protocol 2")
Jan 13 21:48:54 localhost NetworkManager[1626]: <debug> [1578952134.9562] rules-manager: routing-rule: track [dc647dea3c578338,0] "[4] 32767: from all lookup 253 protocol 2")
Jan 13 21:48:54 localhost NetworkManager[1626]: <debug> [1578952134.9562] rules-manager: routing-rule: track [dc647dea3c578338,0] "[6] 0: from all lookup 255 protocol 2")
Jan 13 21:48:54 localhost NetworkManager[1626]: <debug> [1578952134.9562] rules-manager: routing-rule: track [dc647dea3c578338,0] "[6] 32766: from all lookup 254 protocol 2")
Jan 13 21:48:54 localhost NetworkManager[1626]: <debug> [1578952134.9563] rules-manager: routing-rule: track [27ec9b667f478c77,0] "[4] 0: from all lookup 255 protocol 2")
Jan 13 21:48:54 localhost NetworkManager[1626]: <debug> [1578952134.9563] rules-manager: routing-rule: track [27ec9b667f478c77,0] "[4] 32766: from all lookup 254 protocol 2")
Jan 13 21:48:54 localhost NetworkManager[1626]: <debug> [1578952134.9564] rules-manager: routing-rule: track [27ec9b667f478c77,0] "[4] 32767: from all lookup 253 protocol 2")
Jan 13 21:48:54 localhost NetworkManager[1626]: <debug> [1578952134.9564] rules-manager: routing-rule: track [27ec9b667f478c77,0] "[6] 0: from all lookup 255 protocol 2")
Jan 13 21:48:54 localhost NetworkManager[1626]: <debug> [1578952134.9565] rules-manager: routing-rule: track [27ec9b667f478c77,0] "[6] 32766: from all lookup 254 protocol 2")
Jan 13 21:48:54 localhost NetworkManager[1626]: <debug> [1578952134.9565] create NMNetns singleton (4c08667c6127e041)
Jan 13 21:48:54 localhost NetworkManager[1626]: <debug> [1578952134.9638] auth[0xaaaaea8c9230]: create auth-manager: polkit enabled
Jan 13 21:48:54 localhost NetworkManager[1626]: <debug> [1578952134.9639] auth[0xaaaaea8c9230]: set instance
Jan 13 21:48:54 localhost NetworkManager[1626]: <debug> [1578952134.9639] setup NMAuthManager singleton (038d8bf739cc1efa)
Jan 13 21:48:54 localhost NetworkManager[1626]: <info>  [1578952134.9810] manager[0xaaaaea8fc1b0]: monitoring kernel firmware directory '/lib/firmware'.
Jan 13 21:48:54 localhost NetworkManager[1626]: <debug> [1578952134.9909] session-monitor: using systemd-logind session tracking
Jan 13 21:48:54 localhost NetworkManager[1626]: <debug> [1578952134.9909] create NMSessionMonitor singleton (d12a94de075d9638)
Jan 13 21:48:54 localhost NetworkManager[1626]: <debug> [1578952134.9910] create NMAgentManager singleton (c23a39a423306188)
Jan 13 21:48:54 localhost dbus-daemon[1635]: [system] Activating via systemd: service name='org.freedesktop.hostname1' unit='dbus-org.freedesktop.hostname1.service' requested by ':1.2' (uid=0 pid=1626 comm="/usr/sbin/NetworkManager --no-daemon " label="system_u:system_r:kernel_t:s0")
Jan 13 21:48:55 localhost systemd[1]: Starting Hostname Service...
Jan 13 21:48:55 localhost systemd[1]: Started OpenSSH rsa Server Key Generation.
Jan 13 21:48:55 localhost systemd[1]: Reached target sshd-keygen.target.
Jan 13 21:48:56 localhost dbus-daemon[1635]: [system] Successfully activated service 'org.freedesktop.hostname1'
Jan 13 21:48:56 localhost systemd[1]: Started Hostname Service.
Jan 13 21:48:56 localhost NetworkManager[1626]: <info>  [1578952136.1325] hostname: hostname: using hostnamed
Jan 13 21:48:56 localhost NetworkManager[1626]: <debug> [1578952136.1326] create NMHostnameManager singleton (0241d504af4596be)
Jan 13 21:48:56 localhost NetworkManager[1626]: <debug> [1578952136.1329] create NMFirewallManager singleton (8c1a8a084374cc89)
Jan 13 21:48:56 localhost NetworkManager[1626]: <info>  [1578952136.1334] dns-mgr[0xaaaaea8da2b0]: init: dns=default,systemd-resolved rc-manager=symlink
Jan 13 21:48:56 localhost NetworkManager[1626]: <debug> [1578952136.1335] create NMDnsManager singleton (7c7f57dd249df8f0)
Jan 13 21:48:56 localhost NetworkManager[1626]: <debug> [1578952136.1337] policy: hostname-mode: full
Jan 13 21:48:56 localhost NetworkManager[1626]: <debug> [1578952136.1343] setup NMManager singleton (c65d207686590eed)
Jan 13 21:48:56 localhost NetworkManager[1626]: <debug> [1578952136.1370] create NMConnectivity singleton (42d5e85a63fc2b0c)
Jan 13 21:48:56 localhost NetworkManager[1626]: <debug> [1578952136.1479] Loaded device plugin: NM6LowpanDeviceFactory (internal)
Jan 13 21:48:56 localhost NetworkManager[1626]: <debug> [1578952136.1480] Loaded device plugin: NMBondDeviceFactory (internal)
Jan 13 21:48:56 localhost NetworkManager[1626]: <debug> [1578952136.1481] Loaded device plugin: NMBridgeDeviceFactory (internal)
Jan 13 21:48:56 localhost NetworkManager[1626]: <debug> [1578952136.1481] Loaded device plugin: NMDummyDeviceFactory (internal)
Jan 13 21:48:56 localhost NetworkManager[1626]: <debug> [1578952136.1482] Loaded device plugin: NMEthernetDeviceFactory (internal)
Jan 13 21:48:56 localhost NetworkManager[1626]: <debug> [1578952136.1483] Loaded device plugin: NMInfinibandDeviceFactory (internal)
Jan 13 21:48:56 localhost NetworkManager[1626]: <debug> [1578952136.1484] Loaded device plugin: NMIPTunnelDeviceFactory (internal)
Jan 13 21:48:56 localhost NetworkManager[1626]: <debug> [1578952136.1484] Loaded device plugin: NMMacsecDeviceFactory (internal)
Jan 13 21:48:56 localhost NetworkManager[1626]: <debug> [1578952136.1485] Loaded device plugin: NMMacvlanDeviceFactory (internal)
Jan 13 21:48:56 localhost NetworkManager[1626]: <debug> [1578952136.1486] Loaded device plugin: NMPppDeviceFactory (internal)
Jan 13 21:48:56 localhost NetworkManager[1626]: <debug> [1578952136.1486] Loaded device plugin: NMTunDeviceFactory (internal)
Jan 13 21:48:56 localhost NetworkManager[1626]: <debug> [1578952136.1487] Loaded device plugin: NMVethDeviceFactory (internal)
Jan 13 21:48:56 localhost NetworkManager[1626]: <debug> [1578952136.1488] Loaded device plugin: NMVlanDeviceFactory (internal)
Jan 13 21:48:56 localhost NetworkManager[1626]: <debug> [1578952136.1489] Loaded device plugin: NMVxlanDeviceFactory (internal)
Jan 13 21:48:56 localhost NetworkManager[1626]: <debug> [1578952136.1489] Loaded device plugin: NMWireGuardDeviceFactory (internal)
Jan 13 21:48:56 localhost NetworkManager[1626]: <debug> [1578952136.1490] Loaded device plugin: NMWpanDeviceFactory (internal)
Jan 13 21:48:56 localhost NetworkManager[1626]: <info>  [1578952136.1740] Loaded device plugin: NMTeamFactory (/usr/lib64/NetworkManager/1.20.0-3.el8/libnm-device-plugin-team.so)
Jan 13 21:48:56 localhost NetworkManager[1626]: <info>  [1578952136.1859] Loaded device plugin: NMWifiFactory (/usr/lib64/NetworkManager/1.20.0-3.el8/libnm-device-plugin-wifi.so)
Jan 13 21:48:56 localhost NetworkManager[1626]: <info>  [1578952136.1860] manager: rfkill: Wi-Fi enabled by radio killswitch; enabled by state file
Jan 13 21:48:56 localhost NetworkManager[1626]: <info>  [1578952136.1863] manager: rfkill: WWAN enabled by radio killswitch; enabled by state file
Jan 13 21:48:56 localhost NetworkManager[1626]: <info>  [1578952136.1866] manager: Networking is enabled by state file
Jan 13 21:48:56 localhost NetworkManager[1626]: <debug> [1578952136.1867] dispatcher: (1) dispatching action 'hostname'
Jan 13 21:48:56 localhost NetworkManager[1626]: <debug> [1578952136.1876] dhcp-init: enabled DHCP client 'dhclient' (NMDhcpDhclient)
Jan 13 21:48:56 localhost NetworkManager[1626]: <debug> [1578952136.1877] dhcp-init: enabled DHCP client 'internal' (NMDhcpSystemd)
Jan 13 21:48:56 localhost NetworkManager[1626]: <info>  [1578952136.1878] dhcp-init: Using DHCP client 'dhclient'
Jan 13 21:48:56 localhost NetworkManager[1626]: <debug> [1578952136.1878] create NMDhcpManager singleton (413a38f42258a2bb)
Jan 13 21:48:56 localhost dbus-daemon[1635]: [system] Activating via systemd: service name='org.freedesktop.nm_dispatcher' unit='dbus-org.freedesktop.nm-dispatcher.service' requested by ':1.2' (uid=0 pid=1626 comm="/usr/sbin/NetworkManager --no-daemon " label="system_u:system_r:kernel_t:s0")
Jan 13 21:48:56 localhost systemd[1]: Starting Network Manager Script Dispatcher Service...
Jan 13 21:48:56 localhost NetworkManager[1626]: <info>  [1578952136.1993] settings: Loaded settings plugin: ifcfg-rh ("/usr/lib64/NetworkManager/1.20.0-3.el8/libnm-settings-plugin-ifcfg-rh.so")
Jan 13 21:48:56 localhost NetworkManager[1626]: <warn>  [1578952136.1994] settings: skipping deprecated plugin no-ibft
Jan 13 21:48:56 localhost NetworkManager[1626]: <info>  [1578952136.1995] settings: Loaded settings plugin: keyfile (internal)
Jan 13 21:48:56 localhost NetworkManager[1626]: <debug> [1578952136.2256] ++ connection 'new connection' (0xaaaaea897ee0/NMSimpleConnection/"802-3-ethernet"): [/org/freedesktop/NetworkManager/Settings/1]
Jan 13 21:48:56 localhost NetworkManager[1626]: <debug> [1578952136.2257] ++ connection                [ 0xaaaaea8f0280 ]
Jan 13 21:48:56 localhost NetworkManager[1626]: <debug> [1578952136.2257] ++ connection.id             = 'enp1s0'
Jan 13 21:48:56 localhost NetworkManager[1626]: <debug> [1578952136.2258] ++ connection.interface-name = 'enp1s0'
Jan 13 21:48:56 localhost NetworkManager[1626]: <debug> [1578952136.2259] ++ connection.permissions    = []
Jan 13 21:48:56 localhost NetworkManager[1626]: <debug> [1578952136.2259] ++ connection.type           = '802-3-ethernet'
Jan 13 21:48:56 localhost NetworkManager[1626]: <debug> [1578952136.2260] ++ connection.uuid           = '4490684f-9c8a-4970-b94c-342a32c915c6'
Jan 13 21:48:56 localhost NetworkManager[1626]: <debug> [1578952136.2261] ++ 802-3-ethernet            [ 0xaaaaea8a8400 ]
Jan 13 21:48:56 localhost NetworkManager[1626]: <debug> [1578952136.2261] ++ 802-3-ethernet.mac-address-blacklist = []
Jan 13 21:48:56 localhost NetworkManager[1626]: <debug> [1578952136.2261] ++ 802-3-ethernet.s390-options = ((GHashTable*) 0xaaaaea956860)
Jan 13 21:48:56 localhost NetworkManager[1626]: <debug> [1578952136.2262] ++ ipv4                      [ 0xaaaaea8c7190 ]
Jan 13 21:48:56 localhost NetworkManager[1626]: <debug> [1578952136.2263] ++ ipv4.addresses            = ((GPtrArray*) 0xaaaaea895840)
Jan 13 21:48:56 localhost NetworkManager[1626]: <debug> [1578952136.2263] ++ ipv4.dns                  = []
Jan 13 21:48:56 localhost NetworkManager[1626]: <debug> [1578952136.2264] ++ ipv4.dns-search           = []
Jan 13 21:48:56 localhost NetworkManager[1626]: <debug> [1578952136.2264] ++ ipv4.method               = 'auto'
Jan 13 21:48:56 localhost NetworkManager[1626]: <debug> [1578952136.2265] ++ ipv4.routes               = ((GPtrArray*) 0xaaaaea895800)
Jan 13 21:48:56 localhost NetworkManager[1626]: <debug> [1578952136.2266] ++ ipv4.routing-rules        = <unknown>
Jan 13 21:48:56 localhost NetworkManager[1626]: <debug> [1578952136.2266] ++ ipv6                      [ 0xaaaaea8f0350 ]
Jan 13 21:48:56 localhost NetworkManager[1626]: <debug> [1578952136.2267] ++ ipv6.addr-gen-mode        = 0
Jan 13 21:48:56 localhost NetworkManager[1626]: <debug> [1578952136.2268] ++ ipv6.addresses            = ((GPtrArray*) 0xaaaaea895700)
Jan 13 21:48:56 localhost NetworkManager[1626]: <debug> [1578952136.2269] ++ ipv6.dns                  = []
Jan 13 21:48:56 localhost NetworkManager[1626]: <debug> [1578952136.2269] ++ ipv6.dns-search           = []
Jan 13 21:48:56 localhost NetworkManager[1626]: <debug> [1578952136.2270] ++ ipv6.method               = 'auto'
Jan 13 21:48:56 localhost NetworkManager[1626]: <debug> [1578952136.2270] ++ ipv6.routes               = ((GPtrArray*) 0xaaaaea895740)
Jan 13 21:48:56 localhost NetworkManager[1626]: <debug> [1578952136.2271] ++ ipv6.routing-rules        = <unknown>
Jan 13 21:48:56 localhost NetworkManager[1626]: <debug> [1578952136.2284] device[0xaaaaea964550] (lo): unmanaged: flags set to [platform-init,by-default=0x110/0x110/unmanaged/unrealized], set-unmanaged [by-default=0x100])
Jan 13 21:48:56 localhost NetworkManager[1626]: <debug> [1578952136.2288] device[0xaaaaea964550] (lo): constructed (NMDeviceGeneric)
Jan 13 21:48:56 localhost NetworkManager[1626]: <debug> [1578952136.2288] device[0xaaaaea964550] (lo): start setup of NMDeviceGeneric, kernel ifindex 1
Jan 13 21:48:56 localhost NetworkManager[1626]: <debug> [1578952136.2289] device[0xaaaaea964550] (lo): assume-state: set guess-assume=1, connection=(null)
Jan 13 21:48:56 localhost NetworkManager[1626]: <debug> [1578952136.2292] platform-linux: error reading net:/sys/class/net/lo/phys_port_id: error reading 65536 bytes from file descriptor: Operation not supported
Jan 13 21:48:56 localhost NetworkManager[1626]: <debug> [1578952136.2294] platform-linux: sysctl: reading 'net:/sys/class/net/lo/dev_id': '0x0'
Jan 13 21:48:56 localhost NetworkManager[1626]: <debug> [1578952136.2297] platform-linux: error reading net:/sys/class/net/lo/device/sriov_totalvfs: Failed to open file "device/sriov_totalvfs" with openat: No such file or directory
Jan 13 21:48:56 localhost NetworkManager[1626]: <debug> [1578952136.2300] device[0xaaaaea964550] (lo): hw-addr: hardware address now 00:00:00:00:00:00
Jan 13 21:48:56 localhost NetworkManager[1626]: <debug> [1578952136.2300] device[0xaaaaea964550] (lo): hw-addr: update initial MAC address 00:00:00:00:00:00
Jan 13 21:48:56 localhost NetworkManager[1626]: <debug> [1578952136.2302] device[0xaaaaea964550] (lo): hw-addr: unable to read permanent MAC address (use current: 00:00:00:00:00:00)
Jan 13 21:48:56 localhost NetworkManager[1626]: <info>  [1578952136.2303] device (lo): carrier: link connected
Jan 13 21:48:56 localhost NetworkManager[1626]: <debug> [1578952136.2304] device[0xaaaaea964550] (lo): unmanaged: flags set to [platform-init,by-default,!external-down=0x110/0x910/unmanaged/unrealized], set-managed [external-down=0x800])
Jan 13 21:48:56 localhost NetworkManager[1626]: <debug> [1578952136.2304] device[0xaaaaea964550] (lo): unmanaged: flags set to [by-type,platform-init,by-default,!external-down=0x118/0x918/unmanaged/unrealized], set-unmanaged [by-type=0x8])
Jan 13 21:48:56 localhost NetworkManager[1626]: <debug> [1578952136.2305] device[0xaaaaea964550] (lo): unmanaged: flags set to [by-type,platform-init,by-default,!user-settings,!external-down=0x118/0x958/unmanaged/unrealized], set-managed [user-settings=0x40])
Jan 13 21:48:56 localhost NetworkManager[1626]: <debug> [1578952136.2305] device[0xaaaaea964550] (lo): unmanaged: flags set to [by-type,by-default,!platform-init,!user-settings,!external-down=0x108/0x958/unmanaged/unrealized], set-managed [platform-init=0x10])
Jan 13 21:48:56 localhost NetworkManager[1626]: <debug> [1578952136.2306] device[0xaaaaea964550] (lo): unmanaged: flags set to [by-type,by-default,!sleeping,!platform-init,!user-settings,!external-down=0x108/0x959/unmanaged/unrealized], set-managed [sleeping=0x1])
Jan 13 21:48:56 localhost NetworkManager[1626]: <info>  [1578952136.2313] manager: (lo): new Generic device (/org/freedesktop/NetworkManager/Devices/1)
Jan 13 21:48:56 localhost NetworkManager[1626]: <debug> [1578952136.2327] device[0xaaaaea964550] (lo): assume-state: set guess-assume=0, connection=(null)
Jan 13 21:48:56 localhost NetworkManager[1626]: <debug> [1578952136.2330] device[0xaaaaea9745a0] (enp1s0): constructed (NMDeviceEthernet)
Jan 13 21:48:56 localhost NetworkManager[1626]: <debug> [1578952136.2331] device[0xaaaaea9745a0] (enp1s0): start setup of NMDeviceEthernet, kernel ifindex 2
Jan 13 21:48:56 localhost NetworkManager[1626]: <debug> [1578952136.2331] device[0xaaaaea9745a0] (enp1s0): assume-state: set guess-assume=1, connection=(null)
Jan 13 21:48:56 localhost NetworkManager[1626]: <debug> [1578952136.2333] platform-linux: error reading net:/sys/class/net/enp1s0/phys_port_id: error reading 65536 bytes from file descriptor: Operation not supported
Jan 13 21:48:56 localhost NetworkManager[1626]: <debug> [1578952136.2335] platform-linux: sysctl: reading 'net:/sys/class/net/enp1s0/dev_id': '0x0'
Jan 13 21:48:56 localhost NetworkManager[1626]: <debug> [1578952136.2338] platform-linux: error reading net:/sys/class/net/enp1s0/device/sriov_totalvfs: Failed to open file "device/sriov_totalvfs" with openat: No such file or directory
Jan 13 21:48:56 localhost NetworkManager[1626]: <debug> [1578952136.2341] device[0xaaaaea9745a0] (enp1s0): hw-addr: hardware address now 52:54:00:0C:47:42
Jan 13 21:48:56 localhost NetworkManager[1626]: <debug> [1578952136.2341] device[0xaaaaea9745a0] (enp1s0): hw-addr: update initial MAC address 52:54:00:0C:47:42
Jan 13 21:48:56 localhost NetworkManager[1626]: <debug> [1578952136.2343] device[0xaaaaea9745a0] (enp1s0): hw-addr: read permanent MAC address '52:54:00:0C:47:42'
Jan 13 21:48:56 localhost NetworkManager[1626]: <info>  [1578952136.2344] device (enp1s0): carrier: link connected
Jan 13 21:48:56 localhost NetworkManager[1626]: <debug> [1578952136.2349] device[0xaaaaea9745a0] (enp1s0): unmanaged: flags set to [platform-init,!by-type=0x10/0x18/unmanaged/unrealized], set-managed [by-type=0x8])
Jan 13 21:48:56 localhost NetworkManager[1626]: <debug> [1578952136.2350] device[0xaaaaea9745a0] (enp1s0): unmanaged: flags set to [platform-init,!by-type,!user-settings=0x10/0x58/unmanaged/unrealized], set-managed [user-settings=0x40])
Jan 13 21:48:56 localhost NetworkManager[1626]: <debug> [1578952136.2350] device[0xaaaaea9745a0] (enp1s0): unmanaged: flags set to [!by-type,!platform-init,!user-settings=0x0/0x58/managed/unrealized], set-managed [platform-init=0x10])
Jan 13 21:48:56 localhost NetworkManager[1626]: <debug> [1578952136.2351] device[0xaaaaea9745a0] (enp1s0): unmanaged: flags set to [!sleeping,!by-type,!platform-init,!user-settings=0x0/0x59/managed/unrealized], set-managed [sleeping=0x1])
Jan 13 21:48:56 localhost NetworkManager[1626]: <info>  [1578952136.2358] manager: (enp1s0): new Ethernet device (/org/freedesktop/NetworkManager/Devices/2)
Jan 13 21:48:56 localhost NetworkManager[1626]: <debug> [1578952136.2376] device[0xaaaaea9745a0] (enp1s0): ip4-config: update (commit=0, new-config=0xaaaaea9222a0)
Jan 13 21:48:56 localhost NetworkManager[1626]: <debug> [1578952136.2381] device[0xaaaaea9745a0] (enp1s0): ip4-config: set IP Config instance (/org/freedesktop/NetworkManager/IP4Config/1)
Jan 13 21:48:56 localhost NetworkManager[1626]: <debug> [1578952136.2385] dns-mgr: (device_ip_config_changed): queueing DNS updates (1)
Jan 13 21:48:56 localhost NetworkManager[1626]: <debug> [1578952136.2386] dns-mgr: (device_ip_config_changed): DNS configuration did not change
Jan 13 21:48:56 localhost NetworkManager[1626]: <debug> [1578952136.2386] dns-mgr: (device_ip_config_changed): no DNS changes to commit (0)
Jan 13 21:48:56 localhost NetworkManager[1626]: <debug> [1578952136.2390] platform-linux: sysctl: reading '/proc/sys/net/ipv6/conf/enp1s0/disable_ipv6': '0'
Jan 13 21:48:56 localhost NetworkManager[1626]: <debug> [1578952136.2392] device[0xaaaaea9745a0] (enp1s0): ip6-config: update (commit=0, new-config=0xaaaaea8f4520)
Jan 13 21:48:56 localhost NetworkManager[1626]: <debug> [1578952136.2396] device[0xaaaaea9745a0] (enp1s0): ip6-config: set IP Config instance (/org/freedesktop/NetworkManager/IP6Config/1)
Jan 13 21:48:56 localhost NetworkManager[1626]: <debug> [1578952136.2399] dns-mgr: (device_ip_config_changed): queueing DNS updates (1)
Jan 13 21:48:56 localhost NetworkManager[1626]: <debug> [1578952136.2399] dns-mgr: (device_ip_config_changed): DNS configuration did not change
Jan 13 21:48:56 localhost NetworkManager[1626]: <debug> [1578952136.2400] dns-mgr: (device_ip_config_changed): no DNS changes to commit (0)
Jan 13 21:48:56 localhost NetworkManager[1626]: <info>  [1578952136.2405] manager: (enp1s0): assume: will attempt to assume matching connection 'enp1s0' (4490684f-9c8a-4970-b94c-342a32c915c6) (guessed)
Jan 13 21:48:56 localhost NetworkManager[1626]: <debug> [1578952136.2405] device[0xaaaaea9745a0] (enp1s0): assume-state: set guess-assume=0, connection=(null)
Jan 13 21:48:56 localhost NetworkManager[1626]: <info>  [1578952136.2406] manager: (enp1s0): assume: taking over an initramfs-configured connection
Jan 13 21:48:56 localhost NetworkManager[1626]: <info>  [1578952136.2407] device (enp1s0): state change: unmanaged -> unavailable (reason 'connection-assumed', sys-iface-state: 'assume')
Jan 13 21:48:56 localhost NetworkManager[1626]: <debug> [1578952136.2410] platform-linux: sysctl: reading '/proc/sys/net/ipv6/conf/enp1s0/accept_ra': '1'
Jan 13 21:48:56 localhost NetworkManager[1626]: <debug> [1578952136.2412] platform-linux: sysctl: reading '/proc/sys/net/ipv6/conf/enp1s0/accept_ra_defrtr': '1'
Jan 13 21:48:56 localhost NetworkManager[1626]: <debug> [1578952136.2413] platform-linux: sysctl: reading '/proc/sys/net/ipv6/conf/enp1s0/accept_ra_pinfo': '1'
Jan 13 21:48:56 localhost NetworkManager[1626]: <debug> [1578952136.2414] platform-linux: sysctl: reading '/proc/sys/net/ipv6/conf/enp1s0/accept_ra_rtr_pref': '1'
Jan 13 21:48:56 localhost NetworkManager[1626]: <debug> [1578952136.2415] platform-linux: sysctl: reading '/proc/sys/net/ipv6/conf/enp1s0/forwarding': '0'
Jan 13 21:48:56 localhost NetworkManager[1626]: <debug> [1578952136.2417] platform-linux: sysctl: reading '/proc/sys/net/ipv6/conf/enp1s0/hop_limit': '64'
Jan 13 21:48:56 localhost NetworkManager[1626]: <debug> [1578952136.2418] platform-linux: sysctl: reading '/proc/sys/net/ipv6/conf/enp1s0/use_tempaddr': '0'
Jan 13 21:48:56 localhost NetworkManager[1626]: <debug> [1578952136.2427] device[0xaaaaea9745a0] (enp1s0): add_pending_action (1): 'recheck-available'
Jan 13 21:48:56 localhost NetworkManager[1626]: <debug> [1578952136.2438] device[0xaaaaea9745a0] (enp1s0): connectivity state changed from UNKNOWN to NONE
Jan 13 21:48:56 localhost NetworkManager[1626]: <debug> [1578952136.2440] manager: connectivity checking indicates NONE
Jan 13 21:48:56 localhost NetworkManager[1626]: <debug> [1578952136.2443] dispatcher: (2) dispatching action 'connectivity-change'
Jan 13 21:48:56 localhost NetworkManager[1626]: <debug> [1578952136.2446] device[0xaaaaea9745a0] (enp1s0): connectivity state changed from UNKNOWN to NONE
Jan 13 21:48:56 localhost NetworkManager[1626]: <info>  [1578952136.2450] device (enp1s0): state change: unavailable -> disconnected (reason 'connection-assumed', sys-iface-state: 'assume')
Jan 13 21:48:56 localhost NetworkManager[1626]: <debug> [1578952136.2463] device[0xaaaaea9745a0] (enp1s0): add_pending_action (2): 'autoactivate'
Jan 13 21:48:56 localhost NetworkManager[1626]: <debug> [1578952136.2466] active-connection[0xaaaaea9226d0]: set device "enp1s0" [0xaaaaea9745a0]
Jan 13 21:48:56 localhost NetworkManager[1626]: <debug> [1578952136.2668] device[0xaaaaea9745a0] (enp1s0): add_pending_action (3): 'activation-0xaaaaea9226d0'
Jan 13 21:48:56 localhost NetworkManager[1626]: <debug> [1578952136.2673] active-connection[0xaaaaea9226d0]: constructed (NMActRequest, version-id 1, type assume)
Jan 13 21:48:56 localhost NetworkManager[1626]: <info>  [1578952136.2681] device (enp1s0): Activation: starting connection 'enp1s0' (4490684f-9c8a-4970-b94c-342a32c915c6)
Jan 13 21:48:56 localhost NetworkManager[1626]: <debug> [1578952136.2681] device[0xaaaaea9745a0] (enp1s0): activation-stage: schedule activate_stage1_device_prepare,v4 (id 30)
Jan 13 21:48:56 localhost NetworkManager[1626]: <debug> [1578952136.2687] create NMVpnManager singleton (aa3fb50e2e0b2516)
Jan 13 21:48:56 localhost NetworkManager[1626]: <debug> [1578952136.2687] manager: creating virtual devices...
Jan 13 21:48:56 localhost NetworkManager[1626]: <debug> [1578952136.2688] setting up local loopback
Jan 13 21:48:56 localhost NetworkManager[1626]: <debug> [1578952136.2689] platform: (lo) link: setting up
Jan 13 21:48:56 localhost NetworkManager[1626]: <debug> [1578952136.2689] platform-linux: link: change 1: flags: set 0x1/0x1 ([up] / [up])
Jan 13 21:48:56 localhost NetworkManager[1626]: <debug> [1578952136.2690] platform-linux: do-request-link: 1 
Jan 13 21:48:56 localhost NetworkManager[1626]: <debug> [1578952136.2694] platform-linux: do-change-link[1]: success changing link: success
Jan 13 21:48:56 localhost NetworkManager[1626]: <debug> [1578952136.2721] device[0xaaaaea964550] (lo): ip4-config: update (commit=0, new-config=0xaaaaea922890)
Jan 13 21:48:56 localhost NetworkManager[1626]: <debug> [1578952136.2725] device[0xaaaaea964550] (lo): ip4-config: set IP Config instance (/org/freedesktop/NetworkManager/IP4Config/2)
Jan 13 21:48:56 localhost NetworkManager[1626]: <debug> [1578952136.2729] dns-mgr: (device_ip_config_changed): queueing DNS updates (1)
Jan 13 21:48:56 localhost NetworkManager[1626]: <debug> [1578952136.2730] dns-mgr: (device_ip_config_changed): DNS configuration did not change
Jan 13 21:48:56 localhost NetworkManager[1626]: <debug> [1578952136.2730] dns-mgr: (device_ip_config_changed): no DNS changes to commit (0)
Jan 13 21:48:56 localhost NetworkManager[1626]: <debug> [1578952136.2733] platform-linux: sysctl: reading '/proc/sys/net/ipv6/conf/lo/disable_ipv6': '0'
Jan 13 21:48:56 localhost NetworkManager[1626]: <debug> [1578952136.2734] device[0xaaaaea964550] (lo): ip6-config: update (commit=0, new-config=0xaaaaea8f4850)
Jan 13 21:48:56 localhost NetworkManager[1626]: <debug> [1578952136.2739] device[0xaaaaea964550] (lo): ip6-config: set IP Config instance (/org/freedesktop/NetworkManager/IP6Config/2)
Jan 13 21:48:56 localhost NetworkManager[1626]: <debug> [1578952136.2741] dns-mgr: (device_ip_config_changed): queueing DNS updates (1)
Jan 13 21:48:56 localhost NetworkManager[1626]: <debug> [1578952136.2742] dns-mgr: (device_ip_config_changed): DNS configuration did not change
Jan 13 21:48:56 localhost NetworkManager[1626]: <debug> [1578952136.2742] dns-mgr: (device_ip_config_changed): no DNS changes to commit (0)
Jan 13 21:48:56 localhost NetworkManager[1626]: <debug> [1578952136.2744] device[0xaaaaea9745a0] (enp1s0): ip4-config: update (commit=0, new-config=0xaaaaea922d50)
Jan 13 21:48:56 localhost NetworkManager[1626]: <debug> [1578952136.2747] device[0xaaaaea9745a0] (enp1s0): ip6-config: update (commit=0, new-config=0xaaaaea8f4b80)
Jan 13 21:48:56 localhost NetworkManager[1626]: <debug> [1578952136.2748] device[0xaaaaea9745a0] (enp1s0): remove_pending_action (2): 'recheck-available'
Jan 13 21:48:56 localhost NetworkManager[1626]: <debug> [1578952136.2748] device[0xaaaaea9745a0] (enp1s0): remove_pending_action (1): 'autoactivate'
Jan 13 21:48:56 localhost NetworkManager[1626]: <debug> [1578952136.2748] device[0xaaaaea9745a0] (enp1s0): activation-stage: invoke activate_stage1_device_prepare,v4 (id 30)
Jan 13 21:48:56 localhost NetworkManager[1626]: <info>  [1578952136.2751] device (enp1s0): state change: disconnected -> prepare (reason 'none', sys-iface-state: 'assume')
Jan 13 21:48:56 localhost NetworkManager[1626]: <debug> [1578952136.2759] active-connection[0xaaaaea9226d0]: set state activating (was unknown)
Jan 13 21:48:56 localhost NetworkManager[1626]: <debug> [1578952136.2762] active-connection[0xaaaaea9226d0]: check-master-ready: not signalling (state activating, no master)
Jan 13 21:48:56 localhost NetworkManager[1626]: <debug> [1578952136.2763] manager: ActivatingConnection now enp1s0
Jan 13 21:48:56 localhost NetworkManager[1626]: <debug> [1578952136.2765] device[0xaaaaea9745a0] (enp1s0): activation-stage: schedule activate_stage2_device_config,v4 (id 39)
Jan 13 21:48:56 localhost NetworkManager[1626]: <debug> [1578952136.2766] device[0xaaaaea9745a0] (enp1s0): activation-stage: complete activate_stage1_device_prepare,v4 (id 30)
Jan 13 21:48:56 localhost NetworkManager[1626]: <debug> [1578952136.2766] manager: (lo): assume: don't assume because not managed
Jan 13 21:48:56 localhost NetworkManager[1626]: <debug> [1578952136.2868] device[0xaaaaea9745a0] (enp1s0): activation-stage: invoke activate_stage2_device_config,v4 (id 39)
Jan 13 21:48:56 localhost NetworkManager[1626]: <info>  [1578952136.2869] device (enp1s0): state change: prepare -> config (reason 'none', sys-iface-state: 'assume')
Jan 13 21:48:56 localhost NetworkManager[1626]: <debug> [1578952136.2875] rules-manager: sync
Jan 13 21:48:56 localhost NetworkManager[1626]: <debug> [1578952136.2876] firewall: [0xaaaaea8d5990,change:"enp1s0"]: firewall zone change enp1s0:default (waiting to initialize)
Jan 13 21:48:56 localhost NetworkManager[1626]: <debug> [1578952136.2876] device[0xaaaaea9745a0] (enp1s0): activation-stage: complete activate_stage2_device_config,v4 (id 39)
Jan 13 21:48:56 localhost NetworkManager[1626]: <debug> [1578952136.2877] manager: startup complete is waiting for device 'enp1s0' (activation-0xaaaaea9226d0)
Jan 13 21:48:56 localhost NetworkManager[1626]: <debug> [1578952136.2940] ifcfg-rh: dbus: acquired D-Bus service com.redhat.ifcfgrh1 and exported /com/redhat/ifcfgrh1 object
Jan 13 21:48:56 localhost NetworkManager[1626]: <debug> [1578952136.3087] sleep-monitor-sd: inhibit: taking sleep inhibitor...
Jan 13 21:48:56 localhost dbus-daemon[1635]: [system] Successfully activated service 'org.freedesktop.nm_dispatcher'
Jan 13 21:48:56 localhost systemd[1]: Started Network Manager Script Dispatcher Service.
Jan 13 21:48:56 localhost NetworkManager[1626]: <debug> [1578952136.3189] firewall: firewall initialized (not running)
Jan 13 21:48:56 localhost NetworkManager[1626]: <debug> [1578952136.3189] firewall: [0xaaaaea8d5990,change:"enp1s0"]: complete: fake success
Jan 13 21:48:56 localhost NetworkManager[1626]: <debug> [1578952136.3190] device[0xaaaaea9745a0] (enp1s0): activation-stage: schedule activate_stage3_ip_config_start,v4 (id 45)
Jan 13 21:48:56 localhost NetworkManager[1626]: <debug> [1578952136.3191] device[0xaaaaea9745a0] (enp1s0): activation-stage: invoke activate_stage3_ip_config_start,v4 (id 45)
Jan 13 21:48:56 localhost NetworkManager[1626]: <debug> [1578952136.3192] active-connection[0xaaaaea9226d0]: set state-flags layer2-ready,lifetime-bound-to-profile-visibility (was lifetime-bound-to-profile-visibility)
Jan 13 21:48:56 localhost NetworkManager[1626]: <info>  [1578952136.3194] device (enp1s0): state change: config -> ip-config (reason 'none', sys-iface-state: 'assume')
Jan 13 21:48:56 localhost NetworkManager[1626]: <debug> [1578952136.3201] device[0xaaaaea9745a0] (enp1s0): IPv4 config method is auto
Jan 13 21:48:56 localhost NetworkManager[1626]: <debug> [1578952136.3204] device[0xaaaaea9745a0] (enp1s0): ipv4.dhcp-client-id: no explicit client-id configured
Jan 13 21:48:56 localhost NetworkManager[1626]: <debug> [1578952136.3207] bus-manager: (dhcp) creating private socket unix:path=/run/NetworkManager/private-dhcp
Jan 13 21:48:56 localhost nm-dispatcher[1661]: req:1 'hostname': new request (3 scripts)
Jan 13 21:48:56 localhost nm-dispatcher[1661]: req:1 'hostname': environment: PATH=/usr/local/sbin:/usr/local/bin:/usr/sbin:/usr/bin
Jan 13 21:48:56 localhost NetworkManager[1626]: <debug> [1578952136.3216] create NMDhcpListener singleton (6fc4f5fa142fde7d)
Jan 13 21:48:56 localhost nm-dispatcher[1661]: req:1 'hostname': environment: NM_DISPATCHER_ACTION=hostname
Jan 13 21:48:56 localhost NetworkManager[1626]: <info>  [1578952136.3217] dhcp4 (enp1s0): activation: beginning transaction (timeout in 45 seconds)
Jan 13 21:48:56 localhost nm-dispatcher[1661]: req:1 'hostname': start running ordered scripts...
Jan 13 21:48:56 localhost NetworkManager[1626]: <debug> [1578952136.3217] dhcp4 (enp1s0): creating composite dhclient config /var/lib/NetworkManager/dhclient-enp1s0.conf
Jan 13 21:48:56 localhost nm-dispatcher[1661]: req:1 'hostname', "/etc/NetworkManager/dispatcher.d/04-iscsi": run script
Jan 13 21:48:56 localhost NetworkManager[1626]: <debug> [1578952136.3217] dhcp4 (enp1s0): looking for existing config /etc/NetworkManager/dhclient-4490684f-9c8a-4970-b94c-342a32c915c6.conf
Jan 13 21:48:56 localhost NetworkManager[1626]: <debug> [1578952136.3218] dhcp4 (enp1s0): looking for existing config /etc/NetworkManager/dhclient-enp1s0.conf
Jan 13 21:48:56 localhost NetworkManager[1626]: <debug> [1578952136.3219] dhcp4 (enp1s0): looking for existing config /etc/NetworkManager/dhclient.conf
Jan 13 21:48:56 localhost NetworkManager[1626]: <debug> [1578952136.3219] dhcp4 (enp1s0): looking for existing config /etc/dhcp/dhclient-enp1s0.conf
Jan 13 21:48:56 localhost NetworkManager[1626]: <debug> [1578952136.3226] dhcp4 (enp1s0): looking for existing config /etc/dhclient-enp1s0.conf
Jan 13 21:48:56 localhost NetworkManager[1626]: <debug> [1578952136.3227] dhcp4 (enp1s0): looking for existing config /etc/dhcp/dhclient.conf
Jan 13 21:48:56 localhost NetworkManager[1626]: <debug> [1578952136.3228] dhcp4 (enp1s0): merging existing dhclient config /etc/dhcp/dhclient.conf
Jan 13 21:48:56 localhost NetworkManager[1626]: <debug> [1578952136.3235] dhcp4 (enp1s0): running: /sbin/dhclient -d -q -sf /usr/libexec/nm-dhcp-helper -pf /run/NetworkManager/dhclient-enp1s0.pid -lf /run/NetworkManager/dhclient-4490684f-9c8a-4970-b94c-342a32c915c6-enp1s0.lease -cf /var/lib/NetworkManager/dhclient-enp1s0.conf enp1s0
Jan 13 21:48:56 localhost nm-dispatcher[1661]: req:2 'connectivity-change': new request (3 scripts)
Jan 13 21:48:56 localhost nm-dispatcher[1661]: req:2 'connectivity-change': environment: CONNECTIVITY_STATE=NONE
Jan 13 21:48:56 localhost nm-dispatcher[1661]: req:2 'connectivity-change': environment: PATH=/usr/local/sbin:/usr/local/bin:/usr/sbin:/usr/bin
Jan 13 21:48:56 localhost nm-dispatcher[1661]: req:2 'connectivity-change': environment: NM_DISPATCHER_ACTION=connectivity-change
Jan 13 21:48:56 localhost nm-dispatcher[1661]: req:1 'hostname', "/etc/NetworkManager/dispatcher.d/04-iscsi": complete
Jan 13 21:48:56 localhost nm-dispatcher[1661]: req:1 'hostname', "/etc/NetworkManager/dispatcher.d/11-dhclient": run script
Jan 13 21:48:56 localhost NetworkManager[1626]: <info>  [1578952136.3672] dhcp4 (enp1s0): dhclient started with pid 1665
Jan 13 21:48:56 localhost NetworkManager[1626]: <debug> [1578952136.3673] device[0xaaaaea9745a0] (enp1s0): add_pending_action (2): 'dhcp4'
Jan 13 21:48:56 localhost NetworkManager[1626]: <debug> [1578952136.3674] device[0xaaaaea9745a0] (enp1s0): IPv6 config method is auto
Jan 13 21:48:56 localhost NetworkManager[1626]: <debug> [1578952136.3675] platform-linux: sysctl: setting '/proc/sys/net/ipv6/conf/enp1s0/disable_ipv6' to '0' (current value is identical)
Jan 13 21:48:56 localhost NetworkManager[1626]: <debug> [1578952136.3680] platform-linux: sysctl: reading '/proc/sys/net/ipv6/conf/default/use_tempaddr': '0'
Jan 13 21:48:56 localhost NetworkManager[1626]: <debug> [1578952136.3683] platform-linux: sysctl: reading '/proc/sys/net/ipv6/conf/enp1s0/max_addresses': '16'
Jan 13 21:48:56 localhost NetworkManager[1626]: <debug> [1578952136.3684] platform-linux: sysctl: reading '/proc/sys/net/ipv6/conf/enp1s0/router_solicitations': '-1'
