21:48:09,661 INFO kernel:Booting Linux on physical CPU 0x0000000000 [0x431f0a11]
21:48:09,661 NOTICE kernel:Linux version 4.18.0-147.el8.aarch64 (mockbuild@aarch64-01.mbox.centos.org) (gcc version 8.3.1 20190507 (Red Hat 8.3.1-4) (GCC)) #1 SMP Wed Dec 4 21:57:21 UTC 2019
21:48:09,661 INFO kernel:efi: Getting EFI parameters from FDT:
21:48:09,661 INFO kernel:efi: EFI v2.70 by EDK II
21:48:09,661 INFO kernel:efi:  SMBIOS 3.0=0x13f5c0000  ACPI 2.0=0x13c020000  MEMATTR=0x13cd2f018  MEMRESERVE=0x13c1e3018 
21:48:09,661 INFO kernel:ACPI: Early table checksum verification disabled
21:48:09,661 INFO kernel:ACPI: RSDP 0x000000013C020000 000024 (v02 BOCHS )
21:48:09,662 INFO kernel:ACPI: XSDT 0x000000013BD30000 000054 (v01 BOCHS  BXPCFACP 00000001      01000013)
21:48:09,662 INFO kernel:ACPI: FACP 0x000000013BC10000 00010C (v05 BOCHS  BXPCFACP 00000001 BXPC 00000001)
21:48:09,662 INFO kernel:ACPI: DSDT 0x000000013BC20000 0011F7 (v02 BOCHS  BXPCDSDT 00000001 BXPC 00000001)
21:48:09,662 INFO kernel:ACPI: APIC 0x000000013BC00000 000198 (v03 BOCHS  BXPCAPIC 00000001 BXPC 00000001)
21:48:09,662 INFO kernel:ACPI: GTDT 0x000000013BBF0000 000060 (v02 BOCHS  BXPCGTDT 00000001 BXPC 00000001)
21:48:09,662 INFO kernel:ACPI: MCFG 0x000000013BBE0000 00003C (v01 BOCHS  BXPCMCFG 00000001 BXPC 00000001)
21:48:09,662 INFO kernel:ACPI: SPCR 0x000000013BBD0000 000050 (v02 BOCHS  BXPCSPCR 00000001 BXPC 00000001)
21:48:09,662 INFO kernel:ACPI: IORT 0x000000013BBC0000 00007C (v00 BOCHS  BXPCIORT 00000001 BXPC 00000001)
21:48:09,662 INFO kernel:ACPI: SPCR: console: pl011,mmio,0x9000000,9600
21:48:09,662 INFO kernel:ACPI: NUMA: Failed to initialise from firmware
21:48:09,662 INFO kernel:NUMA: Faking a node at [mem 0x0000000000000000-0x000000013fffffff]
21:48:09,662 INFO kernel:NUMA: NODE_DATA [mem 0x13ff4e600-0x13ff4ffff]
21:48:09,662 INFO kernel:Zone ranges:
21:48:09,662 INFO kernel:  DMA32    [mem 0x0000000040000000-0x00000000ffffffff]
21:48:09,662 INFO kernel:  Normal   [mem 0x0000000100000000-0x000000013fffffff]
21:48:09,662 INFO kernel:Movable zone start for each node
21:48:09,662 INFO kernel:Early memory node ranges
21:48:09,662 INFO kernel:  node   0: [mem 0x0000000040000000-0x000000013bd6ffff]
21:48:09,662 INFO kernel:  node   0: [mem 0x000000013bd70000-0x000000013bffffff]
21:48:09,662 INFO kernel:  node   0: [mem 0x000000013c000000-0x000000013c02ffff]
21:48:09,662 INFO kernel:  node   0: [mem 0x000000013c030000-0x000000013c1dffff]
21:48:09,662 INFO kernel:  node   0: [mem 0x000000013c1e0000-0x000000013f4bffff]
21:48:09,662 INFO kernel:  node   0: [mem 0x000000013f4c0000-0x000000013f54ffff]
21:48:09,662 INFO kernel:  node   0: [mem 0x000000013f550000-0x000000013f55ffff]
21:48:09,662 INFO kernel:  node   0: [mem 0x000000013f560000-0x000000013f67ffff]
21:48:09,662 INFO kernel:  node   0: [mem 0x000000013f680000-0x000000013fffffff]
21:48:09,662 INFO kernel:Zeroed struct page in unavailable ranges: 95 pages
21:48:09,662 INFO kernel:Initmem setup node 0 [mem 0x0000000040000000-0x000000013fffffff]
21:48:09,662 DEBUG kernel:On node 0 totalpages: 65536
21:48:09,662 DEBUG kernel:  DMA32 zone: 48 pages used for memmap
21:48:09,662 DEBUG kernel:  DMA32 zone: 0 pages reserved
21:48:09,662 DEBUG kernel:  DMA32 zone: 49152 pages, LIFO batch:1
21:48:09,662 DEBUG kernel:  Normal zone: 16 pages used for memmap
21:48:09,662 DEBUG kernel:  Normal zone: 16384 pages, LIFO batch:1
21:48:09,662 INFO kernel:psci: probing for conduit method from ACPI.
21:48:09,662 INFO kernel:psci: PSCIv1.0 detected in firmware.
21:48:09,662 INFO kernel:psci: Using standard PSCI v0.2 function IDs
21:48:09,662 INFO kernel:psci: Trusted OS migration not required
21:48:09,662 INFO kernel:psci: SMC Calling Convention v1.1
21:48:09,662 INFO kernel:percpu: Embedded 3 pages/cpu s127832 r8192 d60584 u196608
21:48:09,662 DEBUG kernel:pcpu-alloc: s127832 r8192 d60584 u196608 alloc=3*65536
21:48:09,662 DEBUG kernel:pcpu-alloc: [0] 0 [0] 1 [0] 2 [0] 3 
21:48:09,662 INFO kernel:Detected VIPT I-cache on CPU0
21:48:09,662 INFO kernel:CPU features: enabling workaround for Cavium erratum 27456
21:48:09,662 INFO kernel:CPU features: enabling workaround for Cavium erratum 30115
21:48:09,662 WARNING kernel:ARM_SMCCC_ARCH_WORKAROUND_1 missing from firmware
21:48:09,662 INFO kernel:CPU features: detected: Software prefetching using PRFM
21:48:09,662 INFO kernel:CPU features: kernel page table isolation forced OFF by ARM64_WORKAROUND_CAVIUM_27456
21:48:09,662 INFO kernel:Built 1 zonelists, mobility grouping on.  Total pages: 65472
21:48:09,662 INFO kernel:Policy zone: Normal
21:48:09,662 NOTICE kernel:Kernel command line: method=http://qa.centos.org/centos/8/BaseOS/aarch64/os/ ks=file:/ks.cfg initrd=initrd
21:48:09,662 NOTICE kernel:Specific versions of hardware are certified with Red Hat Enterprise Linux 8. Please see the list of hardware certified with Red Hat Enterprise Linux 8 at https://access.redhat.com/ecosystem.
21:48:09,662 INFO kernel:software IO TLB: mapped [mem 0xfbff0000-0xffff0000] (64MB)
21:48:09,663 INFO kernel:Memory: 4026688K/4194304K available (9276K kernel code, 1930K rwdata, 5888K rodata, 4480K init, 9234K bss, 167616K reserved, 0K cma-reserved)
21:48:09,663 NOTICE kernel:random: get_random_u64 called from cache_random_seq_create+0x88/0x158 with crng_init=0
21:48:09,663 INFO kernel:SLUB: HWalign=128, Order=0-3, MinObjects=0, CPUs=4, Nodes=1
21:48:09,663 INFO kernel:ftrace: allocating 33130 entries in 9 pages
21:48:09,663 INFO kernel:rcu: Hierarchical RCU implementation.
21:48:09,663 INFO kernel:rcu: #011RCU restricting CPUs from NR_CPUS=4096 to nr_cpu_ids=4.
21:48:09,663 INFO kernel:rcu: RCU calculated value of scheduler-enlistment delay is 10 jiffies.
21:48:09,663 INFO kernel:rcu: Adjusting geometry for rcu_fanout_leaf=16, nr_cpu_ids=4
21:48:09,663 INFO kernel:NR_IRQS: 64, nr_irqs: 64, preallocated irqs: 0
21:48:09,663 INFO kernel:GICv3: Distributor has no Range Selector support
21:48:09,663 INFO kernel:GICv3: no VLPI support, no direct LPI support
21:48:09,663 INFO kernel:GICv3: CPU0: found redistributor 0 region 0:0x00000000080a0000
21:48:09,663 WARNING kernel:ACPI: SRAT not present
21:48:09,663 INFO kernel:ITS [mem 0x08080000-0x0809ffff]
21:48:09,663 INFO kernel:ITS@0x0000000008080000: allocated 8192 Devices @100290000 (indirect, esz 8, psz 64K, shr 1)
21:48:09,663 INFO kernel:ITS@0x0000000008080000: allocated 8192 Interrupt Collections @1002a0000 (flat, esz 8, psz 64K, shr 1)
21:48:09,663 INFO kernel:GICv3: using LPI property table @0x00000001002b0000
21:48:09,663 INFO kernel:GICv3: CPU0: using allocated LPI pending table @0x00000001002d0000
21:48:09,663 INFO kernel:rcu: #011Offload RCU callbacks from CPUs: (none).
21:48:09,663 INFO kernel:arch_timer: cp15 timer(s) running at 100.00MHz (virt).
21:48:09,663 INFO kernel:clocksource: arch_sys_counter: mask: 0xffffffffffffff max_cycles: 0x171024e7e0, max_idle_ns: 440795205315 ns
21:48:09,663 INFO kernel:sched_clock: 56 bits at 100MHz, resolution 10ns, wraps every 4398046511100ns
21:48:09,663 INFO kernel:Console: colour dummy device 80x25
21:48:09,663 INFO kernel:ACPI: Core revision 20180531
21:48:09,663 INFO kernel:Calibrating delay loop (skipped), value calculated using timer frequency.. 200.00 BogoMIPS (lpj=1000000)
21:48:09,663 INFO kernel:pid_max: default: 32768 minimum: 301
21:48:09,663 INFO kernel:Security Framework initialized
21:48:09,663 INFO kernel:Yama: becoming mindful.
21:48:09,663 INFO kernel:SELinux:  Initializing.
21:48:09,663 INFO kernel:Dentry cache hash table entries: 524288 (order: 6, 4194304 bytes)
21:48:09,663 INFO kernel:Inode-cache hash table entries: 262144 (order: 5, 2097152 bytes)
21:48:09,663 INFO kernel:Mount-cache hash table entries: 8192 (order: 0, 65536 bytes)
21:48:09,663 INFO kernel:Mountpoint-cache hash table entries: 8192 (order: 0, 65536 bytes)
21:48:09,663 WARNING kernel:ACPI PPTT: No PPTT table found, cpu topology may be inaccurate
21:48:09,663 INFO kernel:ASID allocator initialised with 32768 entries
21:48:09,663 INFO kernel:rcu: Hierarchical SRCU implementation.
21:48:09,663 INFO kernel:Platform MSI: ITS@0x8080000 domain created
21:48:09,663 INFO kernel:PCI/MSI: ITS@0x8080000 domain created
21:48:09,663 INFO kernel:Remapping and enabling EFI services.
21:48:09,663 INFO kernel:smp: Bringing up secondary CPUs ...
21:48:09,663 INFO kernel:Detected VIPT I-cache on CPU1
21:48:09,663 INFO kernel:GICv3: CPU1: found redistributor 1 region 0:0x00000000080c0000
21:48:09,663 INFO kernel:GICv3: CPU1: using allocated LPI pending table @0x00000001002e0000
21:48:09,663 INFO kernel:CPU1: Booted secondary processor 0x0000000001 [0x431f0a11]
21:48:09,663 INFO kernel:Detected VIPT I-cache on CPU2
21:48:09,663 INFO kernel:GICv3: CPU2: found redistributor 2 region 0:0x00000000080e0000
21:48:09,663 INFO kernel:GICv3: CPU2: using allocated LPI pending table @0x00000001002f0000
21:48:09,663 INFO kernel:CPU2: Booted secondary processor 0x0000000002 [0x431f0a11]
21:48:09,663 INFO kernel:Detected VIPT I-cache on CPU3
21:48:09,663 INFO kernel:GICv3: CPU3: found redistributor 3 region 0:0x0000000008100000
21:48:09,663 INFO kernel:GICv3: CPU3: using allocated LPI pending table @0x0000000100300000
21:48:09,664 INFO kernel:CPU3: Booted secondary processor 0x0000000003 [0x431f0a11]
21:48:09,664 INFO kernel:smp: Brought up 1 node, 4 CPUs
21:48:09,664 INFO kernel:SMP: Total of 4 processors activated.
21:48:09,664 INFO kernel:CPU features: detected: GIC system register CPU interface
21:48:09,664 INFO kernel:CPU features: detected: Data cache clean to the PoU not required for I/D coherence
21:48:09,664 INFO kernel:CPU: All CPU(s) started at EL1
21:48:09,664 INFO kernel:alternatives: patching kernel code
21:48:09,664 INFO kernel:devtmpfs: initialized
21:48:09,664 INFO kernel:clocksource: jiffies: mask: 0xffffffff max_cycles: 0xffffffff, max_idle_ns: 19112604462750000 ns
21:48:09,664 INFO kernel:futex hash table entries: 1024 (order: 0, 65536 bytes)
21:48:09,664 INFO kernel:pinctrl core: initialized pinctrl subsystem
21:48:09,664 INFO kernel:SMBIOS 3.0.0 present.
21:48:09,664 INFO kernel:DMI: QEMU KVM Virtual Machine, BIOS 0.0.0 02/06/2015
21:48:09,664 INFO kernel:NET: Registered protocol family 16
21:48:09,664 INFO kernel:audit: initializing netlink subsys (disabled)
21:48:09,664 NOTICE kernel:audit: type=2000 audit(0.050:1): state=initialized audit_enabled=0 res=1
21:48:09,664 INFO kernel:cpuidle: using governor menu
21:48:09,664 INFO kernel:vdso: 2 pages (1 code @ (____ptrval____), 1 data @ (____ptrval____))
21:48:09,664 INFO kernel:hw-breakpoint: found 6 breakpoint and 4 watchpoint registers.
21:48:09,664 INFO kernel:DMA: preallocated 256 KiB pool for atomic allocations
21:48:09,664 INFO kernel:ACPI: bus type PCI registered
21:48:09,664 INFO kernel:acpiphp: ACPI Hot Plug PCI Controller Driver version: 0.5
21:48:09,664 INFO kernel:Serial: AMBA PL011 UART driver
21:48:09,664 INFO kernel:HugeTLB registered 2.00 MiB page size, pre-allocated 0 pages
21:48:09,664 INFO kernel:HugeTLB registered 512 MiB page size, pre-allocated 0 pages
21:48:09,664 INFO kernel:cryptd: max_cpu_qlen set to 1000
21:48:09,664 INFO kernel:ACPI: Added _OSI(Module Device)
21:48:09,664 INFO kernel:ACPI: Added _OSI(Processor Device)
21:48:09,664 INFO kernel:ACPI: Added _OSI(3.0 _SCP Extensions)
21:48:09,664 INFO kernel:ACPI: Added _OSI(Processor Aggregator Device)
21:48:09,664 INFO kernel:ACPI: Added _OSI(Linux-Dell-Video)
21:48:09,664 INFO kernel:ACPI: 1 ACPI AML tables successfully acquired and loaded
21:48:09,664 INFO kernel:ACPI: Interpreter enabled
21:48:09,664 INFO kernel:ACPI: Using GIC for interrupt routing
21:48:09,664 INFO kernel:ACPI: MCFG table detected, 1 entries
21:48:09,664 INFO kernel:ARMH0011:00: ttyAMA0 at MMIO 0x9000000 (irq = 4, base_baud = 0) is a SBSA
21:48:09,664 INFO kernel:console [ttyAMA0] enabled
21:48:09,664 INFO kernel:ACPI: PCI Root Bridge [PCI0] (domain 0000 [bus 00-0f])
21:48:09,665 INFO kernel:acpi PNP0A08:00: _OSC: OS supports [ExtendedConfig ASPM ClockPM Segments MSI]
21:48:09,665 INFO kernel:acpi PNP0A08:00: _OSC: platform does not support [LTR]
21:48:09,666 INFO kernel:acpi PNP0A08:00: _OSC: OS now controls [PCIeHotplug PME AER PCIeCapability]
21:48:09,666 INFO kernel:acpi PNP0A08:00: ECAM area [mem 0x3f000000-0x3fffffff] reserved by PNP0C02:00
21:48:09,666 INFO kernel:acpi PNP0A08:00: ECAM at [mem 0x3f000000-0x3fffffff] for [bus 00-0f]
21:48:09,666 INFO kernel:Remapped I/O 0x000000003eff0000 to [io  0x0000-0xffff window]
21:48:09,667 INFO kernel:PCI host bridge to bus 0000:00
21:48:09,667 INFO kernel:pci_bus 0000:00: root bus resource [mem 0x10000000-0x3efeffff window]
21:48:09,668 INFO kernel:pci_bus 0000:00: root bus resource [io  0x0000-0xffff window]
21:48:09,668 INFO kernel:pci_bus 0000:00: root bus resource [mem 0x8000000000-0xffffffffff window]
21:48:09,668 INFO kernel:pci_bus 0000:00: root bus resource [bus 00-0f]
21:48:09,669 DEBUG kernel:pci 0000:00:00.0: [1b36:0008] type 00 class 0x060000
21:48:09,669 DEBUG kernel:pci 0000:00:01.0: [1b36:000c] type 01 class 0x060400
21:48:09,669 DEBUG kernel:pci 0000:00:01.0: reg 0x10: [mem 0x10303000-0x10303fff]
21:48:09,670 DEBUG kernel:pci 0000:00:01.1: [1b36:000c] type 01 class 0x060400
21:48:09,670 DEBUG kernel:pci 0000:00:01.1: reg 0x10: [mem 0x10302000-0x10302fff]
21:48:09,671 DEBUG kernel:pci 0000:00:01.2: [1b36:000c] type 01 class 0x060400
21:48:09,671 DEBUG kernel:pci 0000:00:01.2: reg 0x10: [mem 0x10301000-0x10301fff]
21:48:09,671 DEBUG kernel:pci 0000:00:01.3: [1b36:000c] type 01 class 0x060400
21:48:09,672 DEBUG kernel:pci 0000:00:01.3: reg 0x10: [mem 0x10300000-0x10300fff]
21:48:09,672 DEBUG kernel:pci 0000:01:00.0: [1af4:1041] type 00 class 0x020000
21:48:09,673 DEBUG kernel:pci 0000:01:00.0: reg 0x14: [mem 0x10200000-0x10200fff]
21:48:09,673 DEBUG kernel:pci 0000:01:00.0: reg 0x20: [mem 0x8000000000-0x8000003fff 64bit pref]
21:48:09,673 DEBUG kernel:pci 0000:02:00.0: [1af4:1043] type 00 class 0x078000
21:48:09,674 DEBUG kernel:pci 0000:02:00.0: reg 0x14: [mem 0x10100000-0x10100fff]
21:48:09,674 DEBUG kernel:pci 0000:02:00.0: reg 0x20: [mem 0x8000100000-0x8000103fff 64bit pref]
21:48:09,675 DEBUG kernel:pci 0000:03:00.0: [1af4:1042] type 00 class 0x010000
21:48:09,675 DEBUG kernel:pci 0000:03:00.0: reg 0x14: [mem 0x10000000-0x10000fff]
21:48:09,675 DEBUG kernel:pci 0000:03:00.0: reg 0x20: [mem 0x8000200000-0x8000203fff 64bit pref]
21:48:09,676 INFO kernel:pci 0000:00:01.0: BAR 14: assigned [mem 0x10000000-0x101fffff]
21:48:09,676 INFO kernel:pci 0000:00:01.0: BAR 15: assigned [mem 0x8000000000-0x80001fffff 64bit pref]
21:48:09,697 INFO kernel:pci 0000:00:01.1: BAR 14: assigned [mem 0x10200000-0x103fffff]
21:48:09,697 INFO kernel:pci 0000:00:01.1: BAR 15: assigned [mem 0x8000200000-0x80003fffff 64bit pref]
21:48:09,697 INFO kernel:pci 0000:00:01.2: BAR 14: assigned [mem 0x10400000-0x105fffff]
21:48:09,698 INFO kernel:pci 0000:00:01.2: BAR 15: assigned [mem 0x8000400000-0x80005fffff 64bit pref]
21:48:09,698 INFO kernel:pci 0000:00:01.3: BAR 14: assigned [mem 0x10600000-0x107fffff]
21:48:09,699 INFO kernel:pci 0000:00:01.3: BAR 15: assigned [mem 0x8000600000-0x80007fffff 64bit pref]
21:48:09,699 INFO kernel:pci 0000:00:01.0: BAR 0: assigned [mem 0x10800000-0x10800fff]
21:48:09,699 INFO kernel:pci 0000:00:01.0: BAR 13: assigned [io  0x1000-0x1fff]
21:48:09,700 INFO kernel:pci 0000:00:01.1: BAR 0: assigned [mem 0x10801000-0x10801fff]
21:48:09,700 INFO kernel:pci 0000:00:01.1: BAR 13: assigned [io  0x2000-0x2fff]
21:48:09,700 INFO kernel:pci 0000:00:01.2: BAR 0: assigned [mem 0x10802000-0x10802fff]
21:48:09,701 INFO kernel:pci 0000:00:01.2: BAR 13: assigned [io  0x3000-0x3fff]
21:48:09,701 INFO kernel:pci 0000:00:01.3: BAR 0: assigned [mem 0x10803000-0x10803fff]
21:48:09,702 INFO kernel:pci 0000:00:01.3: BAR 13: assigned [io  0x4000-0x4fff]
21:48:09,702 INFO kernel:pci 0000:01:00.0: BAR 4: assigned [mem 0x8000000000-0x8000003fff 64bit pref]
21:48:09,702 INFO kernel:pci 0000:01:00.0: BAR 1: assigned [mem 0x10000000-0x10000fff]
21:48:09,703 INFO kernel:pci 0000:00:01.0: PCI bridge to [bus 01]
21:48:09,703 INFO kernel:pci 0000:00:01.0:   bridge window [io  0x1000-0x1fff]
21:48:09,704 INFO kernel:pci 0000:00:01.0:   bridge window [mem 0x10000000-0x101fffff]
21:48:09,704 INFO kernel:pci 0000:00:01.0:   bridge window [mem 0x8000000000-0x80001fffff 64bit pref]
21:48:09,704 INFO kernel:pci 0000:02:00.0: BAR 4: assigned [mem 0x8000200000-0x8000203fff 64bit pref]
21:48:09,705 INFO kernel:pci 0000:02:00.0: BAR 1: assigned [mem 0x10200000-0x10200fff]
21:48:09,705 INFO kernel:pci 0000:00:01.1: PCI bridge to [bus 02]
21:48:09,706 INFO kernel:pci 0000:00:01.1:   bridge window [io  0x2000-0x2fff]
21:48:09,706 INFO kernel:pci 0000:00:01.1:   bridge window [mem 0x10200000-0x103fffff]
21:48:09,717 INFO kernel:pci 0000:00:01.1:   bridge window [mem 0x8000200000-0x80003fffff 64bit pref]
21:48:09,717 INFO kernel:pci 0000:03:00.0: BAR 4: assigned [mem 0x8000400000-0x8000403fff 64bit pref]
21:48:09,718 INFO kernel:pci 0000:03:00.0: BAR 1: assigned [mem 0x10400000-0x10400fff]
21:48:09,718 INFO kernel:pci 0000:00:01.2: PCI bridge to [bus 03]
21:48:09,719 INFO kernel:pci 0000:00:01.2:   bridge window [io  0x3000-0x3fff]
21:48:09,719 INFO kernel:pci 0000:00:01.2:   bridge window [mem 0x10400000-0x105fffff]
21:48:09,719 INFO kernel:pci 0000:00:01.2:   bridge window [mem 0x8000400000-0x80005fffff 64bit pref]
21:48:09,720 INFO kernel:pci 0000:00:01.3: PCI bridge to [bus 04]
21:48:09,720 INFO kernel:pci 0000:00:01.3:   bridge window [io  0x4000-0x4fff]
21:48:09,720 INFO kernel:pci 0000:00:01.3:   bridge window [mem 0x10600000-0x107fffff]
21:48:09,721 INFO kernel:pci 0000:00:01.3:   bridge window [mem 0x8000600000-0x80007fffff 64bit pref]
21:48:09,721 INFO kernel:ACPI: PCI Interrupt Link [GSI0] (IRQs *35)
21:48:09,721 INFO kernel:ACPI: PCI Interrupt Link [GSI1] (IRQs *36)
21:48:09,721 INFO kernel:ACPI: PCI Interrupt Link [GSI2] (IRQs *37)
21:48:09,721 INFO kernel:ACPI: PCI Interrupt Link [GSI3] (IRQs *38)
21:48:09,721 INFO kernel:vgaarb: loaded
21:48:09,721 NOTICE kernel:SCSI subsystem initialized
21:48:09,721 DEBUG kernel:libata version 3.00 loaded.
21:48:09,721 INFO kernel:ACPI: bus type USB registered
21:48:09,721 INFO kernel:usbcore: registered new interface driver usbfs
21:48:09,721 INFO kernel:usbcore: registered new interface driver hub
21:48:09,721 INFO kernel:usbcore: registered new device driver usb
21:48:09,721 INFO kernel:pps_core: LinuxPPS API ver. 1 registered
21:48:09,721 INFO kernel:pps_core: Software ver. 5.3.6 - Copyright 2005-2007 Rodolfo Giometti <giometti@linux.it>
21:48:09,721 INFO kernel:PTP clock support registered
21:48:09,721 INFO kernel:EDAC MC: Ver: 3.0.0
21:48:09,721 INFO kernel:Registered efivars operations
21:48:09,721 INFO kernel:NetLabel: Initializing
21:48:09,721 INFO kernel:NetLabel:  domain hash size = 128
21:48:09,721 INFO kernel:NetLabel:  protocols = UNLABELED CIPSOv4 CALIPSO
21:48:09,721 INFO kernel:NetLabel:  unlabeled traffic allowed by default
21:48:09,721 INFO kernel:clocksource: Switched to clocksource arch_sys_counter
21:48:09,721 NOTICE kernel:VFS: Disk quotas dquot_6.6.0
21:48:09,721 INFO kernel:VFS: Dquot-cache hash table entries: 8192 (order 0, 65536 bytes)
21:48:09,721 INFO kernel:pnp: PnP ACPI init
21:48:09,722 INFO kernel:system 00:00: [mem 0x3f000000-0x3fffffff] could not be reserved
21:48:09,722 DEBUG kernel:system 00:00: Plug and Play ACPI device, IDs PNP0c02 (active)
21:48:09,722 INFO kernel:pnp: PnP ACPI: found 1 devices
21:48:09,722 INFO kernel:NET: Registered protocol family 2
21:48:09,722 INFO kernel:tcp_listen_portaddr_hash hash table entries: 4096 (order: 0, 65536 bytes)
21:48:09,722 INFO kernel:TCP established hash table entries: 32768 (order: 2, 262144 bytes)
21:48:09,722 INFO kernel:TCP bind hash table entries: 32768 (order: 3, 524288 bytes)
21:48:09,722 INFO kernel:TCP: Hash tables configured (established 32768 bind 32768)
21:48:09,722 INFO kernel:UDP hash table entries: 2048 (order: 0, 65536 bytes)
21:48:09,722 INFO kernel:UDP-Lite hash table entries: 2048 (order: 0, 65536 bytes)
21:48:09,722 INFO kernel:NET: Registered protocol family 1
21:48:09,722 INFO kernel:NET: Registered protocol family 44
21:48:09,722 DEBUG kernel:PCI: CLS 0 bytes, default 64
21:48:09,722 INFO kernel:Unpacking initramfs...
21:48:09,722 INFO kernel:Freeing initrd memory: 55744K
21:48:09,723 INFO kernel:hw perfevents: enabled with armv8_pmuv3_0 PMU driver, 7 counters available
21:48:09,723 INFO kernel:kvm [1]: HYP mode not available
21:48:09,723 NOTICE kernel:Initialise system trusted keyrings
21:48:09,723 INFO kernel:workingset: timestamp_bits=43 max_order=16 bucket_order=0
21:48:09,723 INFO kernel:zbud: loaded
21:48:09,723 INFO kernel:pstore: using deflate compression
21:48:09,723 INFO kernel:NET: Registered protocol family 38
21:48:09,723 NOTICE kernel:Key type asymmetric registered
21:48:09,723 NOTICE kernel:Asymmetric key parser 'x509' registered
21:48:09,723 INFO kernel:Block layer SCSI generic (bsg) driver version 0.4 loaded (major 246)
21:48:09,723 INFO kernel:io scheduler mq-deadline registered
21:48:09,723 INFO kernel:io scheduler kyber registered
21:48:09,723 INFO kernel:io scheduler bfq registered
21:48:09,723 INFO kernel:atomic64_test: passed
21:48:09,723 INFO kernel:pl061_gpio ARMH0061:00: PL061 GPIO chip @0x0000000009030000 registered
21:48:09,723 INFO kernel:PCI Interrupt Link [GSI1] enabled at IRQ 36
21:48:09,724 INFO kernel:pcieport 0000:00:01.0: Signaling PME with IRQ 44
21:48:09,724 INFO kernel:aer 0000:00:01.0:pcie002: AER enabled with IRQ 44
21:48:09,724 INFO kernel:pciehp 0000:00:01.0:pcie004: Slot #0 AttnBtn+ PwrCtrl+ MRL- AttnInd+ PwrInd+ HotPlug+ Surprise+ Interlock+ NoCompl- LLActRep-
21:48:09,725 INFO kernel:pcieport 0000:00:01.1: Signaling PME with IRQ 45
21:48:09,725 INFO kernel:aer 0000:00:01.1:pcie002: AER enabled with IRQ 45
21:48:09,725 INFO kernel:pciehp 0000:00:01.1:pcie004: Slot #0 AttnBtn+ PwrCtrl+ MRL- AttnInd+ PwrInd+ HotPlug+ Surprise+ Interlock+ NoCompl- LLActRep-
21:48:09,726 INFO kernel:pcieport 0000:00:01.2: Signaling PME with IRQ 46
21:48:09,726 INFO kernel:aer 0000:00:01.2:pcie002: AER enabled with IRQ 46
21:48:09,737 INFO kernel:pciehp 0000:00:01.2:pcie004: Slot #0 AttnBtn+ PwrCtrl+ MRL- AttnInd+ PwrInd+ HotPlug+ Surprise+ Interlock+ NoCompl- LLActRep-
21:48:09,737 INFO kernel:pcieport 0000:00:01.3: Signaling PME with IRQ 47
21:48:09,738 INFO kernel:aer 0000:00:01.3:pcie002: AER enabled with IRQ 47
21:48:09,738 INFO kernel:pciehp 0000:00:01.3:pcie004: Slot #0 AttnBtn+ PwrCtrl+ MRL- AttnInd+ PwrInd+ HotPlug+ Surprise+ Interlock+ NoCompl- LLActRep-
21:48:09,739 INFO kernel:pciehp 0000:00:01.3:pcie004: Slot(0-3): Link Up
21:48:09,739 INFO kernel:input: Power Button as /devices/LNXSYSTM:00/LNXSYBUS:00/PNP0C0C:00/input/input0
21:48:09,739 INFO kernel:ACPI: Power Button [PWRB]
21:48:09,739 INFO kernel:virtio-pci 0000:01:00.0: enabling device (0000 -> 0002)
21:48:09,739 INFO kernel:virtio-pci 0000:02:00.0: enabling device (0000 -> 0002)
21:48:09,740 INFO kernel:virtio-pci 0000:03:00.0: enabling device (0000 -> 0002)
21:48:09,740 INFO kernel:Serial: 8250/16550 driver, 4 ports, IRQ sharing enabled
21:48:09,740 WARNING kernel:ACPI PPTT: No PPTT table found, cache topology may be inaccurate
21:48:09,740 WARNING kernel:ACPI PPTT: No PPTT table found, cache topology may be inaccurate
21:48:09,740 WARNING kernel:cacheinfo: Unable to detect cache hierarchy for CPU 0
21:48:09,740 INFO kernel:rdac: device handler registered
21:48:09,740 INFO kernel:hp_sw: device handler registered
21:48:09,740 INFO kernel:emc: device handler registered
21:48:09,740 INFO kernel:alua: device handler registered
21:48:09,740 INFO kernel:libphy: Fixed MDIO Bus: probed
21:48:09,740 INFO kernel:ehci_hcd: USB 2.0 'Enhanced' Host Controller (EHCI) Driver
21:48:09,740 INFO kernel:ehci-pci: EHCI PCI platform driver
21:48:09,740 INFO kernel:ohci_hcd: USB 1.1 'Open' Host Controller (OHCI) Driver
21:48:09,740 INFO kernel:ohci-pci: OHCI PCI platform driver
21:48:09,740 INFO kernel:uhci_hcd: USB Universal Host Controller Interface driver
21:48:09,740 INFO kernel:usbcore: registered new interface driver usbserial_generic
21:48:09,740 INFO kernel:usbserial: USB Serial support registered for generic
21:48:09,740 INFO kernel:mousedev: PS/2 mouse device common for all mice
21:48:09,741 INFO kernel:rtc-efi rtc-efi: rtc core: registered rtc-efi as rtc0
21:48:09,741 INFO kernel:EFI Variables Facility v0.08 2004-May-17
21:48:09,741 INFO kernel:hidraw: raw HID events driver (C) Jiri Kosina
21:48:09,741 INFO kernel:usbcore: registered new interface driver usbhid
21:48:09,741 INFO kernel:usbhid: USB HID core driver
21:48:09,741 INFO kernel:drop_monitor: Initializing network drop monitor service
21:48:09,741 INFO kernel:Initializing XFRM netlink socket
21:48:09,741 INFO kernel:NET: Registered protocol family 10
21:48:09,741 INFO kernel:Segment Routing with IPv6
21:48:09,741 INFO kernel:NET: Registered protocol family 17
21:48:09,741 INFO kernel:mpls_gso: MPLS GSO support
21:48:09,741 INFO kernel:registered taskstats version 1
21:48:09,741 NOTICE kernel:Loading compiled-in X.509 certificates
21:48:09,741 NOTICE kernel:Loaded X.509 cert 'CentOS Linux kernel signing key: 8a44b8a2c173835b502a9570667261ed7acc3bf9'
21:48:09,741 NOTICE kernel:Loaded X.509 cert 'CentOS Linux Driver update signing key: 29bd4c0d06d2e9911044b5dc973309139b51d6d5'
21:48:09,741 NOTICE kernel:Loaded X.509 cert 'CentOS Linux kpatch signing key: b49f086205909dc4da2cfa99376fb191d2f09e78'
21:48:09,741 INFO kernel:zswap: loaded using pool lzo/zbud
21:48:09,741 NOTICE kernel:Key type big_key registered
21:48:09,741 INFO kernel:rtc-efi rtc-efi: setting system clock to 2020-01-13 21:48:08 UTC (1578952088)
21:48:09,742 INFO kernel:Freeing unused kernel memory: 4480K
21:48:09,742 INFO systemd:systemd 239 running in system mode. (+PAM +AUDIT +SELINUX +IMA -APPARMOR +SMACK +SYSVINIT +UTMP +LIBCRYPTSETUP +GCRYPT +GNUTLS +ACL +XZ +LZ4 +SECCOMP +BLKID +ELFUTILS +KMOD +IDN2 -IDN +PCRE2 default-hierarchy=legacy)
21:48:09,742 INFO systemd:Detected virtualization kvm.
21:48:09,742 INFO systemd:Detected architecture arm64.
21:48:09,742 INFO systemd:Running in initial RAM disk.
21:48:09,742 INFO systemd:No hostname configured.
21:48:09,742 INFO systemd:Set hostname to <localhost>.
21:48:09,742 INFO systemd:Initializing machine ID from KVM UUID.
21:48:09,742 NOTICE kernel:random: ln: uninitialized urandom read (6 bytes read)
21:48:09,742 NOTICE kernel:random: systemd: uninitialized urandom read (16 bytes read)
21:48:09,742 INFO systemd:Listening on Open-iSCSI iscsiuio Socket.
21:48:09,742 NOTICE kernel:random: systemd: uninitialized urandom read (16 bytes read)
21:48:09,742 INFO systemd:Listening on Journal Socket.
21:48:09,742 INFO systemd:Starting iSCSI UserSpace I/O driver...
21:48:09,742 INFO kernel:Loading iSCSI transport class v2.0-870.
21:48:09,742 INFO systemd-journald:Journal started
21:48:09,742 INFO systemd-journald:Runtime journal (/run/log/journal/564839869d884d8e9c6cef16db94164a) is 8.0M, max 199.5M, 191.5M free.
21:48:09,742 WARNING systemd-vconsole-setup:KD_FONT_OP_GET failed while trying to get the font metadata: Function not implemented
21:48:09,743 WARNING systemd-vconsole-setup:Fonts will not be copied to remaining consoles
21:48:09,743 INFO rngd:Initalizing available sources
21:48:09,743 INFO rngd:Failed to init entropy source hwrng
21:48:09,745 INFO dracut-cmdline:dracut-8 (Core) dracut-049-27.git20190906.el8
21:48:09,745 INFO dracut-cmdline:Using kernel command line parameters: method=http://qa.centos.org/centos/8/BaseOS/aarch64/os/ ks=file:/ks.cfg initrd=initrd
21:48:10,298 INFO dracut-cmdline:Loading CentOS Linux 8 aarch64 installer...
21:48:10,498 INFO dracut-cmdline:Warning: 'method=' is deprecated. Using 'repo=http://qa.centos.org/centos/8/BaseOS/aarch64/os/' instead.
21:48:10,700 INFO dracut-cmdline:anaconda: parsing kickstart /ks.cfg
21:48:11,326 ERR kernel:pciehp 0000:00:01.3:pcie004: Failed to check link status
21:48:13,390 INFO rngd:Enabling JITTER rng support
21:48:13,390 INFO rngd:Initalizing entropy source jitter
21:48:13,399 NOTICE kernel:random: crng init done
21:48:13,399 NOTICE kernel:random: 7 urandom warning(s) missed due to ratelimiting
21:48:14,574 INFO dracut-cmdline:parse-kickstart WARNING: No device with link found for --device=link
21:48:14,838 INFO dracut-cmdline:rd.luks=0: removing cryptoluks activation
21:48:14,884 INFO dracut-cmdline:rd.lvm=0: removing LVM activation
21:48:14,946 NOTICE kernel:iscsi: registered transport (tcp)
21:48:15,006 NOTICE kernel:iscsi: registered transport (qla4xxx)
21:48:15,006 INFO kernel:QLogic iSCSI HBA Driver
21:48:15,026 INFO kernel:libcxgbi:libcxgbi_init_module: Chelsio iSCSI driver library libcxgbi v0.9.1-ko (Apr. 2015)
21:48:15,096 INFO kernel:Chelsio T4-T6 iSCSI Driver cxgb4i v0.9.5-ko (Apr. 2015)
21:48:15,096 NOTICE kernel:iscsi: registered transport (cxgb4i)
21:48:15,126 NOTICE kernel:iscsi: registered transport (be2iscsi)
21:48:15,126 INFO kernel:In beiscsi_module_init, tt=000000005e6f0e9d
21:48:15,202 INFO systemd:Started dracut cmdline hook.
21:48:15,209 INFO systemd:Starting dracut pre-udev hook...
21:48:15,336 INFO kernel:squashfs: version 4.0 (2009/01/31) Phillip Lougher
21:48:15,358 INFO dracut-pre-udev:modprobe: FATAL: Module floppy not found in directory /lib/modules/4.18.0-147.el8.aarch64
21:48:15,373 INFO dracut-pre-udev:modprobe: FATAL: Module edd not found in directory /lib/modules/4.18.0-147.el8.aarch64
21:48:15,388 INFO dracut-pre-udev:modprobe: FATAL: Module iscsi_ibft not found in directory /lib/modules/4.18.0-147.el8.aarch64
21:48:15,636 INFO kernel:raid6: int64x1  gen()  1218 MB/s
21:48:15,806 INFO kernel:raid6: int64x1  xor()   301 MB/s
21:48:15,976 INFO kernel:raid6: int64x2  gen()  1593 MB/s
21:48:16,146 INFO kernel:raid6: int64x2  xor()   322 MB/s
21:48:16,316 INFO kernel:raid6: int64x4  gen()  1876 MB/s
21:48:16,486 INFO kernel:raid6: int64x4  xor()   376 MB/s
21:48:16,656 INFO kernel:raid6: int64x8  gen()  1669 MB/s
21:48:16,826 INFO kernel:raid6: int64x8  xor()   313 MB/s
21:48:16,996 INFO kernel:raid6: neonx1   gen()  1905 MB/s
21:48:17,166 INFO kernel:raid6: neonx1   xor()   448 MB/s
21:48:17,336 INFO kernel:raid6: neonx2   gen()  2303 MB/s
21:48:17,506 INFO kernel:raid6: neonx2   xor()   545 MB/s
21:48:17,676 INFO kernel:raid6: neonx4   gen()  2597 MB/s
21:48:17,846 INFO kernel:raid6: neonx4   xor()   582 MB/s
21:48:18,016 INFO kernel:raid6: neonx8   gen()  2547 MB/s
21:48:18,189 INFO kernel:raid6: neonx8   xor()   587 MB/s
21:48:18,189 INFO kernel:raid6: using algorithm neonx4 gen() 2597 MB/s
21:48:18,189 INFO kernel:raid6: .... xor() 582 MB/s, rmw enabled
21:48:18,189 INFO kernel:raid6: using neon recovery algorithm
21:48:18,196 INFO kernel:async_tx: api initialized (async)
21:48:18,206 INFO kernel:xor: measuring software checksum speed
21:48:18,306 INFO kernel:   8regs     :  1331.200 MB/sec
21:48:18,406 INFO kernel:   8regs_prefetch:  1945.600 MB/sec
21:48:18,506 INFO kernel:   32regs    :  1433.600 MB/sec
21:48:18,606 INFO kernel:   32regs_prefetch:  3456.000 MB/sec
21:48:18,606 INFO kernel:xor: using function: 32regs_prefetch (3456.000 MB/sec)
21:48:18,762 INFO kernel:device-mapper: uevent: version 1.0.3
21:48:18,762 INFO kernel:device-mapper: ioctl: 4.39.0-ioctl (2018-04-03) initialised: dm-devel@redhat.com
21:48:18,886 INFO kernel:device-mapper: multipath round-robin: version 1.2.0 loaded
21:48:19,080 INFO kernel:RPC: Registered named UNIX socket transport module.
21:48:19,080 INFO kernel:RPC: Registered udp transport module.
21:48:19,080 INFO kernel:RPC: Registered tcp transport module.
21:48:19,090 INFO kernel:RPC: Registered tcp NFSv4.1 backchannel transport module.
21:48:19,179 NOTICE rpc.statd:Version 2.3.3 starting
21:48:19,188 NOTICE rpc.statd:Initializing NSM state
21:48:19,189 WARNING rpc.statd:Running as root.  chown /var/lib/nfs/statd to choose different user
21:48:19,238 WARNING rpc.idmapd:Setting log level to 0
21:48:19,272 INFO systemd:Started dracut pre-udev hook.
21:48:19,279 INFO systemd:Starting udev Kernel Device Manager...
21:48:19,642 INFO systemd:Started udev Kernel Device Manager.
21:48:19,650 INFO systemd:Starting dracut pre-trigger hook...
21:48:19,708 INFO dracut-pre-trigger:rd.md=0: removing MD RAID activation
21:48:19,890 INFO systemd:Started dracut pre-trigger hook.
21:48:19,897 INFO systemd:Starting udev Coldplug all Devices...
21:48:20,023 INFO systemd:Mounting Kernel Configuration File System...
21:48:20,037 INFO systemd:Mounted Kernel Configuration File System.
21:48:20,126 INFO systemd:Started udev Coldplug all Devices.
21:48:20,130 INFO systemd:Starting udev Wait for Complete Device Initialization...
21:48:20,149 INFO systemd:Starting Show Plymouth Boot Screen...
21:48:20,187 NOTICE kernel:virtio_blk virtio2: [vda] 20971520 512-byte logical blocks (10.7 GB/10.0 GiB)
21:48:20,218 INFO systemd-udevd:link_config: autonegotiation is unset or enabled, the speed and duplex are not writable.
21:48:20,223 INFO systemd:Started Show Plymouth Boot Screen.
21:48:20,284 INFO systemd:Received SIGRTMIN+20 from PID 846 (plymouthd).
21:48:20,285 INFO systemd:Started Forward Password Requests to Plymouth Directory Watch.
21:48:20,288 INFO systemd-udevd:link_config: autonegotiation is unset or enabled, the speed and duplex are not writable.
21:48:20,292 INFO systemd:Reached target Local Encrypted Volumes.
21:48:20,295 INFO systemd:Reached target Paths.
21:48:20,298 INFO kernel:virtio_net virtio0 enp1s0: renamed from eth0
21:48:20,449 INFO systemd:Started udev Wait for Complete Device Initialization.
21:48:20,452 INFO systemd:Starting Device-Mapper Multipath Device Controller...
21:48:20,458 INFO systemd:Started Device-Mapper Multipath Device Controller.
21:48:20,463 INFO systemd:Reached target Local File Systems (Pre).
21:48:20,470 INFO systemd:Reached target Local File Systems.
21:48:20,475 INFO multipathd:--------start up--------
21:48:20,476 INFO multipathd:read /etc/multipath.conf
21:48:20,477 INFO systemd:Starting Create Volatile Files and Directories...
21:48:20,484 INFO systemd:Starting Open-iSCSI...
21:48:20,500 INFO iscsid:iscsid: can't open InitiatorName configuration file /etc/iscsi/initiatorname.iscsi
21:48:20,501 INFO iscsid:iscsid: Warning: InitiatorName file /etc/iscsi/initiatorname.iscsi does not exist or does not contain a properly formatted InitiatorName. If using software iscsi (iscsi_tcp or ib_iser) or partial offload (bnx2i or cxgbi iscsi), you may not be able to log into or discover targets. Please create a file /etc/iscsi/initiatorname.iscsi that contains a sting with the format: InitiatorName=iqn.yyyy-mm.<reversed domain name>[:identifier].
21:48:20,501 INFO iscsid:Example: InitiatorName=iqn.2001-04.com.redhat:fc6.
21:48:20,501 INFO iscsid:If using hardware iscsi like qla4xxx this message can be ignored.
21:48:20,501 INFO iscsid:iscsid: can't open InitiatorAlias configuration file /etc/iscsi/initiatorname.iscsi
21:48:20,502 INFO systemd:Started Open-iSCSI.
21:48:20,504 INFO systemd:Started Create Volatile Files and Directories.
21:48:20,507 INFO systemd:Reached target System Initialization.
21:48:20,513 INFO systemd:Reached target Basic System.
21:48:20,515 INFO systemd:Starting dracut initqueue hook...
21:48:20,587 INFO multipathd:path checkers start up
21:48:20,631 INFO systemd:Reloading.
21:48:20,936 INFO kernel:IPv6: ADDRCONF(NETDEV_UP): enp1s0: link is not ready
21:48:20,950 INFO dracut-initqueue:Starting dhcp for interface enp1s0
21:48:21,019 INFO dracut-initqueue:dhcp: PREINIT enp1s0 up
21:48:21,077 INFO dhclient:Created duid "\000\004VH9\206\235\210M\216\234l\357\026\333\224\026J".
21:48:21,078 INFO dhclient:DHCPDISCOVER on enp1s0 to 255.255.255.255 port 67 interval 8 (xid=0xc0d05d1b)
21:48:21,216 INFO kernel:IPv6: ADDRCONF(NETDEV_CHANGE): enp1s0: link becomes ready
21:48:26,049 INFO dhclient:DHCPREQUEST on enp1s0 to 255.255.255.255 port 67 (xid=0xc0d05d1b)
21:48:26,049 INFO dhclient:DHCPOFFER from 192.168.122.1
21:48:26,049 INFO dhclient:DHCPACK from 192.168.122.1 (xid=0xc0d05d1b)
21:48:26,102 INFO dracut-initqueue:dhcp: BOND setting enp1s0
21:48:28,184 INFO dhclient:bound to 192.168.122.154 -- renewal in 1478 seconds.
21:48:28,240 INFO dracut-initqueue:RTNETLINK answers: File exists
21:48:29,021 INFO dracut-initqueue:anaconda: stage2 locations are: http://qa.centos.org/centos/8/BaseOS/aarch64/os/
21:48:29,021 INFO dracut-initqueue:anaconda: fetching stage2 from http://qa.centos.org/centos/8/BaseOS/aarch64/os/
21:48:29,156 INFO dracut-initqueue:  % Total    % Received % Xferd  Average Speed   Time    Time     Time  Current
21:48:29,156 INFO dracut-initqueue:                                 Dload  Upload   Total   Spent    Left  Speed
21:48:37,694 INFO dracut-initqueue:#015  0     0    0     0    0     0      0      0 --:--:-- --:--:-- --:--:--     0#015  6  451M    6 29.4M    0     0  30.0M      0  0:00:15 --:--:--  0:00:15 30.0M#015 18  451M   18 85.5M    0     0  43.1M      0  0:00:10  0:00:01  0:00:09 43.1M#015 31  451M   31  141M    0     0  47.5M      0  0:00:09  0:00:02  0:00:07 47.5M#015 43  451M   43  197M    0     0  49.6M      0  0:00:09  0:00:03  0:00:06 49.6M#015 56  451M   56  253M    0     0  50.9M      0  0:00:08  0:00:04  0:00:04 50.9M#015 68  451M   68  310M    0     0  51.8M      0  0:00:08  0:00:05  0:00:03 56.1M#015 81  451M   81  365M    0     0  52.4M      0  0:00:08  0:00:06  0:00:02 56.0M#015 93  451M   93  421M    0     0  52.8M      0  0:00:08  0:00:07  0:00:01 56.0M#015100  451M  100  451M    0     0  52.8M      0  0:00:08  0:00:08 --:--:-- 55.6M
21:48:37,701 INFO dracut-initqueue:anaconda: successfully fetched stage2 from http://qa.centos.org/centos/8/BaseOS/aarch64/os/
21:48:37,996 INFO kernel:loop: module loaded
21:48:38,550 INFO systemd:Started dracut initqueue hook.
21:48:38,551 INFO systemd:Reached target Remote File Systems (Pre).
21:48:38,555 INFO systemd:Reached target Remote File Systems.
21:48:38,559 INFO systemd:Starting dracut pre-mount hook...
21:48:38,595 INFO systemd:Started dracut pre-mount hook.
21:48:38,595 INFO systemd:Reached target Initrd Root File System.
21:48:38,602 INFO systemd:Starting Reload Configuration from the Real Root...
21:48:38,622 INFO systemd:Reloading.
21:48:38,914 INFO systemd:Started Reload Configuration from the Real Root.
21:48:38,914 INFO systemd:Reached target Initrd File Systems.
21:48:38,921 INFO systemd:Reached target Initrd Default Target.
21:48:38,923 INFO systemd:Starting dracut mount hook...
21:48:39,116 INFO kernel:EXT4-fs (dm-0): mounted filesystem with ordered data mode. Opts: (null)
21:48:39,163 INFO systemd:Started dracut mount hook.
21:48:39,167 INFO systemd:Starting dracut pre-pivot and cleanup hook...
21:48:41,817 INFO systemd:Started dracut pre-pivot and cleanup hook.
21:48:41,820 INFO systemd:Starting Cleaning Up and Shutting Down Daemons...
21:48:41,844 INFO systemd:Starting Plymouth switch root service...
21:48:41,844 INFO systemd:Stopped target Timers.
21:48:41,849 INFO systemd:Stopped dracut pre-pivot and cleanup hook.
21:48:41,849 INFO systemd:Stopped dracut mount hook.
21:48:41,853 INFO systemd:Stopped target Remote File Systems.
21:48:41,854 INFO systemd:Stopped target Remote File Systems (Pre).
21:48:41,861 INFO systemd:Starting Setup Virtual Console...
21:48:41,865 INFO systemd:Stopped dracut pre-mount hook.
21:48:41,871 INFO systemd:Stopped dracut initqueue hook.
21:48:41,876 INFO systemd:Stopping Open-iSCSI...
21:48:41,879 WARNING systemd-vconsole-setup:KD_FONT_OP_GET failed while trying to get the font metadata: Function not implemented
21:48:41,880 WARNING systemd-vconsole-setup:Fonts will not be copied to remaining consoles
21:48:41,880 INFO systemd:Stopped target Initrd Default Target.
21:48:41,880 INFO systemd:Stopped target Initrd Root Device.
21:48:41,880 INFO systemd:Stopped target Basic System.
21:48:41,885 INFO systemd:Stopped target Paths.
21:48:41,890 INFO iscsid:iscsid: iscsid shutting down.
21:48:41,891 INFO systemd:Stopped target System Initialization.
21:48:41,891 INFO systemd:Stopped target Swap.
21:48:41,895 INFO systemd:Stopped Create Volatile Files and Directories.
21:48:41,899 INFO systemd:Stopped target Local Encrypted Volumes.
21:48:41,903 INFO systemd:Stopped target Local File Systems.
21:48:41,904 INFO systemd:Stopped target Local File Systems (Pre).
21:48:41,908 INFO systemd:Stopped target Sockets.
21:48:41,912 INFO systemd:Stopped target Slices.
21:48:41,919 INFO systemd:Stopped Apply Kernel Variables.
21:48:41,928 INFO systemd:Started Plymouth switch root service.
21:48:41,935 INFO systemd:Started Setup Virtual Console.
21:48:41,940 INFO systemd:Stopped Open-iSCSI.
21:48:41,946 INFO systemd:Stopping iSCSI UserSpace I/O driver...
21:48:41,948 INFO systemd:Stopping Device-Mapper Multipath Device Controller...
21:48:41,952 INFO systemd:Closed Open-iSCSI iscsid Socket.
21:48:41,959 INFO systemd:Stopped iSCSI UserSpace I/O driver.
21:48:41,964 INFO systemd:Started Cleaning Up and Shutting Down Daemons.
21:48:41,965 INFO multipathd:ok
21:48:41,967 INFO multipathd:--------shut down-------
21:48:41,972 INFO systemd:Stopped Device-Mapper Multipath Device Controller.
21:48:41,978 INFO systemd:Stopped udev Wait for Complete Device Initialization.
21:48:41,983 INFO systemd:Stopped udev Coldplug all Devices.
21:48:41,988 INFO systemd:Stopped dracut pre-trigger hook.
21:48:41,992 INFO systemd:Stopping udev Kernel Device Manager...
21:48:41,998 INFO systemd:Closed Open-iSCSI iscsiuio Socket.
21:48:42,069 INFO systemd:Stopped udev Kernel Device Manager.
21:48:42,078 INFO systemd:Stopping Hardware RNG Entropy Gatherer Daemon...
21:48:42,083 INFO systemd:Stopped dracut pre-udev hook.
21:48:42,087 INFO systemd:Stopped dracut cmdline hook.
21:48:42,093 INFO systemd:Stopped Create Static Device Nodes in /dev.
21:48:42,098 INFO systemd:Stopped Create list of required static device nodes for the current kernel.
21:48:42,103 INFO systemd:Closed udev Control Socket.
21:48:42,114 INFO systemd:Closed udev Kernel Socket.
21:48:42,119 INFO systemd:Starting Cleanup udevd DB...
21:48:42,125 INFO systemd:Stopped Hardware RNG Entropy Gatherer Daemon.
21:48:42,157 INFO systemd:Started Cleanup udevd DB.
21:48:42,158 INFO systemd:Reached target Switch Root.
21:48:42,164 INFO systemd:Starting Switch Root...
21:48:42,197 NOTICE systemd:Switching root.
21:48:42,231 INFO systemd-journald:Journal stopped
21:48:47,655 INFO systemd-journald:Received SIGTERM from PID 1 (systemd).
21:48:47,655 WARNING kernel:systemd: 22 output lines suppressed due to ratelimiting
21:48:47,655 INFO kernel:SELinux:  policy capability network_peer_controls=1
21:48:47,656 INFO kernel:SELinux:  policy capability open_perms=1
21:48:47,656 INFO kernel:SELinux:  policy capability extended_socket_class=1
21:48:47,656 INFO kernel:SELinux:  policy capability always_check_network=0
21:48:47,656 INFO kernel:SELinux:  policy capability cgroup_seclabel=1
21:48:47,656 INFO kernel:SELinux:  policy capability nnp_nosuid_transition=1
21:48:47,656 NOTICE kernel:audit: type=1403 audit(1578952125.140:2): auid=4294967295 ses=4294967295 lsm=selinux res=1
21:48:47,656 INFO systemd:Successfully loaded SELinux policy in 1.829361s.
21:48:47,656 INFO systemd:Relabelled /dev, /run and /sys/fs/cgroup in 126.284ms.
21:48:47,656 INFO systemd:systemd 239 running in system mode. (+PAM +AUDIT +SELINUX +IMA -APPARMOR +SMACK +SYSVINIT +UTMP +LIBCRYPTSETUP +GCRYPT +GNUTLS +ACL +XZ +LZ4 +SECCOMP +BLKID +ELFUTILS +KMOD +IDN2 -IDN +PCRE2 default-hierarchy=legacy)
21:48:47,656 INFO systemd:Detected virtualization kvm.
21:48:47,656 INFO systemd:Detected architecture arm64.
21:48:47,656 INFO systemd:Stopped Switch Root.
21:48:47,656 INFO systemd:systemd-journald.service: Service has no hold-off time (RestartSec=0), scheduling restart.
21:48:47,656 INFO systemd:systemd-journald.service: Scheduled restart job, restart counter is at 1.
21:48:47,656 INFO systemd:Stopped Journal Service.
21:48:47,656 INFO systemd:Starting Journal Service...
21:48:47,656 INFO systemd:Mounting Kernel Debug File System...
21:48:47,656 INFO systemd:Listening on initctl Compatibility Named Pipe.
21:48:47,656 INFO systemd-journald:Journal started
21:48:47,657 INFO systemd-journald:Runtime journal (/run/log/journal/eaf089789912431286b75c41ed130fcb) is 8.0M, max 199.5M, 191.5M free.
21:48:47,671 INFO systemd:Starting Flush Journal to Persistent Storage...
21:48:47,718 INFO systemd:Started udev Coldplug all Devices.
21:48:47,727 INFO systemd:Starting udev Wait for Complete Device Initialization...
21:48:47,741 NOTICE systemd-tmpfiles:[/usr/lib/tmpfiles.d/mdadm.conf:1] Line references path below legacy directory /var/run/, updating /var/run/mdadm → /run/mdadm; please update the tmpfiles.d/ drop-in file accordingly.
21:48:47,747 WARNING systemd-vconsole-setup:KD_FONT_OP_GET failed while trying to get the font metadata: Function not implemented
21:48:47,747 WARNING systemd-vconsole-setup:Fonts will not be copied to remaining consoles
21:48:47,750 INFO systemd:Started Setup Virtual Console.
21:48:47,768 INFO systemd-journald:Runtime journal (/run/log/journal/eaf089789912431286b75c41ed130fcb) is 8.0M, max 199.5M, 191.5M free.
21:48:47,772 INFO systemd:Started Create Static Device Nodes in /dev.
21:48:47,800 INFO systemd:Started Flush Journal to Persistent Storage.
21:48:48,382 INFO systemd:Started Rebuild Hardware Database.
21:48:48,388 INFO systemd:Starting udev Kernel Device Manager...
21:48:48,852 INFO systemd:Started udev Kernel Device Manager.
21:48:49,032 INFO systemd-udevd:link_config: autonegotiation is unset or enabled, the speed and duplex are not writable.
21:48:49,100 INFO systemd-udevd:link_config: autonegotiation is unset or enabled, the speed and duplex are not writable.
21:48:49,272 INFO systemd:Started udev Wait for Complete Device Initialization.
21:48:49,283 INFO systemd:Starting Device-Mapper Multipath Device Controller...
21:48:49,455 INFO multipathd:--------start up--------
21:48:49,455 INFO multipathd:read /etc/multipath.conf
21:48:49,477 INFO multipathd:path checkers start up
21:48:49,498 INFO systemd:Started Device-Mapper Multipath Device Controller.
21:48:49,498 INFO systemd:Reached target Local File Systems (Pre).
21:48:49,505 INFO systemd:Reached target Local File Systems.
21:48:49,508 INFO systemd:Starting Rebuild Journal Catalog...
21:48:49,516 INFO systemd:Starting Tell Plymouth To Write Out Runtime Data...
21:48:49,522 INFO systemd:Starting Import network configuration from initramfs...
21:48:49,531 INFO systemd:Starting Rebuild Dynamic Linker Cache...
21:48:49,615 INFO systemd:Started Tell Plymouth To Write Out Runtime Data.
21:48:49,679 INFO systemd:Started Rebuild Journal Catalog.
21:48:49,848 INFO systemd:Started Import network configuration from initramfs.
21:48:49,860 INFO systemd:Starting Create Volatile Files and Directories...
21:48:49,893 NOTICE systemd-tmpfiles:[/usr/lib/tmpfiles.d/mdadm.conf:1] Line references path below legacy directory /var/run/, updating /var/run/mdadm → /run/mdadm; please update the tmpfiles.d/ drop-in file accordingly.
21:48:50,020 INFO systemd:Started Create Volatile Files and Directories.
21:48:50,023 INFO systemd:Starting Update UTMP about System Boot/Shutdown...
21:48:50,073 INFO systemd:Started Update UTMP about System Boot/Shutdown.
21:48:53,983 INFO systemd:Started Rebuild Dynamic Linker Cache.
21:48:53,987 INFO systemd:Starting Update is Completed...
21:48:54,026 INFO systemd:Started Update is Completed.
21:48:54,027 INFO systemd:Reached target System Initialization.
21:48:54,032 INFO systemd:Listening on Open-iSCSI iscsid Socket.
21:48:54,038 INFO systemd:Listening on Open-iSCSI iscsiuio Socket.
21:48:54,047 INFO systemd:Listening on D-Bus System Message Bus Socket.
21:48:54,050 INFO systemd:Reached target Sockets.
21:48:54,050 INFO systemd:Reached target Basic System.
21:48:54,059 INFO systemd:Starting Terminate Plymouth Boot Screen...
21:48:54,063 INFO systemd:Starting Hold until boot process finishes up...
21:48:54,072 INFO systemd:Starting OpenSSH ed25519 Server Key Generation...
21:48:54,079 INFO systemd:Starting Login Service...
21:48:54,088 INFO systemd:Starting Service enabling compressing RAM with zRam...
21:48:54,094 INFO systemd:Started Hardware RNG Entropy Gatherer Daemon.
21:48:54,096 INFO systemd:Starting OpenSSH rsa Server Key Generation...
21:48:54,148 INFO systemd:Starting pre-anaconda logging service...
21:48:54,165 INFO systemd:Starting Anaconda NetworkManager configuration...
21:48:54,166 INFO zramswapon:+ MAX_RAM_ON=2097152
21:48:54,174 INFO zramswapon:++ grep -E --only-matching '[[:digit:]]+'
21:48:54,181 INFO systemd:Starting OpenSSH ecdsa Server Key Generation...
21:48:54,181 INFO zramswapon:++ grep MemTotal /proc/meminfo
21:48:54,187 INFO systemd:Started Daily Cleanup of Temporary Directories.
21:48:54,190 INFO zramswapon:+ mem_total_kb=4086912
21:48:54,190 INFO zramswapon:+ grep -E 'inst\.zram=(on|1)' /proc/cmdline
21:48:54,200 INFO systemd:Reached target Timers.
21:48:54,210 INFO zramswapon:+ force=1
21:48:54,210 INFO zramswapon:+ '[' '(' 4086912 -gt 2097152 ')' -a '(' 1 '!=' 0 ')' ']'
21:48:54,210 INFO zramswapon:+ exit 0
21:48:54,211 INFO rngd:Initalizing available sources
21:48:54,213 INFO rngd:Failed to init entropy source hwrng
21:48:54,214 INFO systemd:Started Terminate Plymouth Boot Screen.
21:48:54,224 INFO systemd:Started Hold until boot process finishes up.
21:48:54,233 INFO systemd:Started Service enabling compressing RAM with zRam.
21:48:54,250 INFO systemd:Started pre-anaconda logging service.
21:48:54,279 INFO systemd:Started Anaconda NetworkManager configuration.
21:48:54,291 INFO systemd:Received SIGRTMIN+21 from PID 846 (n/a).
21:48:54,301 INFO systemd:Starting Network Manager...
21:48:54,442 INFO systemd:Started OpenSSH ed25519 Server Key Generation.
21:48:54,448 INFO systemd:Started OpenSSH ecdsa Server Key Generation.
21:48:54,743 INFO systemd:Started D-Bus System Message Bus.
21:48:54,748 INFO systemd-logind:Watching system buttons on /dev/input/event0 (Power Button)
21:48:54,757 INFO systemd-logind:New seat seat0.
21:48:54,832 DEBUG NetworkManager:<debug> [1578952134.8324] monotonic timestamp started counting 1.695656000 seconds ago with an offset of 56.0 seconds to CLOCK_BOOTTIME (local time is 2020-01-13 21:48:54)
21:48:54,833 INFO NetworkManager:<info>  [1578952134.8335] NetworkManager (version 1.20.0-3.el8) is starting... (for the first time)
21:48:54,833 INFO NetworkManager:<info>  [1578952134.8338] Read config: /etc/NetworkManager/NetworkManager.conf (run: 10-dracut-dhclient.conf) (etc: 80-anaconda-no-ibft.conf, 90-anaconda-no-auto-default.conf, 91-anaconda-autoconnect-slaves.conf, 92-anaconda-loglevel-debug.conf)
21:48:54,834 DEBUG NetworkManager:<debug> [1578952134.8340] CONFIG: config-data[0xaaaaea8c7030]: 3 groups
21:48:54,835 DEBUG NetworkManager:<debug> [1578952134.8342] CONFIG: 
21:48:54,835 DEBUG NetworkManager:<debug> [1578952134.8343] CONFIG: [main]
21:48:54,835 DEBUG NetworkManager:<debug> [1578952134.8343] CONFIG:   dhcp=dhclient
21:48:54,835 DEBUG NetworkManager:<debug> [1578952134.8343] CONFIG:   plugins=ifcfg-rh,no-ibft
21:48:54,835 DEBUG NetworkManager:<debug> [1578952134.8344] CONFIG:   no-auto-default=*
21:48:54,835 DEBUG NetworkManager:<debug> [1578952134.8344] CONFIG: 
21:48:54,835 DEBUG NetworkManager:<debug> [1578952134.8344] CONFIG: [logging]
21:48:54,836 DEBUG NetworkManager:<debug> [1578952134.8345] CONFIG:   level=DEBUG
21:48:54,836 DEBUG NetworkManager:<debug> [1578952134.8345] CONFIG: 
21:48:54,836 DEBUG NetworkManager:<debug> [1578952134.8345] CONFIG: [connection]
21:48:54,836 DEBUG NetworkManager:<debug> [1578952134.8345] CONFIG:   connection.autoconnect-slaves=1
21:48:54,836 DEBUG NetworkManager:<debug> [1578952134.8346] config: state: missing state file "/var/lib/NetworkManager/NetworkManager.state": No such file or directory
21:48:54,836 DEBUG NetworkManager:<debug> [1578952134.8346] WEXT support is disabled
21:48:54,856 DEBUG NetworkManager:<debug> [1578952134.8548] create NMDBusManager singleton (11ca16dac6f4d7f7)
21:48:54,901 INFO dbus-daemon:[system] Successfully activated service 'org.freedesktop.systemd1'
21:48:54,927 INFO systemd:Started Login Service.
21:48:54,948 INFO systemd:Started Network Manager.
21:48:54,948 INFO NetworkManager:<info>  [1578952134.9483] bus-manager: acquired D-Bus service "org.freedesktop.NetworkManager"
21:48:54,949 DEBUG NetworkManager:<debug> [1578952134.9486] netns[0xaaaaea896aa0]: new netns (net:8, mnt:9)
21:48:54,956 DEBUG NetworkManager:<debug> [1578952134.9495] platform-linux: create (ignore netns, initial netns, use udev)
21:48:54,956 DEBUG NetworkManager:<debug> [1578952134.9501] platform-linux: Netlink socket for events established: port=1626, fd=12
21:48:54,957 DEBUG NetworkManager:<debug> [1578952134.9502] platform-linux: populate platform cache
21:48:54,957 DEBUG NetworkManager:<debug> [1578952134.9504] platform: kernel-support for USER_IPV6LL (IFLA_INET6_ADDR_GEN_MODE support) detected: supported
21:48:54,957 INFO systemd:Starting Network Manager Wait Online...
21:48:54,957 DEBUG NetworkManager:<debug> [1578952134.9509] platform: (lo) signal: link   added: 1: lo <UP,LOWER_UP;loopback,up,running,lowerup> mtu 65536 arp 772 loopback? not-init addrgenmode eui64 addr 00:00:00:00:00:00 brd 00:00:00:00:00:00 driver unknown rx:6,416 tx:6,416
21:48:54,957 INFO systemd:Reached target Network.
21:48:54,957 INFO systemd:Started Logout off all iSCSI sessions on shutdown.
21:48:54,958 DEBUG NetworkManager:<debug> [1578952134.9515] platform: (enp1s0) signal: link   added: 2: enp1s0 <UP,LOWER_UP;broadcast,multicast,up,running,lowerup> mtu 1500 arp 1 ethernet? not-init addrgenmode eui64 addr 52:54:00:0C:47:42 brd FF:FF:FF:FF:FF:FF driver virtio_net rx:307880,493703262 tx:30677,2026151
21:48:54,958 DEBUG NetworkManager:<debug> [1578952134.9517] platform: kernel-support for EXTENDED_IFA_FLAGS (IPv6 temporary addresses support) detected: supported
21:48:54,958 DEBUG NetworkManager:<debug> [1578952134.9517] platform: (lo) signal: address 4   added: 127.0.0.1/8 lft forever pref forever lifetime 1-0[4294967295,4294967295] dev 1 flags permanent src kernel
21:48:54,958 DEBUG NetworkManager:<debug> [1578952134.9518] platform: (enp1s0) signal: address 4   added: 192.168.122.154/24 lft 3574sec pref 3574sec lifetime 1-1[3574,3574] dev 2 src kernel
21:48:54,958 DEBUG NetworkManager:<debug> [1578952134.9519] platform: (lo) signal: address 6   added: ::1/128 lft forever pref forever lifetime 1-0[4294967295,4294967295] dev 1 flags permanent src kernel
21:48:54,958 DEBUG NetworkManager:<debug> [1578952134.9520] platform: (enp1s0) signal: address 6   added: fe80::5054:ff:fe0c:4742/64 lft forever pref forever lifetime 1-0[4294967295,4294967295] dev 2 flags permanent src kernel
21:48:54,958 DEBUG NetworkManager:<debug> [1578952134.9522] platform: (enp1s0) signal: route   4   added: 0.0.0.0/0 via 192.168.122.1 dev 2 metric 0 mss 0 rt-src rt-boot scope global
21:48:54,959 DEBUG NetworkManager:<debug> [1578952134.9522] platform: (enp1s0) signal: route   4   added: 192.168.122.0/24 via 0.0.0.0 dev 2 metric 0 mss 0 rt-src rt-kernel scope link pref-src 192.168.122.154
21:48:54,959 DEBUG NetworkManager:<debug> [1578952134.9524] platform: kernel-support for RTA_PREF (ability to set router preference for IPv6 routes) detected: supported
21:48:54,959 DEBUG NetworkManager:<debug> [1578952134.9524] platform: (lo) signal: route   6   added: ::1/128 via :: dev 1 metric 256 mss 0 rt-src rt-kernel
21:48:54,959 DEBUG NetworkManager:<debug> [1578952134.9525] platform: (enp1s0) signal: route   6   added: fe80::/64 via :: dev 2 metric 256 mss 0 rt-src rt-kernel
21:48:54,959 DEBUG NetworkManager:<debug> [1578952134.9526] platform: (enp1s0) signal: route   6   added: table 255 ff00::/8 via :: dev 2 metric 256 mss 0 rt-src rt-boot
21:48:54,959 DEBUG NetworkManager:<debug> [1578952134.9527] platform: kernel-support for FRA_PROTOCOL (FRA_PROTOCOL attribute for policy routing rules) detected: supported
21:48:54,959 DEBUG NetworkManager:<debug> [1578952134.9527] platform: kernel-support for FRA_UID_RANGE (FRA_UID_RANGE attribute for policy routing rules) not detected: assume supported
21:48:54,960 DEBUG NetworkManager:<debug> [1578952134.9528] platform: kernel-support for FRA_L3MDEV (FRA_L3MDEV attribute for policy routing rules) not detected: assume supported
21:48:54,960 DEBUG NetworkManager:<debug> [1578952134.9528] platform: kernel-support for FRA_IP_PROTO (FRA_IP_PROTO, FRA_SPORT_RANGE, FRA_DPORT_RANGE attributes for policy routing rules) not detected: assume supported
21:48:54,960 DEBUG NetworkManager:<debug> [1578952134.9529] platform: signal: rt-rule   added: [4] 0: from all lookup 255 protocol 2
21:48:54,960 DEBUG NetworkManager:<debug> [1578952134.9530] platform: signal: rt-rule   added: [4] 32766: from all lookup 254 protocol 2
21:48:54,960 DEBUG NetworkManager:<debug> [1578952134.9530] platform: signal: rt-rule   added: [4] 32767: from all lookup 253 protocol 2
21:48:54,960 DEBUG NetworkManager:<debug> [1578952134.9531] platform: signal: rt-rule   added: [6] 0: from all lookup 255 protocol 2
21:48:54,961 DEBUG NetworkManager:<debug> [1578952134.9532] platform: signal: rt-rule   added: [6] 32766: from all lookup 254 protocol 2
21:48:54,961 INFO systemd:Reached target Remote File Systems (Pre).
21:48:54,961 DEBUG NetworkManager:<debug> [1578952134.9533] platform: (lo) signal: qdisc   added: noqueue dev 1 family 0 handle 0 parent ffffffff info 2
21:48:54,961 DEBUG NetworkManager:<debug> [1578952134.9534] platform: (enp1s0) signal: qdisc   added: fq_codel dev 2 family 0 handle 0 parent ffffffff info 2 limit 10240 flows 1024 target 4999 interval 99999 quantum 1514 memory_limit 33554432 ecn
21:48:54,961 DEBUG NetworkManager:<debug> [1578952134.9553] platform: (enp1s0) signal: link changed: 2: enp1s0 <UP,LOWER_UP;broadcast,multicast,up,running,lowerup> mtu 1500 arp 1 ethernet? init addrgenmode eui64 addr 52:54:00:0C:47:42 brd FF:FF:FF:FF:FF:FF driver virtio_net rx:307880,493703262 tx:30677,2026151
21:48:54,961 DEBUG NetworkManager:<debug> [1578952134.9559] platform: (lo) signal: link changed: 1: lo <UP,LOWER_UP;loopback,up,running,lowerup> mtu 65536 arp 772 loopback? init addrgenmode eui64 addr 00:00:00:00:00:00 brd 00:00:00:00:00:00 driver unknown rx:6,416 tx:6,416
21:48:54,961 DEBUG NetworkManager:<debug> [1578952134.9560] setup NMPlatform singleton (b00fefcaa2fd43f7)
21:48:54,962 DEBUG NetworkManager:<debug> [1578952134.9561] rules-manager: routing-rule: track [dc647dea3c578338,0] "[4] 0: from all lookup 255 protocol 2")
21:48:54,962 DEBUG NetworkManager:<debug> [1578952134.9561] rules-manager: routing-rule: track [dc647dea3c578338,0] "[4] 32766: from all lookup 254 protocol 2")
21:48:54,962 DEBUG NetworkManager:<debug> [1578952134.9562] rules-manager: routing-rule: track [dc647dea3c578338,0] "[4] 32767: from all lookup 253 protocol 2")
21:48:54,962 DEBUG NetworkManager:<debug> [1578952134.9562] rules-manager: routing-rule: track [dc647dea3c578338,0] "[6] 0: from all lookup 255 protocol 2")
21:48:54,962 DEBUG NetworkManager:<debug> [1578952134.9562] rules-manager: routing-rule: track [dc647dea3c578338,0] "[6] 32766: from all lookup 254 protocol 2")
21:48:54,962 DEBUG NetworkManager:<debug> [1578952134.9563] rules-manager: routing-rule: track [27ec9b667f478c77,0] "[4] 0: from all lookup 255 protocol 2")
21:48:54,962 DEBUG NetworkManager:<debug> [1578952134.9563] rules-manager: routing-rule: track [27ec9b667f478c77,0] "[4] 32766: from all lookup 254 protocol 2")
21:48:54,963 DEBUG NetworkManager:<debug> [1578952134.9564] rules-manager: routing-rule: track [27ec9b667f478c77,0] "[4] 32767: from all lookup 253 protocol 2")
21:48:54,963 DEBUG NetworkManager:<debug> [1578952134.9564] rules-manager: routing-rule: track [27ec9b667f478c77,0] "[6] 0: from all lookup 255 protocol 2")
21:48:54,963 DEBUG NetworkManager:<debug> [1578952134.9565] rules-manager: routing-rule: track [27ec9b667f478c77,0] "[6] 32766: from all lookup 254 protocol 2")
21:48:54,963 DEBUG NetworkManager:<debug> [1578952134.9565] create NMNetns singleton (4c08667c6127e041)
21:48:54,964 DEBUG NetworkManager:<debug> [1578952134.9638] auth[0xaaaaea8c9230]: create auth-manager: polkit enabled
21:48:54,964 DEBUG NetworkManager:<debug> [1578952134.9639] auth[0xaaaaea8c9230]: set instance
21:48:54,964 DEBUG NetworkManager:<debug> [1578952134.9639] setup NMAuthManager singleton (038d8bf739cc1efa)
21:48:54,981 INFO NetworkManager:<info>  [1578952134.9810] manager[0xaaaaea8fc1b0]: monitoring kernel firmware directory '/lib/firmware'.
21:48:54,991 DEBUG NetworkManager:<debug> [1578952134.9909] session-monitor: using systemd-logind session tracking
21:48:54,991 DEBUG NetworkManager:<debug> [1578952134.9909] create NMSessionMonitor singleton (d12a94de075d9638)
21:48:54,991 DEBUG NetworkManager:<debug> [1578952134.9910] create NMAgentManager singleton (c23a39a423306188)
21:48:54,993 INFO dbus-daemon:[system] Activating via systemd: service name='org.freedesktop.hostname1' unit='dbus-org.freedesktop.hostname1.service' requested by ':1.2' (uid=0 pid=1626 comm="/usr/sbin/NetworkManager --no-daemon " label="system_u:system_r:kernel_t:s0")
21:48:55,013 INFO systemd:Starting Hostname Service...
21:48:55,993 INFO systemd:Started OpenSSH rsa Server Key Generation.
21:48:55,995 INFO systemd:Reached target sshd-keygen.target.
21:48:56,128 INFO dbus-daemon:[system] Successfully activated service 'org.freedesktop.hostname1'
21:48:56,129 INFO systemd:Started Hostname Service.
21:48:56,132 INFO NetworkManager:<info>  [1578952136.1325] hostname: hostname: using hostnamed
21:48:56,133 DEBUG NetworkManager:<debug> [1578952136.1326] create NMHostnameManager singleton (0241d504af4596be)
21:48:56,133 DEBUG NetworkManager:<debug> [1578952136.1329] create NMFirewallManager singleton (8c1a8a084374cc89)
21:48:56,133 INFO NetworkManager:<info>  [1578952136.1334] dns-mgr[0xaaaaea8da2b0]: init: dns=default,systemd-resolved rc-manager=symlink
21:48:56,133 DEBUG NetworkManager:<debug> [1578952136.1335] create NMDnsManager singleton (7c7f57dd249df8f0)
21:48:56,133 DEBUG NetworkManager:<debug> [1578952136.1337] policy: hostname-mode: full
21:48:56,134 DEBUG NetworkManager:<debug> [1578952136.1343] setup NMManager singleton (c65d207686590eed)
21:48:56,138 DEBUG NetworkManager:<debug> [1578952136.1370] create NMConnectivity singleton (42d5e85a63fc2b0c)
21:48:56,148 DEBUG NetworkManager:<debug> [1578952136.1479] Loaded device plugin: NM6LowpanDeviceFactory (internal)
21:48:56,148 DEBUG NetworkManager:<debug> [1578952136.1480] Loaded device plugin: NMBondDeviceFactory (internal)
21:48:56,148 DEBUG NetworkManager:<debug> [1578952136.1481] Loaded device plugin: NMBridgeDeviceFactory (internal)
21:48:56,148 DEBUG NetworkManager:<debug> [1578952136.1481] Loaded device plugin: NMDummyDeviceFactory (internal)
21:48:56,148 DEBUG NetworkManager:<debug> [1578952136.1482] Loaded device plugin: NMEthernetDeviceFactory (internal)
21:48:56,148 DEBUG NetworkManager:<debug> [1578952136.1483] Loaded device plugin: NMInfinibandDeviceFactory (internal)
21:48:56,148 DEBUG NetworkManager:<debug> [1578952136.1484] Loaded device plugin: NMIPTunnelDeviceFactory (internal)
21:48:56,149 DEBUG NetworkManager:<debug> [1578952136.1484] Loaded device plugin: NMMacsecDeviceFactory (internal)
21:48:56,149 DEBUG NetworkManager:<debug> [1578952136.1485] Loaded device plugin: NMMacvlanDeviceFactory (internal)
21:48:56,149 DEBUG NetworkManager:<debug> [1578952136.1486] Loaded device plugin: NMPppDeviceFactory (internal)
21:48:56,149 DEBUG NetworkManager:<debug> [1578952136.1486] Loaded device plugin: NMTunDeviceFactory (internal)
21:48:56,149 DEBUG NetworkManager:<debug> [1578952136.1487] Loaded device plugin: NMVethDeviceFactory (internal)
21:48:56,149 DEBUG NetworkManager:<debug> [1578952136.1488] Loaded device plugin: NMVlanDeviceFactory (internal)
21:48:56,150 DEBUG NetworkManager:<debug> [1578952136.1489] Loaded device plugin: NMVxlanDeviceFactory (internal)
21:48:56,150 DEBUG NetworkManager:<debug> [1578952136.1489] Loaded device plugin: NMWireGuardDeviceFactory (internal)
21:48:56,150 DEBUG NetworkManager:<debug> [1578952136.1490] Loaded device plugin: NMWpanDeviceFactory (internal)
21:48:56,174 INFO NetworkManager:<info>  [1578952136.1740] Loaded device plugin: NMTeamFactory (/usr/lib64/NetworkManager/1.20.0-3.el8/libnm-device-plugin-team.so)
21:48:56,186 INFO NetworkManager:<info>  [1578952136.1859] Loaded device plugin: NMWifiFactory (/usr/lib64/NetworkManager/1.20.0-3.el8/libnm-device-plugin-wifi.so)
21:48:56,186 INFO NetworkManager:<info>  [1578952136.1860] manager: rfkill: Wi-Fi enabled by radio killswitch; enabled by state file
21:48:56,186 INFO NetworkManager:<info>  [1578952136.1863] manager: rfkill: WWAN enabled by radio killswitch; enabled by state file
21:48:56,186 INFO NetworkManager:<info>  [1578952136.1866] manager: Networking is enabled by state file
21:48:56,186 DEBUG NetworkManager:<debug> [1578952136.1867] dispatcher: (1) dispatching action 'hostname'
21:48:56,187 DEBUG NetworkManager:<debug> [1578952136.1876] dhcp-init: enabled DHCP client 'dhclient' (NMDhcpDhclient)
21:48:56,187 DEBUG NetworkManager:<debug> [1578952136.1877] dhcp-init: enabled DHCP client 'internal' (NMDhcpSystemd)
21:48:56,188 INFO NetworkManager:<info>  [1578952136.1878] dhcp-init: Using DHCP client 'dhclient'
21:48:56,188 DEBUG NetworkManager:<debug> [1578952136.1878] create NMDhcpManager singleton (413a38f42258a2bb)
21:48:56,188 INFO dbus-daemon:[system] Activating via systemd: service name='org.freedesktop.nm_dispatcher' unit='dbus-org.freedesktop.nm-dispatcher.service' requested by ':1.2' (uid=0 pid=1626 comm="/usr/sbin/NetworkManager --no-daemon " label="system_u:system_r:kernel_t:s0")
21:48:56,198 INFO systemd:Starting Network Manager Script Dispatcher Service...
21:48:56,199 INFO NetworkManager:<info>  [1578952136.1993] settings: Loaded settings plugin: ifcfg-rh ("/usr/lib64/NetworkManager/1.20.0-3.el8/libnm-settings-plugin-ifcfg-rh.so")
21:48:56,199 WARNING NetworkManager:<warn>  [1578952136.1994] settings: skipping deprecated plugin no-ibft
21:48:56,199 INFO NetworkManager:<info>  [1578952136.1995] settings: Loaded settings plugin: keyfile (internal)
21:48:56,226 DEBUG NetworkManager:<debug> [1578952136.2256] ++ connection 'new connection' (0xaaaaea897ee0/NMSimpleConnection/"802-3-ethernet"): [/org/freedesktop/NetworkManager/Settings/1]
21:48:56,226 DEBUG NetworkManager:<debug> [1578952136.2257] ++ connection                [ 0xaaaaea8f0280 ]
21:48:56,227 DEBUG NetworkManager:<debug> [1578952136.2257] ++ connection.id             = 'enp1s0'
21:48:56,227 DEBUG NetworkManager:<debug> [1578952136.2258] ++ connection.interface-name = 'enp1s0'
21:48:56,227 DEBUG NetworkManager:<debug> [1578952136.2259] ++ connection.permissions    = []
21:48:56,227 DEBUG NetworkManager:<debug> [1578952136.2259] ++ connection.type           = '802-3-ethernet'
21:48:56,227 DEBUG NetworkManager:<debug> [1578952136.2260] ++ connection.uuid           = '4490684f-9c8a-4970-b94c-342a32c915c6'
21:48:56,228 DEBUG NetworkManager:<debug> [1578952136.2261] ++ 802-3-ethernet            [ 0xaaaaea8a8400 ]
21:48:56,228 DEBUG NetworkManager:<debug> [1578952136.2261] ++ 802-3-ethernet.mac-address-blacklist = []
21:48:56,228 DEBUG NetworkManager:<debug> [1578952136.2261] ++ 802-3-ethernet.s390-options = ((GHashTable*) 0xaaaaea956860)
21:48:56,228 DEBUG NetworkManager:<debug> [1578952136.2262] ++ ipv4                      [ 0xaaaaea8c7190 ]
21:48:56,228 DEBUG NetworkManager:<debug> [1578952136.2263] ++ ipv4.addresses            = ((GPtrArray*) 0xaaaaea895840)
21:48:56,228 DEBUG NetworkManager:<debug> [1578952136.2263] ++ ipv4.dns                  = []
21:48:56,229 DEBUG NetworkManager:<debug> [1578952136.2264] ++ ipv4.dns-search           = []
21:48:56,229 DEBUG NetworkManager:<debug> [1578952136.2264] ++ ipv4.method               = 'auto'
21:48:56,229 DEBUG NetworkManager:<debug> [1578952136.2265] ++ ipv4.routes               = ((GPtrArray*) 0xaaaaea895800)
21:48:56,229 DEBUG NetworkManager:<debug> [1578952136.2266] ++ ipv4.routing-rules        = <unknown>
21:48:56,229 DEBUG NetworkManager:<debug> [1578952136.2266] ++ ipv6                      [ 0xaaaaea8f0350 ]
21:48:56,229 DEBUG NetworkManager:<debug> [1578952136.2267] ++ ipv6.addr-gen-mode        = 0
21:48:56,230 DEBUG NetworkManager:<debug> [1578952136.2268] ++ ipv6.addresses            = ((GPtrArray*) 0xaaaaea895700)
21:48:56,230 DEBUG NetworkManager:<debug> [1578952136.2269] ++ ipv6.dns                  = []
21:48:56,230 DEBUG NetworkManager:<debug> [1578952136.2269] ++ ipv6.dns-search           = []
21:48:56,230 DEBUG NetworkManager:<debug> [1578952136.2270] ++ ipv6.method               = 'auto'
21:48:56,230 DEBUG NetworkManager:<debug> [1578952136.2270] ++ ipv6.routes               = ((GPtrArray*) 0xaaaaea895740)
21:48:56,230 DEBUG NetworkManager:<debug> [1578952136.2271] ++ ipv6.routing-rules        = <unknown>
21:48:56,231 DEBUG NetworkManager:<debug> [1578952136.2284] device[0xaaaaea964550] (lo): unmanaged: flags set to [platform-init,by-default=0x110/0x110/unmanaged/unrealized], set-unmanaged [by-default=0x100])
21:48:56,231 DEBUG NetworkManager:<debug> [1578952136.2288] device[0xaaaaea964550] (lo): constructed (NMDeviceGeneric)
21:48:56,231 DEBUG NetworkManager:<debug> [1578952136.2288] device[0xaaaaea964550] (lo): start setup of NMDeviceGeneric, kernel ifindex 1
21:48:56,231 DEBUG NetworkManager:<debug> [1578952136.2289] device[0xaaaaea964550] (lo): assume-state: set guess-assume=1, connection=(null)
21:48:56,231 DEBUG NetworkManager:<debug> [1578952136.2292] platform-linux: error reading net:/sys/class/net/lo/phys_port_id: error reading 65536 bytes from file descriptor: Operation not supported
21:48:56,231 DEBUG NetworkManager:<debug> [1578952136.2294] platform-linux: sysctl: reading 'net:/sys/class/net/lo/dev_id': '0x0'
21:48:56,232 DEBUG NetworkManager:<debug> [1578952136.2297] platform-linux: error reading net:/sys/class/net/lo/device/sriov_totalvfs: Failed to open file "device/sriov_totalvfs" with openat: No such file or directory
21:48:56,232 DEBUG NetworkManager:<debug> [1578952136.2300] device[0xaaaaea964550] (lo): hw-addr: hardware address now 00:00:00:00:00:00
21:48:56,232 DEBUG NetworkManager:<debug> [1578952136.2300] device[0xaaaaea964550] (lo): hw-addr: update initial MAC address 00:00:00:00:00:00
21:48:56,232 DEBUG NetworkManager:<debug> [1578952136.2302] device[0xaaaaea964550] (lo): hw-addr: unable to read permanent MAC address (use current: 00:00:00:00:00:00)
21:48:56,232 INFO NetworkManager:<info>  [1578952136.2303] device (lo): carrier: link connected
21:48:56,232 DEBUG NetworkManager:<debug> [1578952136.2304] device[0xaaaaea964550] (lo): unmanaged: flags set to [platform-init,by-default,!external-down=0x110/0x910/unmanaged/unrealized], set-managed [external-down=0x800])
21:48:56,232 DEBUG NetworkManager:<debug> [1578952136.2304] device[0xaaaaea964550] (lo): unmanaged: flags set to [by-type,platform-init,by-default,!external-down=0x118/0x918/unmanaged/unrealized], set-unmanaged [by-type=0x8])
21:48:56,233 DEBUG NetworkManager:<debug> [1578952136.2305] device[0xaaaaea964550] (lo): unmanaged: flags set to [by-type,platform-init,by-default,!user-settings,!external-down=0x118/0x958/unmanaged/unrealized], set-managed [user-settings=0x40])
21:48:56,233 DEBUG NetworkManager:<debug> [1578952136.2305] device[0xaaaaea964550] (lo): unmanaged: flags set to [by-type,by-default,!platform-init,!user-settings,!external-down=0x108/0x958/unmanaged/unrealized], set-managed [platform-init=0x10])
21:48:56,233 DEBUG NetworkManager:<debug> [1578952136.2306] device[0xaaaaea964550] (lo): unmanaged: flags set to [by-type,by-default,!sleeping,!platform-init,!user-settings,!external-down=0x108/0x959/unmanaged/unrealized], set-managed [sleeping=0x1])
21:48:56,233 INFO NetworkManager:<info>  [1578952136.2313] manager: (lo): new Generic device (/org/freedesktop/NetworkManager/Devices/1)
21:48:56,233 DEBUG NetworkManager:<debug> [1578952136.2327] device[0xaaaaea964550] (lo): assume-state: set guess-assume=0, connection=(null)
21:48:56,233 DEBUG NetworkManager:<debug> [1578952136.2330] device[0xaaaaea9745a0] (enp1s0): constructed (NMDeviceEthernet)
21:48:56,234 DEBUG NetworkManager:<debug> [1578952136.2331] device[0xaaaaea9745a0] (enp1s0): start setup of NMDeviceEthernet, kernel ifindex 2
21:48:56,234 DEBUG NetworkManager:<debug> [1578952136.2331] device[0xaaaaea9745a0] (enp1s0): assume-state: set guess-assume=1, connection=(null)
21:48:56,234 DEBUG NetworkManager:<debug> [1578952136.2333] platform-linux: error reading net:/sys/class/net/enp1s0/phys_port_id: error reading 65536 bytes from file descriptor: Operation not supported
21:48:56,234 DEBUG NetworkManager:<debug> [1578952136.2335] platform-linux: sysctl: reading 'net:/sys/class/net/enp1s0/dev_id': '0x0'
21:48:56,234 DEBUG NetworkManager:<debug> [1578952136.2338] platform-linux: error reading net:/sys/class/net/enp1s0/device/sriov_totalvfs: Failed to open file "device/sriov_totalvfs" with openat: No such file or directory
21:48:56,234 DEBUG NetworkManager:<debug> [1578952136.2341] device[0xaaaaea9745a0] (enp1s0): hw-addr: hardware address now 52:54:00:0C:47:42
21:48:56,235 DEBUG NetworkManager:<debug> [1578952136.2341] device[0xaaaaea9745a0] (enp1s0): hw-addr: update initial MAC address 52:54:00:0C:47:42
21:48:56,235 DEBUG NetworkManager:<debug> [1578952136.2343] device[0xaaaaea9745a0] (enp1s0): hw-addr: read permanent MAC address '52:54:00:0C:47:42'
21:48:56,235 INFO NetworkManager:<info>  [1578952136.2344] device (enp1s0): carrier: link connected
21:48:56,235 DEBUG NetworkManager:<debug> [1578952136.2349] device[0xaaaaea9745a0] (enp1s0): unmanaged: flags set to [platform-init,!by-type=0x10/0x18/unmanaged/unrealized], set-managed [by-type=0x8])
21:48:56,235 DEBUG NetworkManager:<debug> [1578952136.2350] device[0xaaaaea9745a0] (enp1s0): unmanaged: flags set to [platform-init,!by-type,!user-settings=0x10/0x58/unmanaged/unrealized], set-managed [user-settings=0x40])
21:48:56,235 DEBUG NetworkManager:<debug> [1578952136.2350] device[0xaaaaea9745a0] (enp1s0): unmanaged: flags set to [!by-type,!platform-init,!user-settings=0x0/0x58/managed/unrealized], set-managed [platform-init=0x10])
21:48:56,235 DEBUG NetworkManager:<debug> [1578952136.2351] device[0xaaaaea9745a0] (enp1s0): unmanaged: flags set to [!sleeping,!by-type,!platform-init,!user-settings=0x0/0x59/managed/unrealized], set-managed [sleeping=0x1])
21:48:56,236 INFO NetworkManager:<info>  [1578952136.2358] manager: (enp1s0): new Ethernet device (/org/freedesktop/NetworkManager/Devices/2)
21:48:56,251 DEBUG NetworkManager:<debug> [1578952136.2376] device[0xaaaaea9745a0] (enp1s0): ip4-config: update (commit=0, new-config=0xaaaaea9222a0)
21:48:56,251 DEBUG NetworkManager:<debug> [1578952136.2381] device[0xaaaaea9745a0] (enp1s0): ip4-config: set IP Config instance (/org/freedesktop/NetworkManager/IP4Config/1)
21:48:56,251 DEBUG NetworkManager:<debug> [1578952136.2385] dns-mgr: (device_ip_config_changed): queueing DNS updates (1)
21:48:56,251 DEBUG NetworkManager:<debug> [1578952136.2386] dns-mgr: (device_ip_config_changed): DNS configuration did not change
21:48:56,251 DEBUG NetworkManager:<debug> [1578952136.2386] dns-mgr: (device_ip_config_changed): no DNS changes to commit (0)
21:48:56,252 DEBUG NetworkManager:<debug> [1578952136.2390] platform-linux: sysctl: reading '/proc/sys/net/ipv6/conf/enp1s0/disable_ipv6': '0'
21:48:56,252 DEBUG NetworkManager:<debug> [1578952136.2392] device[0xaaaaea9745a0] (enp1s0): ip6-config: update (commit=0, new-config=0xaaaaea8f4520)
21:48:56,252 DEBUG NetworkManager:<debug> [1578952136.2396] device[0xaaaaea9745a0] (enp1s0): ip6-config: set IP Config instance (/org/freedesktop/NetworkManager/IP6Config/1)
21:48:56,252 DEBUG NetworkManager:<debug> [1578952136.2399] dns-mgr: (device_ip_config_changed): queueing DNS updates (1)
21:48:56,252 DEBUG NetworkManager:<debug> [1578952136.2399] dns-mgr: (device_ip_config_changed): DNS configuration did not change
21:48:56,252 DEBUG NetworkManager:<debug> [1578952136.2400] dns-mgr: (device_ip_config_changed): no DNS changes to commit (0)
21:48:56,253 INFO NetworkManager:<info>  [1578952136.2405] manager: (enp1s0): assume: will attempt to assume matching connection 'enp1s0' (4490684f-9c8a-4970-b94c-342a32c915c6) (guessed)
21:48:56,253 DEBUG NetworkManager:<debug> [1578952136.2405] device[0xaaaaea9745a0] (enp1s0): assume-state: set guess-assume=0, connection=(null)
21:48:56,253 INFO NetworkManager:<info>  [1578952136.2406] manager: (enp1s0): assume: taking over an initramfs-configured connection
21:48:56,253 INFO NetworkManager:<info>  [1578952136.2407] device (enp1s0): state change: unmanaged -> unavailable (reason 'connection-assumed', sys-iface-state: 'assume')
21:48:56,253 DEBUG NetworkManager:<debug> [1578952136.2410] platform-linux: sysctl: reading '/proc/sys/net/ipv6/conf/enp1s0/accept_ra': '1'
21:48:56,253 DEBUG NetworkManager:<debug> [1578952136.2412] platform-linux: sysctl: reading '/proc/sys/net/ipv6/conf/enp1s0/accept_ra_defrtr': '1'
21:48:56,253 DEBUG NetworkManager:<debug> [1578952136.2413] platform-linux: sysctl: reading '/proc/sys/net/ipv6/conf/enp1s0/accept_ra_pinfo': '1'
21:48:56,254 DEBUG NetworkManager:<debug> [1578952136.2414] platform-linux: sysctl: reading '/proc/sys/net/ipv6/conf/enp1s0/accept_ra_rtr_pref': '1'
21:48:56,254 DEBUG NetworkManager:<debug> [1578952136.2415] platform-linux: sysctl: reading '/proc/sys/net/ipv6/conf/enp1s0/forwarding': '0'
21:48:56,254 DEBUG NetworkManager:<debug> [1578952136.2417] platform-linux: sysctl: reading '/proc/sys/net/ipv6/conf/enp1s0/hop_limit': '64'
21:48:56,254 DEBUG NetworkManager:<debug> [1578952136.2418] platform-linux: sysctl: reading '/proc/sys/net/ipv6/conf/enp1s0/use_tempaddr': '0'
21:48:56,254 DEBUG NetworkManager:<debug> [1578952136.2427] device[0xaaaaea9745a0] (enp1s0): add_pending_action (1): 'recheck-available'
21:48:56,254 DEBUG NetworkManager:<debug> [1578952136.2438] device[0xaaaaea9745a0] (enp1s0): connectivity state changed from UNKNOWN to NONE
21:48:56,254 DEBUG NetworkManager:<debug> [1578952136.2440] manager: connectivity checking indicates NONE
21:48:56,255 DEBUG NetworkManager:<debug> [1578952136.2443] dispatcher: (2) dispatching action 'connectivity-change'
21:48:56,255 DEBUG NetworkManager:<debug> [1578952136.2446] device[0xaaaaea9745a0] (enp1s0): connectivity state changed from UNKNOWN to NONE
21:48:56,255 INFO NetworkManager:<info>  [1578952136.2450] device (enp1s0): state change: unavailable -> disconnected (reason 'connection-assumed', sys-iface-state: 'assume')
21:48:56,255 DEBUG NetworkManager:<debug> [1578952136.2463] device[0xaaaaea9745a0] (enp1s0): add_pending_action (2): 'autoactivate'
21:48:56,255 DEBUG NetworkManager:<debug> [1578952136.2466] active-connection[0xaaaaea9226d0]: set device "enp1s0" [0xaaaaea9745a0]
21:48:56,267 DEBUG NetworkManager:<debug> [1578952136.2668] device[0xaaaaea9745a0] (enp1s0): add_pending_action (3): 'activation-0xaaaaea9226d0'
21:48:56,268 DEBUG NetworkManager:<debug> [1578952136.2673] active-connection[0xaaaaea9226d0]: constructed (NMActRequest, version-id 1, type assume)
21:48:56,268 INFO NetworkManager:<info>  [1578952136.2681] device (enp1s0): Activation: starting connection 'enp1s0' (4490684f-9c8a-4970-b94c-342a32c915c6)
21:48:56,268 DEBUG NetworkManager:<debug> [1578952136.2681] device[0xaaaaea9745a0] (enp1s0): activation-stage: schedule activate_stage1_device_prepare,v4 (id 30)
21:48:56,273 DEBUG NetworkManager:<debug> [1578952136.2687] create NMVpnManager singleton (aa3fb50e2e0b2516)
21:48:56,273 DEBUG NetworkManager:<debug> [1578952136.2687] manager: creating virtual devices...
21:48:56,274 DEBUG NetworkManager:<debug> [1578952136.2688] setting up local loopback
21:48:56,274 DEBUG NetworkManager:<debug> [1578952136.2689] platform: (lo) link: setting up
21:48:56,274 DEBUG NetworkManager:<debug> [1578952136.2689] platform-linux: link: change 1: flags: set 0x1/0x1 ([up] / [up])
21:48:56,274 DEBUG NetworkManager:<debug> [1578952136.2690] platform-linux: do-request-link: 1 
21:48:56,274 DEBUG NetworkManager:<debug> [1578952136.2694] platform-linux: do-change-link[1]: success changing link: success
21:48:56,274 DEBUG NetworkManager:<debug> [1578952136.2721] device[0xaaaaea964550] (lo): ip4-config: update (commit=0, new-config=0xaaaaea922890)
21:48:56,275 DEBUG NetworkManager:<debug> [1578952136.2725] device[0xaaaaea964550] (lo): ip4-config: set IP Config instance (/org/freedesktop/NetworkManager/IP4Config/2)
21:48:56,275 DEBUG NetworkManager:<debug> [1578952136.2729] dns-mgr: (device_ip_config_changed): queueing DNS updates (1)
21:48:56,275 DEBUG NetworkManager:<debug> [1578952136.2730] dns-mgr: (device_ip_config_changed): DNS configuration did not change
21:48:56,275 DEBUG NetworkManager:<debug> [1578952136.2730] dns-mgr: (device_ip_config_changed): no DNS changes to commit (0)
21:48:56,275 DEBUG NetworkManager:<debug> [1578952136.2733] platform-linux: sysctl: reading '/proc/sys/net/ipv6/conf/lo/disable_ipv6': '0'
21:48:56,275 DEBUG NetworkManager:<debug> [1578952136.2734] device[0xaaaaea964550] (lo): ip6-config: update (commit=0, new-config=0xaaaaea8f4850)
21:48:56,275 DEBUG NetworkManager:<debug> [1578952136.2739] device[0xaaaaea964550] (lo): ip6-config: set IP Config instance (/org/freedesktop/NetworkManager/IP6Config/2)
21:48:56,276 DEBUG NetworkManager:<debug> [1578952136.2741] dns-mgr: (device_ip_config_changed): queueing DNS updates (1)
21:48:56,276 DEBUG NetworkManager:<debug> [1578952136.2742] dns-mgr: (device_ip_config_changed): DNS configuration did not change
21:48:56,276 DEBUG NetworkManager:<debug> [1578952136.2742] dns-mgr: (device_ip_config_changed): no DNS changes to commit (0)
21:48:56,276 DEBUG NetworkManager:<debug> [1578952136.2744] device[0xaaaaea9745a0] (enp1s0): ip4-config: update (commit=0, new-config=0xaaaaea922d50)
21:48:56,276 DEBUG NetworkManager:<debug> [1578952136.2747] device[0xaaaaea9745a0] (enp1s0): ip6-config: update (commit=0, new-config=0xaaaaea8f4b80)
21:48:56,276 DEBUG NetworkManager:<debug> [1578952136.2748] device[0xaaaaea9745a0] (enp1s0): remove_pending_action (2): 'recheck-available'
21:48:56,277 DEBUG NetworkManager:<debug> [1578952136.2748] device[0xaaaaea9745a0] (enp1s0): remove_pending_action (1): 'autoactivate'
21:48:56,277 DEBUG NetworkManager:<debug> [1578952136.2748] device[0xaaaaea9745a0] (enp1s0): activation-stage: invoke activate_stage1_device_prepare,v4 (id 30)
21:48:56,277 INFO NetworkManager:<info>  [1578952136.2751] device (enp1s0): state change: disconnected -> prepare (reason 'none', sys-iface-state: 'assume')
21:48:56,277 DEBUG NetworkManager:<debug> [1578952136.2759] active-connection[0xaaaaea9226d0]: set state activating (was unknown)
21:48:56,277 DEBUG NetworkManager:<debug> [1578952136.2762] active-connection[0xaaaaea9226d0]: check-master-ready: not signalling (state activating, no master)
21:48:56,277 DEBUG NetworkManager:<debug> [1578952136.2763] manager: ActivatingConnection now enp1s0
21:48:56,278 DEBUG NetworkManager:<debug> [1578952136.2765] device[0xaaaaea9745a0] (enp1s0): activation-stage: schedule activate_stage2_device_config,v4 (id 39)
21:48:56,278 DEBUG NetworkManager:<debug> [1578952136.2766] device[0xaaaaea9745a0] (enp1s0): activation-stage: complete activate_stage1_device_prepare,v4 (id 30)
21:48:56,278 DEBUG NetworkManager:<debug> [1578952136.2766] manager: (lo): assume: don't assume because not managed
21:48:56,294 DEBUG NetworkManager:<debug> [1578952136.2868] device[0xaaaaea9745a0] (enp1s0): activation-stage: invoke activate_stage2_device_config,v4 (id 39)
21:48:56,294 INFO NetworkManager:<info>  [1578952136.2869] device (enp1s0): state change: prepare -> config (reason 'none', sys-iface-state: 'assume')
21:48:56,294 DEBUG NetworkManager:<debug> [1578952136.2875] rules-manager: sync
21:48:56,294 DEBUG NetworkManager:<debug> [1578952136.2876] firewall: [0xaaaaea8d5990,change:"enp1s0"]: firewall zone change enp1s0:default (waiting to initialize)
21:48:56,294 DEBUG NetworkManager:<debug> [1578952136.2876] device[0xaaaaea9745a0] (enp1s0): activation-stage: complete activate_stage2_device_config,v4 (id 39)
21:48:56,294 DEBUG NetworkManager:<debug> [1578952136.2877] manager: startup complete is waiting for device 'enp1s0' (activation-0xaaaaea9226d0)
21:48:56,295 DEBUG NetworkManager:<debug> [1578952136.2940] ifcfg-rh: dbus: acquired D-Bus service com.redhat.ifcfgrh1 and exported /com/redhat/ifcfgrh1 object
21:48:56,308 DEBUG NetworkManager:<debug> [1578952136.3087] sleep-monitor-sd: inhibit: taking sleep inhibitor...
21:48:56,313 INFO dbus-daemon:[system] Successfully activated service 'org.freedesktop.nm_dispatcher'
21:48:56,316 INFO systemd:Started Network Manager Script Dispatcher Service.
21:48:56,318 DEBUG NetworkManager:<debug> [1578952136.3189] firewall: firewall initialized (not running)
21:48:56,319 DEBUG NetworkManager:<debug> [1578952136.3189] firewall: [0xaaaaea8d5990,change:"enp1s0"]: complete: fake success
21:48:56,319 DEBUG NetworkManager:<debug> [1578952136.3190] device[0xaaaaea9745a0] (enp1s0): activation-stage: schedule activate_stage3_ip_config_start,v4 (id 45)
21:48:56,319 DEBUG NetworkManager:<debug> [1578952136.3191] device[0xaaaaea9745a0] (enp1s0): activation-stage: invoke activate_stage3_ip_config_start,v4 (id 45)
21:48:56,319 DEBUG NetworkManager:<debug> [1578952136.3192] active-connection[0xaaaaea9226d0]: set state-flags layer2-ready,lifetime-bound-to-profile-visibility (was lifetime-bound-to-profile-visibility)
21:48:56,319 INFO NetworkManager:<info>  [1578952136.3194] device (enp1s0): state change: config -> ip-config (reason 'none', sys-iface-state: 'assume')
21:48:56,320 DEBUG NetworkManager:<debug> [1578952136.3201] device[0xaaaaea9745a0] (enp1s0): IPv4 config method is auto
21:48:56,320 DEBUG NetworkManager:<debug> [1578952136.3204] device[0xaaaaea9745a0] (enp1s0): ipv4.dhcp-client-id: no explicit client-id configured
21:48:56,320 DEBUG NetworkManager:<debug> [1578952136.3207] bus-manager: (dhcp) creating private socket unix:path=/run/NetworkManager/private-dhcp
21:48:56,321 INFO nm-dispatcher:req:1 'hostname': new request (3 scripts)
21:48:56,322 DEBUG nm-dispatcher:req:1 'hostname': environment: PATH=/usr/local/sbin:/usr/local/bin:/usr/sbin:/usr/bin
21:48:56,322 DEBUG NetworkManager:<debug> [1578952136.3216] create NMDhcpListener singleton (6fc4f5fa142fde7d)
21:48:56,322 DEBUG nm-dispatcher:req:1 'hostname': environment: NM_DISPATCHER_ACTION=hostname
21:48:56,323 INFO NetworkManager:<info>  [1578952136.3217] dhcp4 (enp1s0): activation: beginning transaction (timeout in 45 seconds)
21:48:56,323 INFO nm-dispatcher:req:1 'hostname': start running ordered scripts...
21:48:56,323 DEBUG NetworkManager:<debug> [1578952136.3217] dhcp4 (enp1s0): creating composite dhclient config /var/lib/NetworkManager/dhclient-enp1s0.conf
21:48:56,323 DEBUG nm-dispatcher:req:1 'hostname', "/etc/NetworkManager/dispatcher.d/04-iscsi": run script
21:48:56,323 DEBUG NetworkManager:<debug> [1578952136.3217] dhcp4 (enp1s0): looking for existing config /etc/NetworkManager/dhclient-4490684f-9c8a-4970-b94c-342a32c915c6.conf
21:48:56,323 DEBUG NetworkManager:<debug> [1578952136.3218] dhcp4 (enp1s0): looking for existing config /etc/NetworkManager/dhclient-enp1s0.conf
21:48:56,324 DEBUG NetworkManager:<debug> [1578952136.3219] dhcp4 (enp1s0): looking for existing config /etc/NetworkManager/dhclient.conf
21:48:56,324 DEBUG NetworkManager:<debug> [1578952136.3219] dhcp4 (enp1s0): looking for existing config /etc/dhcp/dhclient-enp1s0.conf
21:48:56,324 DEBUG NetworkManager:<debug> [1578952136.3226] dhcp4 (enp1s0): looking for existing config /etc/dhclient-enp1s0.conf
21:48:56,324 DEBUG NetworkManager:<debug> [1578952136.3227] dhcp4 (enp1s0): looking for existing config /etc/dhcp/dhclient.conf
21:48:56,324 DEBUG NetworkManager:<debug> [1578952136.3228] dhcp4 (enp1s0): merging existing dhclient config /etc/dhcp/dhclient.conf
21:48:56,324 DEBUG NetworkManager:<debug> [1578952136.3235] dhcp4 (enp1s0): running: /sbin/dhclient -d -q -sf /usr/libexec/nm-dhcp-helper -pf /run/NetworkManager/dhclient-enp1s0.pid -lf /run/NetworkManager/dhclient-4490684f-9c8a-4970-b94c-342a32c915c6-enp1s0.lease -cf /var/lib/NetworkManager/dhclient-enp1s0.conf enp1s0
21:48:56,339 INFO nm-dispatcher:req:2 'connectivity-change': new request (3 scripts)
21:48:56,340 DEBUG nm-dispatcher:req:2 'connectivity-change': environment: CONNECTIVITY_STATE=NONE
21:48:56,340 DEBUG nm-dispatcher:req:2 'connectivity-change': environment: PATH=/usr/local/sbin:/usr/local/bin:/usr/sbin:/usr/bin
21:48:56,340 DEBUG nm-dispatcher:req:2 'connectivity-change': environment: NM_DISPATCHER_ACTION=connectivity-change
21:48:56,342 DEBUG nm-dispatcher:req:1 'hostname', "/etc/NetworkManager/dispatcher.d/04-iscsi": complete
21:48:56,343 DEBUG nm-dispatcher:req:1 'hostname', "/etc/NetworkManager/dispatcher.d/11-dhclient": run script
21:48:56,370 INFO NetworkManager:<info>  [1578952136.3672] dhcp4 (enp1s0): dhclient started with pid 1665
21:48:56,371 DEBUG NetworkManager:<debug> [1578952136.3673] device[0xaaaaea9745a0] (enp1s0): add_pending_action (2): 'dhcp4'
21:48:56,371 DEBUG NetworkManager:<debug> [1578952136.3674] device[0xaaaaea9745a0] (enp1s0): IPv6 config method is auto
21:48:56,371 DEBUG NetworkManager:<debug> [1578952136.3675] platform-linux: sysctl: setting '/proc/sys/net/ipv6/conf/enp1s0/disable_ipv6' to '0' (current value is identical)
21:48:56,371 DEBUG NetworkManager:<debug> [1578952136.3680] platform-linux: sysctl: reading '/proc/sys/net/ipv6/conf/default/use_tempaddr': '0'
21:48:56,371 DEBUG NetworkManager:<debug> [1578952136.3683] platform-linux: sysctl: reading '/proc/sys/net/ipv6/conf/enp1s0/max_addresses': '16'
21:48:56,371 DEBUG NetworkManager:<debug> [1578952136.3684] platform-linux: sysctl: reading '/proc/sys/net/ipv6/conf/enp1s0/router_solicitations': '-1'
21:48:56,372 DEBUG NetworkManager:<debug> [1578952136.3686] platform-linux: sysctl: reading '/proc/sys/net/ipv6/conf/enp1s0/router_solicitation_interval': '4'
21:48:56,372 DEBUG NetworkManager:<debug> [1578952136.3693] device[0xaaaaea9745a0] (enp1s0): addrconf6: using the device EUI-64 identifier
21:48:56,372 DEBUG NetworkManager:<debug> [1578952136.3695] device[0xaaaaea9745a0] (enp1s0): ip6-config: update (commit=1, new-config=0xaaaaea8f4da0)
21:48:56,372 DEBUG NetworkManager:<debug> [1578952136.3695] platform: (enp1s0) address: adding or updating IPv6 address: fe80::5054:ff:fe0c:4742/64 lft forever pref forever lifetime 3-0[4294967295,4294967295] dev 2 flags permanent,noprefixroute src unknown
21:48:56,372 DEBUG NetworkManager:<debug> [1578952136.3697] platform: (enp1s0) signal: address 6 changed: fe80::5054:ff:fe0c:4742/64 lft forever pref forever lifetime 3-0[4294967295,4294967295] dev 2 flags permanent,noprefixroute src kernel
21:48:56,372 DEBUG NetworkManager:<debug> [1578952136.3698] device[0xaaaaea9745a0] (enp1s0): queued IP6 config change
21:48:56,373 DEBUG NetworkManager:<debug> [1578952136.3699] platform: (enp1s0) signal: route   6 removed: fe80::/64 via :: dev 2 metric 256 mss 0 rt-src rt-kernel
21:48:56,373 DEBUG NetworkManager:<debug> [1578952136.3700] platform-linux: do-add-ip6-address[2: fe80::5054:ff:fe0c:4742]: success
21:48:56,373 DEBUG NetworkManager:<debug> [1578952136.3701] platform: (enp1s0) route: append     IPv6 route: fe80::/64 via :: dev 2 metric 256 mss 0 rt-src rt-kernel
21:48:56,373 DEBUG NetworkManager:<debug> [1578952136.3702] platform: (enp1s0) signal: route   6   added: fe80::/64 via :: dev 2 metric 256 mss 0 rt-src rt-kernel
21:48:56,373 DEBUG NetworkManager:<debug> [1578952136.3703] platform-linux: do-add-ip6-route[fe80::/64 via :: dev 2 metric 256 mss 0 rt-src rt-kernel]: success
21:48:56,373 DEBUG NetworkManager:<debug> [1578952136.3704] platform: (enp1s0) route: append     IPv6 route: fe80::/64 via :: dev 2 metric 100 mss 0 rt-src rt-kernel
21:48:56,373 DEBUG NetworkManager:<debug> [1578952136.3705] platform: (enp1s0) signal: route   6   added: fe80::/64 via :: dev 2 metric 100 mss 0 rt-src rt-kernel
21:48:56,374 DEBUG NetworkManager:<debug> [1578952136.3706] platform-linux: do-add-ip6-route[fe80::/64 via :: dev 2 metric 100 mss 0 rt-src rt-kernel]: success
21:48:56,374 DEBUG NetworkManager:<debug> [1578952136.3715] device[0xaaaaea9745a0] (enp1s0): ip6-config: update IP Config instance (/org/freedesktop/NetworkManager/IP6Config/1)
21:48:56,374 DEBUG NetworkManager:<debug> [1578952136.3715] dns-mgr: (device_ip_config_changed): queueing DNS updates (1)
21:48:56,374 DEBUG NetworkManager:<debug> [1578952136.3716] dns-mgr: (device_ip_config_changed): DNS configuration did not change
21:48:56,374 DEBUG NetworkManager:<debug> [1578952136.3716] dns-mgr: (device_ip_config_changed): no DNS changes to commit (0)
21:48:56,374 DEBUG NetworkManager:<debug> [1578952136.3717] platform-linux: sysctl: setting '/proc/sys/net/ipv6/conf/enp1s0/accept_ra' to '1' (current value is identical)
21:48:56,375 DEBUG NetworkManager:<debug> [1578952136.3719] platform-linux: sysctl: setting '/proc/sys/net/ipv6/conf/enp1s0/accept_ra_defrtr' to '0' (current value is '1')
21:48:56,375 DEBUG NetworkManager:<debug> [1578952136.3720] platform-linux: sysctl: setting '/proc/sys/net/ipv6/conf/enp1s0/accept_ra_pinfo' to '0' (current value is '1')
21:48:56,375 DEBUG NetworkManager:<debug> [1578952136.3721] platform-linux: sysctl: setting '/proc/sys/net/ipv6/conf/enp1s0/accept_ra_rtr_pref' to '0' (current value is '1')
21:48:56,375 DEBUG NetworkManager:<debug> [1578952136.3722] ndisc[0xaaaaea914200,"enp1s0"]: starting neighbor discovery: 2
21:48:56,375 DEBUG NetworkManager:<debug> [1578952136.3723] ndisc-lndp[0xaaaaea914200,"enp1s0"]: processing libndp events
21:48:56,375 DEBUG NetworkManager:<debug> [1578952136.3723] ndisc[0xaaaaea914200,"enp1s0"]: scheduling RA timeout in 30 seconds
21:48:56,376 DEBUG NetworkManager:<debug> [1578952136.3724] ndisc[0xaaaaea914200,"enp1s0"]: scheduling explicit router solicitation request in 0 seconds.
21:48:56,376 DEBUG NetworkManager:<debug> [1578952136.3724] device[0xaaaaea9745a0] (enp1s0): activation-stage: complete activate_stage3_ip_config_start,v4 (id 45)
21:48:56,376 DEBUG NetworkManager:<debug> [1578952136.3725] sleep-monitor-sd: inhibit: inhibitor fd is 21
21:48:56,376 DEBUG NetworkManager:<debug> [1578952136.3727] ndisc[0xaaaaea914200,"enp1s0"]: router solicitation sent
21:48:56,376 DEBUG NetworkManager:<debug> [1578952136.3728] ndisc[0xaaaaea914200,"enp1s0"]: scheduling router solicitation retry in 4 seconds.
21:48:56,378 DEBUG NetworkManager:<debug> [1578952136.3731] device[0xaaaaea9745a0] (enp1s0): ip6-config: update (commit=0, new-config=0xaaaaea8f5220)
21:48:56,379 DEBUG NetworkManager:<debug> [1578952136.3740] device[0xaaaaea9745a0] (enp1s0): ip6-config: update IP Config instance (/org/freedesktop/NetworkManager/IP6Config/1)
21:48:56,379 DEBUG NetworkManager:<debug> [1578952136.3741] dns-mgr: (device_ip_config_changed): queueing DNS updates (1)
21:48:56,379 DEBUG NetworkManager:<debug> [1578952136.3741] dns-mgr: (device_ip_config_changed): DNS configuration did not change
21:48:56,379 DEBUG NetworkManager:<debug> [1578952136.3742] dns-mgr: (device_ip_config_changed): no DNS changes to commit (0)
21:48:56,382 DEBUG nm-dispatcher:req:1 'hostname', "/etc/NetworkManager/dispatcher.d/11-dhclient": complete
21:48:56,382 DEBUG nm-dispatcher:req:1 'hostname', "/etc/NetworkManager/dispatcher.d/20-chrony": run script
21:48:56,411 DEBUG nm-dispatcher:req:1 'hostname', "/etc/NetworkManager/dispatcher.d/20-chrony": complete
21:48:56,411 DEBUG nm-dispatcher:req:1 'hostname': completed (3 scripts)
21:48:56,411 INFO nm-dispatcher:req:2 'connectivity-change': start running ordered scripts...
21:48:56,411 DEBUG nm-dispatcher:req:2 'connectivity-change', "/etc/NetworkManager/dispatcher.d/04-iscsi": run script
21:48:56,412 DEBUG NetworkManager:<debug> [1578952136.4128] dispatcher: (1) /etc/NetworkManager/dispatcher.d/04-iscsi succeeded
21:48:56,413 DEBUG NetworkManager:<debug> [1578952136.4129] dispatcher: (1) /etc/NetworkManager/dispatcher.d/11-dhclient succeeded
21:48:56,413 DEBUG NetworkManager:<debug> [1578952136.4129] dispatcher: (1) /etc/NetworkManager/dispatcher.d/20-chrony succeeded
21:48:56,497 DEBUG nm-dispatcher:req:2 'connectivity-change', "/etc/NetworkManager/dispatcher.d/04-iscsi": complete
21:48:56,497 DEBUG nm-dispatcher:req:2 'connectivity-change', "/etc/NetworkManager/dispatcher.d/11-dhclient": run script
21:48:56,540 DEBUG nm-dispatcher:req:2 'connectivity-change', "/etc/NetworkManager/dispatcher.d/11-dhclient": complete
21:48:56,540 DEBUG nm-dispatcher:req:2 'connectivity-change', "/etc/NetworkManager/dispatcher.d/20-chrony": run script
21:48:56,570 DEBUG nm-dispatcher:req:2 'connectivity-change', "/etc/NetworkManager/dispatcher.d/20-chrony": complete
21:48:56,570 DEBUG nm-dispatcher:req:2 'connectivity-change': completed (3 scripts)
21:48:56,571 DEBUG NetworkManager:<debug> [1578952136.5711] dispatcher: (2) /etc/NetworkManager/dispatcher.d/04-iscsi succeeded
21:48:56,571 DEBUG NetworkManager:<debug> [1578952136.5712] dispatcher: (2) /etc/NetworkManager/dispatcher.d/11-dhclient succeeded
21:48:56,571 DEBUG NetworkManager:<debug> [1578952136.5712] dispatcher: (2) /etc/NetworkManager/dispatcher.d/20-chrony succeeded
21:48:56,588 DEBUG NetworkManager:<debug> [1578952136.5882] bus-manager: (dhcp) accepted connection 0xaaaaea8e0610 on private socket
21:48:56,597 DEBUG NetworkManager:<debug> [1578952136.5973] dhcp4 (enp1s0): unmapped DHCP state 'PREINIT'
21:48:56,597 DEBUG NetworkManager:<debug> [1578952136.5974] dhcp4 (enp1s0): DHCP state 'unknown' -> 'unknown' (reason: 'PREINIT')
21:48:56,618 DEBUG NetworkManager:<debug> [1578952136.6180] bus-manager: (dhcp) closed connection 0xaaaaea8e0610 on private socket
21:48:56,667 INFO dhclient:DHCPREQUEST on enp1s0 to 255.255.255.255 port 67 (xid=0x17408d1a)
21:48:56,668 INFO dhclient:DHCPACK from 192.168.122.1 (xid=0x17408d1a)
21:48:56,728 DEBUG NetworkManager:<debug> [1578952136.7279] bus-manager: (dhcp) accepted connection 0xaaaaea8e0710 on private socket
21:48:56,748 DEBUG NetworkManager:<debug> [1578952136.7481] dhcp4 (enp1s0): DHCP state 'unknown' -> 'bound' (reason: 'REBOOT')
21:48:56,748 DEBUG NetworkManager:<debug> [1578952136.7486] dhcp4 (enp1s0): option 'requested_classless_static_routes'=>'1'
21:48:56,748 DEBUG NetworkManager:<debug> [1578952136.7486] dhcp4 (enp1s0): option 'requested_broadcast_address'=>'1'
21:48:56,749 DEBUG NetworkManager:<debug> [1578952136.7487] dhcp4 (enp1s0): option 'requested_subnet_mask'=>'1'
21:48:56,749 DEBUG NetworkManager:<debug> [1578952136.7487] dhcp4 (enp1s0): option 'requested_ntp_servers'=>'1'
21:48:56,749 DEBUG NetworkManager:<debug> [1578952136.7487] dhcp4 (enp1s0): option 'next_server'=>'192.168.122.1'
21:48:56,749 DEBUG NetworkManager:<debug> [1578952136.7488] dhcp4 (enp1s0): option 'requested_rfc3442_classless_static_routes'=>'1'
21:48:56,749 DEBUG NetworkManager:<debug> [1578952136.7488] dhcp4 (enp1s0): option 'requested_nis_servers'=>'1'
21:48:56,749 DEBUG NetworkManager:<debug> [1578952136.7488] dhcp4 (enp1s0): option 'expiry'=>'1578955736'
21:48:56,749 DEBUG NetworkManager:<debug> [1578952136.7488] dhcp4 (enp1s0): option 'ip_address'=>'192.168.122.154'
21:48:56,750 DEBUG NetworkManager:<debug> [1578952136.7489] dhcp4 (enp1s0): option 'requested_domain_name_servers'=>'1'
21:48:56,750 DEBUG NetworkManager:<debug> [1578952136.7489] dhcp4 (enp1s0): option 'requested_time_offset'=>'1'
21:48:56,750 DEBUG NetworkManager:<debug> [1578952136.7489] dhcp4 (enp1s0): option 'domain_name_servers'=>'192.168.122.1'
21:48:56,750 DEBUG NetworkManager:<debug> [1578952136.7489] dhcp4 (enp1s0): option 'requested_routers'=>'1'
21:48:56,750 DEBUG NetworkManager:<debug> [1578952136.7490] dhcp4 (enp1s0): option 'requested_domain_name'=>'1'
21:48:56,750 DEBUG NetworkManager:<debug> [1578952136.7490] dhcp4 (enp1s0): option 'network_number'=>'192.168.122.0'
